
 Start  Stop   Length Name               Class

 00000H 04B8CH 04B8DH _TEXT              CODE
 04B8DH 05609H 00A7DH C2_TEXT            CODE
 0560AH 05C3BH 00632H MOVIEOBJ_TEXT      CODE
 05C3CH 06149H 0050EH IMAGE_TEXT         CODE
 0614AH 06250H 00107H RESPONSE_TEXT      CODE
 06251H 06293H 00043H ERROR_TEXT         CODE
 06294H 06366H 000D3H TIMER_TEXT         CODE
 06367H 06418H 000B2H INPUT_TEXT         CODE
 06419H 06BAFH 00797H VIDEO_TEXT         CODE
 06BB0H 089E2H 01E33H BGIFNT_TEXT        CODE
 089E4H 08EE9H 00506H xmsif1_TEXT        CODE
 08EEAH 09103H 0021AH GUBS_TEXT          CODE
 09104H 0A3B5H 012B2H EXPTLIB_TEXT       CODE
 0A3C0H 0CB36H 02777H EMU_PROG           CODE
 0CB40H 0D107H 005C8H E87_PROG           CODE
 0D110H 0D110H 00000H _FARDATA           FAR_DATA
 0D110H 0D110H 00000H _FARBSS            FAR_BSS
 0D110H 0D110H 00000H _OVERLAY_          OVRINFO
 0D110H 0D110H 00000H _1STUB_            STUBSEG
 0D110H 0F591H 02482H _DATA              DATA
 0F592H 0F595H 00004H _CVTSEG            DATA
 0F596H 0F5A1H 0000CH _SCNSEG            DATA
 0F5A2H 0F5A2H 00000H _CONST             CONST
 0F5A2H 0F5BFH 0001EH _INIT_             INITDATA
 0F5C0H 0F5C0H 00000H _INITEND_          INITDATA
 0F5C0H 0F5C5H 00006H _EXIT_             EXITDATA
 0F5C6H 0F5C6H 00000H _EXITEND_          EXITDATA
 0F5C6H 0FC4BH 00686H _BSS               BSS
 0FC4CH 0FC4CH 00000H _BSSEND            BSSEND
 0FC50H 0FD5FH 00110H _STACK             STACK

  Address         Publics by Name

 0D11:0000       DATASEG@
 0000:0260       DGROUP@
 0A3C:2152       e086_Entry
 0A3C:26E0       e086_Shortcut
 0CB4:0306       e087_Entry
 0CB4:03C6       e087_Shortcut
 0CB4:0430       e087_Trap
 0000:FE32  Abs  FIARQQ
 0000:0E32  Abs  FICRQQ
 0000:5C32  Abs  FIDRQQ
 0000:1632  Abs  FIERQQ
 0000:0632  Abs  FISRQQ
 0000:A23D  Abs  FIWRQQ
 0000:4000  Abs  FJARQQ
 0000:C000  Abs  FJCRQQ
 0000:8000  Abs  FJSRQQ
 0000:1073       FTOL@
 0000:1073       F_FTOL@
 0000:1218       F_LDIV@
 0000:1227       F_LMOD@
 0000:121F       F_LUDIV@
 0000:122F       F_LUMOD@
 0000:12C6       F_LXLSH@
 0000:119C       F_LXMUL@
 0000:12E7       F_PADA@
 0000:136F       F_PADD@
 0000:132B       F_PSBA@
 0000:139E       F_PSUB@
 0000:11B3       F_SCOPY@
 0000:13D2       F_SPUSH@
 0000:1218       LDIV@
 0000:1227       LMOD@
 0000:121F       LUDIV@
 0000:122F       LUMOD@
 0000:12C6       LXLSH@
 0000:119C       LXMUL@
 0000:1215       N_LDIV@
 0000:1224       N_LMOD@
 0000:121C       N_LUDIV@
 0000:122C       N_LUMOD@
 0000:12C3       N_LXLSH@
 0000:15CE       N_LXMUL@
 0000:12E4       N_PADA@
 0000:136C       N_PADD@
 0000:15E5       N_PCMP@
 0000:1328       N_PSBA@
 0000:139B       N_PSUB@
 0000:13CC       N_SPUSH@
 0000:12E7       PADA@
 0000:136F       PADD@
 0000:132B       PSBA@
 0000:139E       PSUB@
 0000:11B3       SCOPY@
 0000:13D2       SPUSH@
 0D11:1B5B       XMMentry
 0D11:1B5F       XMMinit
 0000:0249       _abort
 0641:0676       _addColor
 0910:0AC4       _assign
 0000:109F       _atexit
 0000:2DFC       _atoi
 0000:2D87       _atol
 0910:1237       _audio
 06BB:01E4       _bgi_closefont
 06BB:0221       _bgi_deletefont
 06BB:024E       _bgi_fontpath
 06BB:0266       _bgi_getbasecharsize
 06BB:02AF       _bgi_gettextsettings
 06BB:02E5       _bgi_installuserfont
 06BB:0355       _bgi_outtext
 06BB:08CF       _bgi_outtextxy
 06BB:0918       _bgi_registerbgifont
 06BB:0961       _bgi_registerfarbgifont
 06BB:09AD       _bgi_settextjustify
 06BB:09DA       _bgi_settextstyle
 06BB:0C31       _bgi_setusercharsize
 06BB:0CF2       _bgi_textheight
 06BB:0D32       _bgi_textwidth
 0000:23F4       _bioskey
 06BB:01BC       _blobcopy
 0D11:00F8       _blockstimnums
 0D11:0148       _blocktypeschunk
 0D11:01A2       _blocktypesnochunk
 0D11:00C0       _blocktypestims
 0D11:1BA0       _bound_maxx
 0D11:1BA4       _bound_maxy
 0D11:1B9E       _bound_minx
 0D11:1BA2       _bound_miny
 0000:2419       _calloc
 0614:007B       _checkResponse
 0560:01F8       _CleanupMoviePackage
 0641:03AA       _clearScreen
 0000:2E2A       _close
 0000:1023       _cos
 0D11:0ABE       _cos_table
 0D11:2474       _daylight
 06BB:11C5       _decodeCHRstroke
 0000:24D3       _delay
 0910:0B2B       _distribute
 0000:42A5       _dostounix
 05C3:012E       _downloadImage
 0D11:0516       _do_bold
 0D11:0518       _do_italics
 0D11:0514       _do_underline
 0D11:051C       _do_usebkcolor
 0D11:051A       _do_uselinestyle
 06BB:1218       _drawCHRchar
 06BB:1BB7       _drawGEMchar
 0641:0031       _drawPicture
 06BB:16F4       _drawROMchar
 05C3:0188       _drawText
 0D11:2438       _environ
 0000:2E70       _eof
 0D11:007F       _errno
 0625:0001       _error
 0000:1161       _exit
 0000:04BC       _fabs
 0000:2AA9       _farcalloc
 0000:2674       _farfree
 0000:2788       _farmalloc
 0000:28EC       _farrealloc
 0000:2EE7       _fclose
 0000:2F92       _fflush
 0000:3731       _fgetc
 0000:381F       _fgetchar
 0000:305F       _fgets
 0641:06AD       _findColor
 0000:30FB       _flushall
 0636:0007       _FlushKeyBuf
 0D11:109C       _font_data
 0D11:1426       _font_list
 0D11:0484       _font_path
 0D11:1066       _font_scale
 0000:3312       _fopen
 0000:3347       _fprintf
 0000:3BA8       _fputc
 0000:3D3B       _fputchar
 0000:3457       _fread
 0000:2674       _free
 0614:0057       _freeResponse
 0000:34E5       _fscanf
 0000:358B       _fseek
 0000:360B       _ftell
 0910:0BD8       _gaussdev
 0910:0F82       _gen_init
 08EE:003C       _getbkcolor
 08EE:0032       _getcolor
 0000:11CF       _getdate
 0000:382B       _getenv
 0636:0043       _GetKey
 08EE:000A       _getlinesettings
 0000:389B       _gets
 0636:008C       _GetStick
 0000:11E2       _gettime
 0000:11F5       _getvect
 08EE:001E       _getx
 08EE:0028       _gety
 05C3:000C       _goImages
 04B8:0870       _hline
 0560:0222       _initMovie
 0614:000A       _initResponse
 0629:0060       _InitTimer
 0629:0038       _InstallTimer
 0000:2B39       _int86
 0000:2B6A       _int86x
 0000:2C03       _intr
 0000:2CA7       _ioctl
 0000:143E       _isatty
 0636:0053       _KeyPress
 0636:0025       _KeyWaiting
 05C3:008B       _killImages
 0D11:010E       _lengthnarrow
 0D11:0100       _lengthwide
 08EE:0014       _line
 08EE:0019       _lineto
 06BB:0E95       _loadCHRfont
 06BB:1908       _loadGEMfont
 05C3:01D0       _loadImage
 06BB:13D7       _loadROMfont
 0000:0EFE       _log
 0000:14F1       _lseek
 04B8:000D       _main
 0641:06FE       _makePalette
 0000:277E       _malloc
 0000:0E42       _matherr
 0000:391F       _memcpy
 0000:3967       _memset
 08EE:0045       _moveto
 0629:0004       _msISR
 05C3:00BD       _newImage
 0000:2D80       _nosound
 0D11:0174       _numtrialschunk
 0D11:01CE       _numtrialsnochunk
 0000:39B3       _open
 06BB:00F1       _openfontfile
 0000:162A       _outp
 0000:1606       _outport
 0000:1612       _outportb
 0000:161E       _outpw
 0D11:270A       _Palette
 0641:066C       _paletteSize
 0D11:26B6       _picBuf
 0000:0E37       _pow10
 0000:3B71       _printf
 0910:08F5       _putcheckerbox
 0910:0600       _putcircle
 0910:0107       _putcircle5
 0910:09DE       _putcross
 0910:0A92       _puthline
 08EE:00CF       _putpixel
 0910:07D0       _putrandombox
 0910:0511       _putrectangle
 0910:0299       _putslopeline
 0910:042C       _putsquare
 0910:0004       _putsquare3
 0910:01CA       _puttriangle
 0910:005B       _puttriangle3
 0910:0A60       _putvline
 0910:0CA9       _ran2
 0910:0B93       _randint
 0641:05C2       _readPalette
 0000:28E5       _realloc
 08EE:0061       _resetbounds
 0614:00E8       _responseReady
 0641:048D       _Retrace
 06BB:0000       _rotatexy
 0560:02A4       _runMovie
 05C3:02A7       _saveImage
 0000:1D22       _segread
 0000:2CE0       _setblock
 08EE:0056       _setcolor
 0000:1D42       _setdate
 08EE:0075       _SetGubs
 08EE:000F       _setlinestyle
 0000:3943       _setmem
 0560:0266       _setMovie
 0641:049D       _setPalette
 0641:0009       _setPicSettings
 04B8:08EC       _setstim
 0000:1D57       _settime
 0560:000A       _SetupMoviePackage
 0000:401F       _setvbuf
 0000:1204       _setvect
 0641:0371       _setVideoMode
 0000:0EAE       _sin
 0D11:051E       _sin_table
 0000:2D54       _sound
 0000:417A       _sprintf
 0000:0E6C       _sqrt
 0000:1E22       _stime
 0000:41BD       _strcat
 0000:41FC       _strcmp
 0000:422C       _strcpy
 0000:4255       _strlen
 0000:4274       _strncpy
 0629:00AD       _SwitchTimer
 0D11:0094       _tasktypes
 0000:1EBA       _tell
 0D11:1092       _textinfo
 0910:1163       _thankyou
 0000:1E62       _time
 0D11:26BE       _Timer
 0D11:2470       _timezone
 0D11:011C       _trialsperblockchunk
 0D11:0176       _trialsperblocknochunk
 0D11:2468       _tzname
 0000:45D3       _tzset
 0000:48A1       _ungetc
 0000:43CF       _unixtodos
 0000:1ED2       _unlink
 06BB:11AA       _unloadCHRfont
 06BB:1B8D       _unloadGEMfont
 06BB:16CA       _unloadROMfont
 05C3:015B       _uploadImage
 0D11:105E       _userxscale
 0D11:1062       _useryscale
 04B8:0827       _vhline
 0000:490C       _vprintf
 0000:419C       _vsprintf
 0629:0087       _Wait
 0641:0527       _writePalette
 0910:06E1       _writeppm
 089E:00BB       _XMMallcoreleft
 089E:0103       _XMMalloc
 089E:0075       _XMMcoreleft
 089E:01BC       _XMMfree
 089E:0041       _XMMgetversion
 089E:0004       _XMMlibinit
 089E:015E       _XMMrealloc
 0D11:1B49       _xmsif_vers_date
 0D11:1B52       _xmsif_vers_time
 0D11:1B27       _xmsif_vers_vers
 0D11:1DF0       __8087
 0000:1000  Abs  __AHINCR
 0000:000C  Abs  __AHSHIFT
 0D11:1FE0       __atexitcnt
 0D11:2A9E       __atexittbl
 0000:29DC       __brk
 0D11:008B       __brklvl
 0D11:006B       __C0argc
 0D11:006D       __C0argv
 0D11:0071       __C0environ
 0000:1182       __cexit
 0000:0167       __checknull
 0000:2E0D       __chmod
 0000:0154       __cleanup
 0000:2E52       __close
 0D11:1FE2       __ctype
 0000:0000  Abs  __cvtfak
 0000:1190       __c_exit
 0D11:1E04       __default87
 0D11:22B0       __doserrno
 0000:142C       __DOSERROR
 0D11:22B2       __dosErrorToSV
 0000:10CC       __dos_getfileattr
 0000:10EC       __dos_setfileattr
 0FC5:0000       __emu
 0D11:0075       __envLng
 0D11:0077       __envseg
 0D11:0079       __envSize
 0000:1170       __exit
 0D11:20E4       __exitbuf
 0D11:20E8       __exitfopen
 0D11:20EC       __exitopen
 0000:3719       __fgetc
 0000:8087  Abs  __floatconvert
 0000:4B26       __fmemcpy
 0000:4B6E       __fmemset
 0D11:22AA       __fmode
 0000:0CBF       __fperror
 0D11:22AE       __fpstklen
 0000:04B8       __fpuint
 0000:3B8C       __fputc
 0000:3D4F       __FPUTN
 0000:4B4A       __fsetmem
 0000:32C8       __GETFP
 0D11:0087       __heapbase
 0D11:008F       __heaptop
 0D11:1E0A       __huge_dble
 0D11:1E06       __huge_flt
 0D11:1E12       __huge_ldble
 0D11:1E1C       __indefinite
 0D11:005B       __Int0Vector
 0D11:005F       __Int4Vector
 0D11:0063       __Int5Vector
 0D11:0067       __Int6Vector
 0000:13F3       __IOERROR
 0000:47BF       __ISDST
 0D11:1E01       __LDT
 0000:04CB       __LDTRUNC
 0000:144F       __LONGTOA
 0000:0F7A       __matherr
 0D11:1E2A       __mathwhy
 0000:151A       __MKNAME
 0000:0262       __MMODEL
 0D11:244E       __monthDay
 0000:372E       __Nfgetc
 0D11:2280       __nfile
 0D11:22AC       __notUmask
 0000:489E       __Nungetc
 0000:3B22       __open
 0D11:2282       __openfd
 0000:31F9       __OPENFP
 0D11:007D       __osmajor
 0D11:007E       __osminor
 0D11:007D       __osversion
 0000:0D6E       __POW10
 0D11:1E00       __protected
 0D11:007B       __psp
 0000:1638       __read
 0000:2CD0       __REALCVT
 0D11:2482       __RealCvtVector
 0000:01BD       __restorezero
 0000:2A1B       __sbrk
 0000:1667       __scanner
 0000:2CDC       __scanpop
 0000:2CD8       __scanrslt
 0000:2CD4       __scantod
 0D11:2486       __ScanTodVector
 0000:1B80       __scantol
 0000:0000  Abs  __setenvp__
 0000:1D6C       __setupio
 0D11:0081       __StartTime
 0D11:2396       __stklen
 0000:23C0       __stpcpy
 0D11:20F0       __streams
 0000:0168       __terminate
 0D11:1E20       __tiny_ldble
 0000:1577       __TMPNAM
 0000:0000  Abs  __turboCvt
 0000:8087  Abs  __turboFloat
 0000:14D1       __UTOA
 0D11:007D       __version
 0000:1F02       __VPRINTER
 0000:4A75       __write
 0000:0AB7       __XCVT
 0000:4AB1       __xfclose
 0000:4AEE       __xfflush
 089E:01F1       __XMMcopy
 0D11:1B24       __XMMerror
 089E:0399       __XMMicopy
 0D11:1B25       __XMMversion
 0D11:0085       ___brklvl
 0000:2534       ___first
 0000:03D1       ___fpreset
 0000:2536       ___last
 0000:3F4E       ___read
 0000:2538       ___rover
 0D11:2B2C       ___SignalPtr
 0000:4926       ___write

  Address         Publics by Value

 0000:0000  Abs  __turboCvt
 0000:0000  Abs  __cvtfak
 0000:0000  Abs  __setenvp__
 0000:000C  Abs  __AHSHIFT
 0000:0632  Abs  FISRQQ
 0000:0E32  Abs  FICRQQ
 0000:1000  Abs  __AHINCR
 0000:1632  Abs  FIERQQ
 0000:4000  Abs  FJARQQ
 0000:5C32  Abs  FIDRQQ
 0000:8000  Abs  FJSRQQ
 0000:8087  Abs  __turboFloat
 0000:8087  Abs  __floatconvert
 0000:A23D  Abs  FIWRQQ
 0000:C000  Abs  FJCRQQ
 0000:FE32  Abs  FIARQQ
 0000:0154       __cleanup
 0000:0167       __checknull
 0000:0168       __terminate
 0000:01BD       __restorezero
 0000:0249       _abort
 0000:0260       DGROUP@
 0000:0262       __MMODEL
 0000:03D1       ___fpreset
 0000:04B8       __fpuint
 0000:04BC       _fabs
 0000:04CB       __LDTRUNC
 0000:0AB7       __XCVT
 0000:0CBF       __fperror
 0000:0D6E       __POW10
 0000:0E37       _pow10
 0000:0E42       _matherr
 0000:0E6C       _sqrt
 0000:0EAE       _sin
 0000:0EFE       _log
 0000:0F7A       __matherr
 0000:1023       _cos
 0000:1073       F_FTOL@
 0000:1073       FTOL@
 0000:109F       _atexit
 0000:10CC       __dos_getfileattr
 0000:10EC       __dos_setfileattr
 0000:1161       _exit
 0000:1170       __exit
 0000:1182       __cexit
 0000:1190       __c_exit
 0000:119C       F_LXMUL@
 0000:119C       LXMUL@
 0000:11B3       F_SCOPY@
 0000:11B3       SCOPY@
 0000:11CF       _getdate
 0000:11E2       _gettime
 0000:11F5       _getvect
 0000:1204       _setvect
 0000:1215       N_LDIV@
 0000:1218       F_LDIV@
 0000:1218       LDIV@
 0000:121C       N_LUDIV@
 0000:121F       F_LUDIV@
 0000:121F       LUDIV@
 0000:1224       N_LMOD@
 0000:1227       F_LMOD@
 0000:1227       LMOD@
 0000:122C       N_LUMOD@
 0000:122F       LUMOD@
 0000:122F       F_LUMOD@
 0000:12C3       N_LXLSH@
 0000:12C6       LXLSH@
 0000:12C6       F_LXLSH@
 0000:12E4       N_PADA@
 0000:12E7       F_PADA@
 0000:12E7       PADA@
 0000:1328       N_PSBA@
 0000:132B       PSBA@
 0000:132B       F_PSBA@
 0000:136C       N_PADD@
 0000:136F       F_PADD@
 0000:136F       PADD@
 0000:139B       N_PSUB@
 0000:139E       F_PSUB@
 0000:139E       PSUB@
 0000:13CC       N_SPUSH@
 0000:13D2       F_SPUSH@
 0000:13D2       SPUSH@
 0000:13F3       __IOERROR
 0000:142C       __DOSERROR
 0000:143E       _isatty
 0000:144F       __LONGTOA
 0000:14D1       __UTOA
 0000:14F1       _lseek
 0000:151A       __MKNAME
 0000:1577       __TMPNAM
 0000:15CE       N_LXMUL@
 0000:15E5       N_PCMP@
 0000:1606       _outport
 0000:1612       _outportb
 0000:161E       _outpw
 0000:162A       _outp
 0000:1638       __read
 0000:1667       __scanner
 0000:1B80       __scantol
 0000:1D22       _segread
 0000:1D42       _setdate
 0000:1D57       _settime
 0000:1D6C       __setupio
 0000:1E22       _stime
 0000:1E62       _time
 0000:1EBA       _tell
 0000:1ED2       _unlink
 0000:1F02       __VPRINTER
 0000:23C0       __stpcpy
 0000:23F4       _bioskey
 0000:2419       _calloc
 0000:24D3       _delay
 0000:2534       ___first
 0000:2536       ___last
 0000:2538       ___rover
 0000:2674       _farfree
 0000:2674       _free
 0000:277E       _malloc
 0000:2788       _farmalloc
 0000:28E5       _realloc
 0000:28EC       _farrealloc
 0000:29DC       __brk
 0000:2A1B       __sbrk
 0000:2AA9       _farcalloc
 0000:2B39       _int86
 0000:2B6A       _int86x
 0000:2C03       _intr
 0000:2CA7       _ioctl
 0000:2CD0       __REALCVT
 0000:2CD4       __scantod
 0000:2CD8       __scanrslt
 0000:2CDC       __scanpop
 0000:2CE0       _setblock
 0000:2D54       _sound
 0000:2D80       _nosound
 0000:2D87       _atol
 0000:2DFC       _atoi
 0000:2E0D       __chmod
 0000:2E2A       _close
 0000:2E52       __close
 0000:2E70       _eof
 0000:2EE7       _fclose
 0000:2F92       _fflush
 0000:305F       _fgets
 0000:30FB       _flushall
 0000:31F9       __OPENFP
 0000:32C8       __GETFP
 0000:3312       _fopen
 0000:3347       _fprintf
 0000:3457       _fread
 0000:34E5       _fscanf
 0000:358B       _fseek
 0000:360B       _ftell
 0000:3719       __fgetc
 0000:372E       __Nfgetc
 0000:3731       _fgetc
 0000:381F       _fgetchar
 0000:382B       _getenv
 0000:389B       _gets
 0000:391F       _memcpy
 0000:3943       _setmem
 0000:3967       _memset
 0000:39B3       _open
 0000:3B22       __open
 0000:3B71       _printf
 0000:3B8C       __fputc
 0000:3BA8       _fputc
 0000:3D3B       _fputchar
 0000:3D4F       __FPUTN
 0000:3F4E       ___read
 0000:401F       _setvbuf
 0000:417A       _sprintf
 0000:419C       _vsprintf
 0000:41BD       _strcat
 0000:41FC       _strcmp
 0000:422C       _strcpy
 0000:4255       _strlen
 0000:4274       _strncpy
 0000:42A5       _dostounix
 0000:43CF       _unixtodos
 0000:45D3       _tzset
 0000:47BF       __ISDST
 0000:489E       __Nungetc
 0000:48A1       _ungetc
 0000:490C       _vprintf
 0000:4926       ___write
 0000:4A75       __write
 0000:4AB1       __xfclose
 0000:4AEE       __xfflush
 0000:4B26       __fmemcpy
 0000:4B4A       __fsetmem
 0000:4B6E       __fmemset
 04B8:000D       _main
 04B8:0827       _vhline
 04B8:0870       _hline
 04B8:08EC       _setstim
 0560:000A       _SetupMoviePackage
 0560:01F8       _CleanupMoviePackage
 0560:0222       _initMovie
 0560:0266       _setMovie
 0560:02A4       _runMovie
 05C3:000C       _goImages
 05C3:008B       _killImages
 05C3:00BD       _newImage
 05C3:012E       _downloadImage
 05C3:015B       _uploadImage
 05C3:0188       _drawText
 05C3:01D0       _loadImage
 05C3:02A7       _saveImage
 0614:000A       _initResponse
 0614:0057       _freeResponse
 0614:007B       _checkResponse
 0614:00E8       _responseReady
 0625:0001       _error
 0629:0004       _msISR
 0629:0038       _InstallTimer
 0629:0060       _InitTimer
 0629:0087       _Wait
 0629:00AD       _SwitchTimer
 0636:0007       _FlushKeyBuf
 0636:0025       _KeyWaiting
 0636:0043       _GetKey
 0636:0053       _KeyPress
 0636:008C       _GetStick
 0641:0009       _setPicSettings
 0641:0031       _drawPicture
 0641:0371       _setVideoMode
 0641:03AA       _clearScreen
 0641:048D       _Retrace
 0641:049D       _setPalette
 0641:0527       _writePalette
 0641:05C2       _readPalette
 0641:066C       _paletteSize
 0641:0676       _addColor
 0641:06AD       _findColor
 0641:06FE       _makePalette
 06BB:0000       _rotatexy
 06BB:00F1       _openfontfile
 06BB:01BC       _blobcopy
 06BB:01E4       _bgi_closefont
 06BB:0221       _bgi_deletefont
 06BB:024E       _bgi_fontpath
 06BB:0266       _bgi_getbasecharsize
 06BB:02AF       _bgi_gettextsettings
 06BB:02E5       _bgi_installuserfont
 06BB:0355       _bgi_outtext
 06BB:08CF       _bgi_outtextxy
 06BB:0918       _bgi_registerbgifont
 06BB:0961       _bgi_registerfarbgifont
 06BB:09AD       _bgi_settextjustify
 06BB:09DA       _bgi_settextstyle
 06BB:0C31       _bgi_setusercharsize
 06BB:0CF2       _bgi_textheight
 06BB:0D32       _bgi_textwidth
 06BB:0E95       _loadCHRfont
 06BB:11AA       _unloadCHRfont
 06BB:11C5       _decodeCHRstroke
 06BB:1218       _drawCHRchar
 06BB:13D7       _loadROMfont
 06BB:16CA       _unloadROMfont
 06BB:16F4       _drawROMchar
 06BB:1908       _loadGEMfont
 06BB:1B8D       _unloadGEMfont
 06BB:1BB7       _drawGEMchar
 089E:0004       _XMMlibinit
 089E:0041       _XMMgetversion
 089E:0075       _XMMcoreleft
 089E:00BB       _XMMallcoreleft
 089E:0103       _XMMalloc
 089E:015E       _XMMrealloc
 089E:01BC       _XMMfree
 089E:01F1       __XMMcopy
 089E:0399       __XMMicopy
 08EE:000A       _getlinesettings
 08EE:000F       _setlinestyle
 08EE:0014       _line
 08EE:0019       _lineto
 08EE:001E       _getx
 08EE:0028       _gety
 08EE:0032       _getcolor
 08EE:003C       _getbkcolor
 08EE:0045       _moveto
 08EE:0056       _setcolor
 08EE:0061       _resetbounds
 08EE:0075       _SetGubs
 08EE:00CF       _putpixel
 0910:0004       _putsquare3
 0910:005B       _puttriangle3
 0910:0107       _putcircle5
 0910:01CA       _puttriangle
 0910:0299       _putslopeline
 0910:042C       _putsquare
 0910:0511       _putrectangle
 0910:0600       _putcircle
 0910:06E1       _writeppm
 0910:07D0       _putrandombox
 0910:08F5       _putcheckerbox
 0910:09DE       _putcross
 0910:0A60       _putvline
 0910:0A92       _puthline
 0910:0AC4       _assign
 0910:0B2B       _distribute
 0910:0B93       _randint
 0910:0BD8       _gaussdev
 0910:0CA9       _ran2
 0910:0F82       _gen_init
 0910:1163       _thankyou
 0910:1237       _audio
 0A3C:2152       e086_Entry
 0A3C:26E0       e086_Shortcut
 0CB4:0306       e087_Entry
 0CB4:03C6       e087_Shortcut
 0CB4:0430       e087_Trap
 0D11:0000       DATASEG@
 0D11:005B       __Int0Vector
 0D11:005F       __Int4Vector
 0D11:0063       __Int5Vector
 0D11:0067       __Int6Vector
 0D11:006B       __C0argc
 0D11:006D       __C0argv
 0D11:0071       __C0environ
 0D11:0075       __envLng
 0D11:0077       __envseg
 0D11:0079       __envSize
 0D11:007B       __psp
 0D11:007D       __osversion
 0D11:007D       __osmajor
 0D11:007D       __version
 0D11:007E       __osminor
 0D11:007F       _errno
 0D11:0081       __StartTime
 0D11:0085       ___brklvl
 0D11:0087       __heapbase
 0D11:008B       __brklvl
 0D11:008F       __heaptop
 0D11:0094       _tasktypes
 0D11:00C0       _blocktypestims
 0D11:00F8       _blockstimnums
 0D11:0100       _lengthwide
 0D11:010E       _lengthnarrow
 0D11:011C       _trialsperblockchunk
 0D11:0148       _blocktypeschunk
 0D11:0174       _numtrialschunk
 0D11:0176       _trialsperblocknochunk
 0D11:01A2       _blocktypesnochunk
 0D11:01CE       _numtrialsnochunk
 0D11:0484       _font_path
 0D11:0514       _do_underline
 0D11:0516       _do_bold
 0D11:0518       _do_italics
 0D11:051A       _do_uselinestyle
 0D11:051C       _do_usebkcolor
 0D11:051E       _sin_table
 0D11:0ABE       _cos_table
 0D11:105E       _userxscale
 0D11:1062       _useryscale
 0D11:1066       _font_scale
 0D11:1092       _textinfo
 0D11:109C       _font_data
 0D11:1426       _font_list
 0D11:1B24       __XMMerror
 0D11:1B25       __XMMversion
 0D11:1B27       _xmsif_vers_vers
 0D11:1B49       _xmsif_vers_date
 0D11:1B52       _xmsif_vers_time
 0D11:1B5B       XMMentry
 0D11:1B5F       XMMinit
 0D11:1B9E       _bound_minx
 0D11:1BA0       _bound_maxx
 0D11:1BA2       _bound_miny
 0D11:1BA4       _bound_maxy
 0D11:1DF0       __8087
 0D11:1E00       __protected
 0D11:1E01       __LDT
 0D11:1E04       __default87
 0D11:1E06       __huge_flt
 0D11:1E0A       __huge_dble
 0D11:1E12       __huge_ldble
 0D11:1E1C       __indefinite
 0D11:1E20       __tiny_ldble
 0D11:1E2A       __mathwhy
 0D11:1FE0       __atexitcnt
 0D11:1FE2       __ctype
 0D11:20E4       __exitbuf
 0D11:20E8       __exitfopen
 0D11:20EC       __exitopen
 0D11:20F0       __streams
 0D11:2280       __nfile
 0D11:2282       __openfd
 0D11:22AA       __fmode
 0D11:22AC       __notUmask
 0D11:22AE       __fpstklen
 0D11:22B0       __doserrno
 0D11:22B2       __dosErrorToSV
 0D11:2396       __stklen
 0D11:2438       _environ
 0D11:244E       __monthDay
 0D11:2468       _tzname
 0D11:2470       _timezone
 0D11:2474       _daylight
 0D11:2482       __RealCvtVector
 0D11:2486       __ScanTodVector
 0D11:26B6       _picBuf
 0D11:26BE       _Timer
 0D11:270A       _Palette
 0D11:2A9E       __atexittbl
 0D11:2B2C       ___SignalPtr
 0FC5:0000       __emu

Program entry point at 0000:0000

