
 Start  Stop   Length Name               Class

 00000H 04B8CH 04B8DH _TEXT              CODE
 04B8DH 055BBH 00A2FH C2_CNN_TEXT        CODE
 055BCH 05BEDH 00632H MOVIEOBJ_TEXT      CODE
 05BEEH 060FBH 0050EH IMAGE_TEXT         CODE
 060FCH 06202H 00107H RESPONSE_TEXT      CODE
 06203H 06245H 00043H ERROR_TEXT         CODE
 06246H 06318H 000D3H TIMER_TEXT         CODE
 06319H 063CAH 000B2H INPUT_TEXT         CODE
 063CBH 06B61H 00797H VIDEO_TEXT         CODE
 06B62H 08994H 01E33H BGIFNT_TEXT        CODE
 08996H 08E9BH 00506H xmsif1_TEXT        CODE
 08E9CH 090B5H 0021AH GUBS_TEXT          CODE
 090B6H 0A367H 012B2H EXPTLIB_TEXT       CODE
 0A370H 0CAE6H 02777H EMU_PROG           CODE
 0CAF0H 0D0B7H 005C8H E87_PROG           CODE
 0D0C0H 0D0C0H 00000H _FARDATA           FAR_DATA
 0D0C0H 0D0C0H 00000H _FARBSS            FAR_BSS
 0D0C0H 0D0C0H 00000H _OVERLAY_          OVRINFO
 0D0C0H 0D0C0H 00000H _1STUB_            STUBSEG
 0D0C0H 0F531H 02472H _DATA              DATA
 0F532H 0F535H 00004H _CVTSEG            DATA
 0F536H 0F541H 0000CH _SCNSEG            DATA
 0F542H 0F542H 00000H _CONST             CONST
 0F542H 0F55FH 0001EH _INIT_             INITDATA
 0F560H 0F560H 00000H _INITEND_          INITDATA
 0F560H 0F565H 00006H _EXIT_             EXITDATA
 0F566H 0F566H 00000H _EXITEND_          EXITDATA
 0F566H 0FBEBH 00686H _BSS               BSS
 0FBECH 0FBECH 00000H _BSSEND            BSSEND
 0FBF0H 0FCFFH 00110H _STACK             STACK

  Address         Publics by Name

 0D0C:0000       DATASEG@
 0000:0260       DGROUP@
 0A37:2152       e086_Entry
 0A37:26E0       e086_Shortcut
 0CAF:0306       e087_Entry
 0CAF:03C6       e087_Shortcut
 0CAF:0430       e087_Trap
 0000:FE32  Abs  FIARQQ
 0000:0E32  Abs  FICRQQ
 0000:5C32  Abs  FIDRQQ
 0000:1632  Abs  FIERQQ
 0000:0632  Abs  FISRQQ
 0000:A23D  Abs  FIWRQQ
 0000:4000  Abs  FJARQQ
 0000:C000  Abs  FJCRQQ
 0000:8000  Abs  FJSRQQ
 0000:1073       FTOL@
 0000:1073       F_FTOL@
 0000:1218       F_LDIV@
 0000:1227       F_LMOD@
 0000:121F       F_LUDIV@
 0000:122F       F_LUMOD@
 0000:12C6       F_LXLSH@
 0000:119C       F_LXMUL@
 0000:12E7       F_PADA@
 0000:136F       F_PADD@
 0000:132B       F_PSBA@
 0000:139E       F_PSUB@
 0000:11B3       F_SCOPY@
 0000:13D2       F_SPUSH@
 0000:1218       LDIV@
 0000:1227       LMOD@
 0000:121F       LUDIV@
 0000:122F       LUMOD@
 0000:12C6       LXLSH@
 0000:119C       LXMUL@
 0000:1215       N_LDIV@
 0000:1224       N_LMOD@
 0000:121C       N_LUDIV@
 0000:122C       N_LUMOD@
 0000:12C3       N_LXLSH@
 0000:15CE       N_LXMUL@
 0000:12E4       N_PADA@
 0000:136C       N_PADD@
 0000:15E5       N_PCMP@
 0000:1328       N_PSBA@
 0000:139B       N_PSUB@
 0000:13CC       N_SPUSH@
 0000:12E7       PADA@
 0000:136F       PADD@
 0000:132B       PSBA@
 0000:139E       PSUB@
 0000:11B3       SCOPY@
 0000:13D2       SPUSH@
 0D0C:1B49       XMMentry
 0D0C:1B4D       XMMinit
 0000:0249       _abort
 063C:0678       _addColor
 090B:0AC6       _assign
 0000:109F       _atexit
 0000:2DFC       _atoi
 0000:2D87       _atol
 090B:1239       _audio
 06B6:01E6       _bgi_closefont
 06B6:0223       _bgi_deletefont
 06B6:0250       _bgi_fontpath
 06B6:0268       _bgi_getbasecharsize
 06B6:02B1       _bgi_gettextsettings
 06B6:02E7       _bgi_installuserfont
 06B6:0357       _bgi_outtext
 06B6:08D1       _bgi_outtextxy
 06B6:091A       _bgi_registerbgifont
 06B6:0963       _bgi_registerfarbgifont
 06B6:09AF       _bgi_settextjustify
 06B6:09DC       _bgi_settextstyle
 06B6:0C33       _bgi_setusercharsize
 06B6:0CF4       _bgi_textheight
 06B6:0D34       _bgi_textwidth
 0000:23F4       _bioskey
 06B6:01BE       _blobcopy
 0D0C:00F8       _blockstimnums
 0D0C:0148       _blocktypeschunk
 0D0C:01A2       _blocktypesnochunk
 0D0C:00C0       _blocktypestims
 0D0C:1B8E       _bound_maxx
 0D0C:1B92       _bound_maxy
 0D0C:1B8C       _bound_minx
 0D0C:1B90       _bound_miny
 0000:2419       _calloc
 060F:007D       _checkResponse
 055B:01FA       _CleanupMoviePackage
 063C:03AC       _clearScreen
 0000:2E2A       _close
 0000:1023       _cos
 0D0C:0AAC       _cos_table
 0D0C:2464       _daylight
 06B6:11C7       _decodeCHRstroke
 0000:24D3       _delay
 090B:0B2D       _distribute
 0000:42A5       _dostounix
 05BE:0130       _downloadImage
 0D0C:0504       _do_bold
 0D0C:0506       _do_italics
 0D0C:0502       _do_underline
 0D0C:050A       _do_usebkcolor
 0D0C:0508       _do_uselinestyle
 06B6:121A       _drawCHRchar
 06B6:1BB9       _drawGEMchar
 063C:0033       _drawPicture
 06B6:16F6       _drawROMchar
 05BE:018A       _drawText
 0D0C:2428       _environ
 0000:2E70       _eof
 0D0C:007F       _errno
 0620:0003       _error
 0000:1161       _exit
 0000:04BC       _fabs
 0000:2AA9       _farcalloc
 0000:2674       _farfree
 0000:2788       _farmalloc
 0000:28EC       _farrealloc
 0000:2EE7       _fclose
 0000:2F92       _fflush
 0000:3731       _fgetc
 0000:381F       _fgetchar
 0000:305F       _fgets
 063C:06AF       _findColor
 0000:30FB       _flushall
 0631:0009       _FlushKeyBuf
 0D0C:108A       _font_data
 0D0C:1414       _font_list
 0D0C:0472       _font_path
 0D0C:1054       _font_scale
 0000:3312       _fopen
 0000:3347       _fprintf
 0000:3BA8       _fputc
 0000:3D3B       _fputchar
 0000:3457       _fread
 0000:2674       _free
 060F:0059       _freeResponse
 0000:34E5       _fscanf
 0000:358B       _fseek
 0000:360B       _ftell
 090B:0BDA       _gaussdev
 090B:0F84       _gen_init
 08E9:003E       _getbkcolor
 08E9:0034       _getcolor
 0000:11CF       _getdate
 0000:382B       _getenv
 0631:0045       _GetKey
 08E9:000C       _getlinesettings
 0000:389B       _gets
 0631:008E       _GetStick
 0000:11E2       _gettime
 0000:11F5       _getvect
 08E9:0020       _getx
 08E9:002A       _gety
 05BE:000E       _goImages
 04B8:0871       _hline
 055B:0224       _initMovie
 060F:000C       _initResponse
 0624:0062       _InitTimer
 0624:003A       _InstallTimer
 0000:2B39       _int86
 0000:2B6A       _int86x
 0000:2C03       _intr
 0000:2CA7       _ioctl
 0000:143E       _isatty
 0631:0055       _KeyPress
 0631:0027       _KeyWaiting
 05BE:008D       _killImages
 0D0C:010E       _lengthnarrow
 0D0C:0100       _lengthwide
 08E9:0016       _line
 08E9:001B       _lineto
 06B6:0E97       _loadCHRfont
 06B6:190A       _loadGEMfont
 05BE:01D2       _loadImage
 06B6:13D9       _loadROMfont
 0000:0EFE       _log
 0000:14F1       _lseek
 04B8:000D       _main
 063C:0700       _makePalette
 0000:277E       _malloc
 0000:0E42       _matherr
 0000:391F       _memcpy
 0000:3967       _memset
 08E9:0047       _moveto
 0624:0006       _msISR
 05BE:00BF       _newImage
 0000:2D80       _nosound
 0D0C:0174       _numtrialschunk
 0D0C:01CE       _numtrialsnochunk
 0000:39B3       _open
 06B6:00F3       _openfontfile
 0000:162A       _outp
 0000:1606       _outport
 0000:1612       _outportb
 0000:161E       _outpw
 0D0C:26FA       _Palette
 063C:066E       _paletteSize
 0D0C:26A6       _picBuf
 0000:0E37       _pow10
 0000:3B71       _printf
 090B:08F7       _putcheckerbox
 090B:0602       _putcircle
 090B:0109       _putcircle5
 090B:09E0       _putcross
 090B:0A94       _puthline
 08E9:00D1       _putpixel
 090B:07D2       _putrandombox
 090B:0513       _putrectangle
 090B:029B       _putslopeline
 090B:042E       _putsquare
 090B:0006       _putsquare3
 090B:01CC       _puttriangle
 090B:005D       _puttriangle3
 090B:0A62       _putvline
 090B:0CAB       _ran2
 090B:0B95       _randint
 063C:05C4       _readPalette
 0000:28E5       _realloc
 08E9:0063       _resetbounds
 060F:00EA       _responseReady
 063C:048F       _Retrace
 06B6:0002       _rotatexy
 055B:02A6       _runMovie
 05BE:02A9       _saveImage
 0000:1D22       _segread
 0000:2CE0       _setblock
 08E9:0058       _setcolor
 0000:1D42       _setdate
 08E9:0077       _SetGubs
 08E9:0011       _setlinestyle
 0000:3943       _setmem
 055B:0268       _setMovie
 063C:049F       _setPalette
 063C:000B       _setPicSettings
 04B8:08ED       _setstim
 0000:1D57       _settime
 055B:000C       _SetupMoviePackage
 0000:401F       _setvbuf
 0000:1204       _setvect
 063C:0373       _setVideoMode
 0000:0EAE       _sin
 0D0C:050C       _sin_table
 0000:2D54       _sound
 0000:417A       _sprintf
 0000:0E6C       _sqrt
 0000:1E22       _stime
 0000:41BD       _strcat
 0000:41FC       _strcmp
 0000:422C       _strcpy
 0000:4255       _strlen
 0000:4274       _strncpy
 0624:00AF       _SwitchTimer
 0D0C:0094       _tasktypes
 0000:1EBA       _tell
 0D0C:1080       _textinfo
 090B:1165       _thankyou
 0000:1E62       _time
 0D0C:26AE       _Timer
 0D0C:2460       _timezone
 0D0C:011C       _trialsperblockchunk
 0D0C:0176       _trialsperblocknochunk
 0D0C:2458       _tzname
 0000:45D3       _tzset
 0000:48A1       _ungetc
 0000:43CF       _unixtodos
 0000:1ED2       _unlink
 06B6:11AC       _unloadCHRfont
 06B6:1B8F       _unloadGEMfont
 06B6:16CC       _unloadROMfont
 05BE:015D       _uploadImage
 0D0C:104C       _userxscale
 0D0C:1050       _useryscale
 04B8:0828       _vhline
 0000:490C       _vprintf
 0000:419C       _vsprintf
 0624:0089       _Wait
 063C:0529       _writePalette
 090B:06E3       _writeppm
 0899:00BD       _XMMallcoreleft
 0899:0105       _XMMalloc
 0899:0077       _XMMcoreleft
 0899:01BE       _XMMfree
 0899:0043       _XMMgetversion
 0899:0006       _XMMlibinit
 0899:0160       _XMMrealloc
 0D0C:1B37       _xmsif_vers_date
 0D0C:1B40       _xmsif_vers_time
 0D0C:1B15       _xmsif_vers_vers
 0D0C:1DE0       __8087
 0000:1000  Abs  __AHINCR
 0000:000C  Abs  __AHSHIFT
 0D0C:1FD0       __atexitcnt
 0D0C:2A8E       __atexittbl
 0000:29DC       __brk
 0D0C:008B       __brklvl
 0D0C:006B       __C0argc
 0D0C:006D       __C0argv
 0D0C:0071       __C0environ
 0000:1182       __cexit
 0000:0167       __checknull
 0000:2E0D       __chmod
 0000:0154       __cleanup
 0000:2E52       __close
 0D0C:1FD2       __ctype
 0000:0000  Abs  __cvtfak
 0000:1190       __c_exit
 0D0C:1DF4       __default87
 0D0C:22A0       __doserrno
 0000:142C       __DOSERROR
 0D0C:22A2       __dosErrorToSV
 0000:10CC       __dos_getfileattr
 0000:10EC       __dos_setfileattr
 0FBF:0000       __emu
 0D0C:0075       __envLng
 0D0C:0077       __envseg
 0D0C:0079       __envSize
 0000:1170       __exit
 0D0C:20D4       __exitbuf
 0D0C:20D8       __exitfopen
 0D0C:20DC       __exitopen
 0000:3719       __fgetc
 0000:8087  Abs  __floatconvert
 0000:4B26       __fmemcpy
 0000:4B6E       __fmemset
 0D0C:229A       __fmode
 0000:0CBF       __fperror
 0D0C:229E       __fpstklen
 0000:04B8       __fpuint
 0000:3B8C       __fputc
 0000:3D4F       __FPUTN
 0000:4B4A       __fsetmem
 0000:32C8       __GETFP
 0D0C:0087       __heapbase
 0D0C:008F       __heaptop
 0D0C:1DFA       __huge_dble
 0D0C:1DF6       __huge_flt
 0D0C:1E02       __huge_ldble
 0D0C:1E0C       __indefinite
 0D0C:005B       __Int0Vector
 0D0C:005F       __Int4Vector
 0D0C:0063       __Int5Vector
 0D0C:0067       __Int6Vector
 0000:13F3       __IOERROR
 0000:47BF       __ISDST
 0D0C:1DF1       __LDT
 0000:04CB       __LDTRUNC
 0000:144F       __LONGTOA
 0000:0F7A       __matherr
 0D0C:1E1A       __mathwhy
 0000:151A       __MKNAME
 0000:0262       __MMODEL
 0D0C:243E       __monthDay
 0000:372E       __Nfgetc
 0D0C:2270       __nfile
 0D0C:229C       __notUmask
 0000:489E       __Nungetc
 0000:3B22       __open
 0D0C:2272       __openfd
 0000:31F9       __OPENFP
 0D0C:007D       __osmajor
 0D0C:007E       __osminor
 0D0C:007D       __osversion
 0000:0D6E       __POW10
 0D0C:1DF0       __protected
 0D0C:007B       __psp
 0000:1638       __read
 0000:2CD0       __REALCVT
 0D0C:2472       __RealCvtVector
 0000:01BD       __restorezero
 0000:2A1B       __sbrk
 0000:1667       __scanner
 0000:2CDC       __scanpop
 0000:2CD8       __scanrslt
 0000:2CD4       __scantod
 0D0C:2476       __ScanTodVector
 0000:1B80       __scantol
 0000:0000  Abs  __setenvp__
 0000:1D6C       __setupio
 0D0C:0081       __StartTime
 0D0C:2386       __stklen
 0000:23C0       __stpcpy
 0D0C:20E0       __streams
 0000:0168       __terminate
 0D0C:1E10       __tiny_ldble
 0000:1577       __TMPNAM
 0000:0000  Abs  __turboCvt
 0000:8087  Abs  __turboFloat
 0000:14D1       __UTOA
 0D0C:007D       __version
 0000:1F02       __VPRINTER
 0000:4A75       __write
 0000:0AB7       __XCVT
 0000:4AB1       __xfclose
 0000:4AEE       __xfflush
 0899:01F3       __XMMcopy
 0D0C:1B12       __XMMerror
 0899:039B       __XMMicopy
 0D0C:1B13       __XMMversion
 0D0C:0085       ___brklvl
 0000:2534       ___first
 0000:03D1       ___fpreset
 0000:2536       ___last
 0000:3F4E       ___read
 0000:2538       ___rover
 0D0C:2B1C       ___SignalPtr
 0000:4926       ___write

  Address         Publics by Value

 0000:0000  Abs  __turboCvt
 0000:0000  Abs  __cvtfak
 0000:0000  Abs  __setenvp__
 0000:000C  Abs  __AHSHIFT
 0000:0632  Abs  FISRQQ
 0000:0E32  Abs  FICRQQ
 0000:1000  Abs  __AHINCR
 0000:1632  Abs  FIERQQ
 0000:4000  Abs  FJARQQ
 0000:5C32  Abs  FIDRQQ
 0000:8000  Abs  FJSRQQ
 0000:8087  Abs  __turboFloat
 0000:8087  Abs  __floatconvert
 0000:A23D  Abs  FIWRQQ
 0000:C000  Abs  FJCRQQ
 0000:FE32  Abs  FIARQQ
 0000:0154       __cleanup
 0000:0167       __checknull
 0000:0168       __terminate
 0000:01BD       __restorezero
 0000:0249       _abort
 0000:0260       DGROUP@
 0000:0262       __MMODEL
 0000:03D1       ___fpreset
 0000:04B8       __fpuint
 0000:04BC       _fabs
 0000:04CB       __LDTRUNC
 0000:0AB7       __XCVT
 0000:0CBF       __fperror
 0000:0D6E       __POW10
 0000:0E37       _pow10
 0000:0E42       _matherr
 0000:0E6C       _sqrt
 0000:0EAE       _sin
 0000:0EFE       _log
 0000:0F7A       __matherr
 0000:1023       _cos
 0000:1073       F_FTOL@
 0000:1073       FTOL@
 0000:109F       _atexit
 0000:10CC       __dos_getfileattr
 0000:10EC       __dos_setfileattr
 0000:1161       _exit
 0000:1170       __exit
 0000:1182       __cexit
 0000:1190       __c_exit
 0000:119C       F_LXMUL@
 0000:119C       LXMUL@
 0000:11B3       F_SCOPY@
 0000:11B3       SCOPY@
 0000:11CF       _getdate
 0000:11E2       _gettime
 0000:11F5       _getvect
 0000:1204       _setvect
 0000:1215       N_LDIV@
 0000:1218       F_LDIV@
 0000:1218       LDIV@
 0000:121C       N_LUDIV@
 0000:121F       F_LUDIV@
 0000:121F       LUDIV@
 0000:1224       N_LMOD@
 0000:1227       F_LMOD@
 0000:1227       LMOD@
 0000:122C       N_LUMOD@
 0000:122F       LUMOD@
 0000:122F       F_LUMOD@
 0000:12C3       N_LXLSH@
 0000:12C6       LXLSH@
 0000:12C6       F_LXLSH@
 0000:12E4       N_PADA@
 0000:12E7       F_PADA@
 0000:12E7       PADA@
 0000:1328       N_PSBA@
 0000:132B       PSBA@
 0000:132B       F_PSBA@
 0000:136C       N_PADD@
 0000:136F       F_PADD@
 0000:136F       PADD@
 0000:139B       N_PSUB@
 0000:139E       F_PSUB@
 0000:139E       PSUB@
 0000:13CC       N_SPUSH@
 0000:13D2       F_SPUSH@
 0000:13D2       SPUSH@
 0000:13F3       __IOERROR
 0000:142C       __DOSERROR
 0000:143E       _isatty
 0000:144F       __LONGTOA
 0000:14D1       __UTOA
 0000:14F1       _lseek
 0000:151A       __MKNAME
 0000:1577       __TMPNAM
 0000:15CE       N_LXMUL@
 0000:15E5       N_PCMP@
 0000:1606       _outport
 0000:1612       _outportb
 0000:161E       _outpw
 0000:162A       _outp
 0000:1638       __read
 0000:1667       __scanner
 0000:1B80       __scantol
 0000:1D22       _segread
 0000:1D42       _setdate
 0000:1D57       _settime
 0000:1D6C       __setupio
 0000:1E22       _stime
 0000:1E62       _time
 0000:1EBA       _tell
 0000:1ED2       _unlink
 0000:1F02       __VPRINTER
 0000:23C0       __stpcpy
 0000:23F4       _bioskey
 0000:2419       _calloc
 0000:24D3       _delay
 0000:2534       ___first
 0000:2536       ___last
 0000:2538       ___rover
 0000:2674       _farfree
 0000:2674       _free
 0000:277E       _malloc
 0000:2788       _farmalloc
 0000:28E5       _realloc
 0000:28EC       _farrealloc
 0000:29DC       __brk
 0000:2A1B       __sbrk
 0000:2AA9       _farcalloc
 0000:2B39       _int86
 0000:2B6A       _int86x
 0000:2C03       _intr
 0000:2CA7       _ioctl
 0000:2CD0       __REALCVT
 0000:2CD4       __scantod
 0000:2CD8       __scanrslt
 0000:2CDC       __scanpop
 0000:2CE0       _setblock
 0000:2D54       _sound
 0000:2D80       _nosound
 0000:2D87       _atol
 0000:2DFC       _atoi
 0000:2E0D       __chmod
 0000:2E2A       _close
 0000:2E52       __close
 0000:2E70       _eof
 0000:2EE7       _fclose
 0000:2F92       _fflush
 0000:305F       _fgets
 0000:30FB       _flushall
 0000:31F9       __OPENFP
 0000:32C8       __GETFP
 0000:3312       _fopen
 0000:3347       _fprintf
 0000:3457       _fread
 0000:34E5       _fscanf
 0000:358B       _fseek
 0000:360B       _ftell
 0000:3719       __fgetc
 0000:372E       __Nfgetc
 0000:3731       _fgetc
 0000:381F       _fgetchar
 0000:382B       _getenv
 0000:389B       _gets
 0000:391F       _memcpy
 0000:3943       _setmem
 0000:3967       _memset
 0000:39B3       _open
 0000:3B22       __open
 0000:3B71       _printf
 0000:3B8C       __fputc
 0000:3BA8       _fputc
 0000:3D3B       _fputchar
 0000:3D4F       __FPUTN
 0000:3F4E       ___read
 0000:401F       _setvbuf
 0000:417A       _sprintf
 0000:419C       _vsprintf
 0000:41BD       _strcat
 0000:41FC       _strcmp
 0000:422C       _strcpy
 0000:4255       _strlen
 0000:4274       _strncpy
 0000:42A5       _dostounix
 0000:43CF       _unixtodos
 0000:45D3       _tzset
 0000:47BF       __ISDST
 0000:489E       __Nungetc
 0000:48A1       _ungetc
 0000:490C       _vprintf
 0000:4926       ___write
 0000:4A75       __write
 0000:4AB1       __xfclose
 0000:4AEE       __xfflush
 0000:4B26       __fmemcpy
 0000:4B4A       __fsetmem
 0000:4B6E       __fmemset
 04B8:000D       _main
 04B8:0828       _vhline
 04B8:0871       _hline
 04B8:08ED       _setstim
 055B:000C       _SetupMoviePackage
 055B:01FA       _CleanupMoviePackage
 055B:0224       _initMovie
 055B:0268       _setMovie
 055B:02A6       _runMovie
 05BE:000E       _goImages
 05BE:008D       _killImages
 05BE:00BF       _newImage
 05BE:0130       _downloadImage
 05BE:015D       _uploadImage
 05BE:018A       _drawText
 05BE:01D2       _loadImage
 05BE:02A9       _saveImage
 060F:000C       _initResponse
 060F:0059       _freeResponse
 060F:007D       _checkResponse
 060F:00EA       _responseReady
 0620:0003       _error
 0624:0006       _msISR
 0624:003A       _InstallTimer
 0624:0062       _InitTimer
 0624:0089       _Wait
 0624:00AF       _SwitchTimer
 0631:0009       _FlushKeyBuf
 0631:0027       _KeyWaiting
 0631:0045       _GetKey
 0631:0055       _KeyPress
 0631:008E       _GetStick
 063C:000B       _setPicSettings
 063C:0033       _drawPicture
 063C:0373       _setVideoMode
 063C:03AC       _clearScreen
 063C:048F       _Retrace
 063C:049F       _setPalette
 063C:0529       _writePalette
 063C:05C4       _readPalette
 063C:066E       _paletteSize
 063C:0678       _addColor
 063C:06AF       _findColor
 063C:0700       _makePalette
 06B6:0002       _rotatexy
 06B6:00F3       _openfontfile
 06B6:01BE       _blobcopy
 06B6:01E6       _bgi_closefont
 06B6:0223       _bgi_deletefont
 06B6:0250       _bgi_fontpath
 06B6:0268       _bgi_getbasecharsize
 06B6:02B1       _bgi_gettextsettings
 06B6:02E7       _bgi_installuserfont
 06B6:0357       _bgi_outtext
 06B6:08D1       _bgi_outtextxy
 06B6:091A       _bgi_registerbgifont
 06B6:0963       _bgi_registerfarbgifont
 06B6:09AF       _bgi_settextjustify
 06B6:09DC       _bgi_settextstyle
 06B6:0C33       _bgi_setusercharsize
 06B6:0CF4       _bgi_textheight
 06B6:0D34       _bgi_textwidth
 06B6:0E97       _loadCHRfont
 06B6:11AC       _unloadCHRfont
 06B6:11C7       _decodeCHRstroke
 06B6:121A       _drawCHRchar
 06B6:13D9       _loadROMfont
 06B6:16CC       _unloadROMfont
 06B6:16F6       _drawROMchar
 06B6:190A       _loadGEMfont
 06B6:1B8F       _unloadGEMfont
 06B6:1BB9       _drawGEMchar
 0899:0006       _XMMlibinit
 0899:0043       _XMMgetversion
 0899:0077       _XMMcoreleft
 0899:00BD       _XMMallcoreleft
 0899:0105       _XMMalloc
 0899:0160       _XMMrealloc
 0899:01BE       _XMMfree
 0899:01F3       __XMMcopy
 0899:039B       __XMMicopy
 08E9:000C       _getlinesettings
 08E9:0011       _setlinestyle
 08E9:0016       _line
 08E9:001B       _lineto
 08E9:0020       _getx
 08E9:002A       _gety
 08E9:0034       _getcolor
 08E9:003E       _getbkcolor
 08E9:0047       _moveto
 08E9:0058       _setcolor
 08E9:0063       _resetbounds
 08E9:0077       _SetGubs
 08E9:00D1       _putpixel
 090B:0006       _putsquare3
 090B:005D       _puttriangle3
 090B:0109       _putcircle5
 090B:01CC       _puttriangle
 090B:029B       _putslopeline
 090B:042E       _putsquare
 090B:0513       _putrectangle
 090B:0602       _putcircle
 090B:06E3       _writeppm
 090B:07D2       _putrandombox
 090B:08F7       _putcheckerbox
 090B:09E0       _putcross
 090B:0A62       _putvline
 090B:0A94       _puthline
 090B:0AC6       _assign
 090B:0B2D       _distribute
 090B:0B95       _randint
 090B:0BDA       _gaussdev
 090B:0CAB       _ran2
 090B:0F84       _gen_init
 090B:1165       _thankyou
 090B:1239       _audio
 0A37:2152       e086_Entry
 0A37:26E0       e086_Shortcut
 0CAF:0306       e087_Entry
 0CAF:03C6       e087_Shortcut
 0CAF:0430       e087_Trap
 0D0C:0000       DATASEG@
 0D0C:005B       __Int0Vector
 0D0C:005F       __Int4Vector
 0D0C:0063       __Int5Vector
 0D0C:0067       __Int6Vector
 0D0C:006B       __C0argc
 0D0C:006D       __C0argv
 0D0C:0071       __C0environ
 0D0C:0075       __envLng
 0D0C:0077       __envseg
 0D0C:0079       __envSize
 0D0C:007B       __psp
 0D0C:007D       __osversion
 0D0C:007D       __osmajor
 0D0C:007D       __version
 0D0C:007E       __osminor
 0D0C:007F       _errno
 0D0C:0081       __StartTime
 0D0C:0085       ___brklvl
 0D0C:0087       __heapbase
 0D0C:008B       __brklvl
 0D0C:008F       __heaptop
 0D0C:0094       _tasktypes
 0D0C:00C0       _blocktypestims
 0D0C:00F8       _blockstimnums
 0D0C:0100       _lengthwide
 0D0C:010E       _lengthnarrow
 0D0C:011C       _trialsperblockchunk
 0D0C:0148       _blocktypeschunk
 0D0C:0174       _numtrialschunk
 0D0C:0176       _trialsperblocknochunk
 0D0C:01A2       _blocktypesnochunk
 0D0C:01CE       _numtrialsnochunk
 0D0C:0472       _font_path
 0D0C:0502       _do_underline
 0D0C:0504       _do_bold
 0D0C:0506       _do_italics
 0D0C:0508       _do_uselinestyle
 0D0C:050A       _do_usebkcolor
 0D0C:050C       _sin_table
 0D0C:0AAC       _cos_table
 0D0C:104C       _userxscale
 0D0C:1050       _useryscale
 0D0C:1054       _font_scale
 0D0C:1080       _textinfo
 0D0C:108A       _font_data
 0D0C:1414       _font_list
 0D0C:1B12       __XMMerror
 0D0C:1B13       __XMMversion
 0D0C:1B15       _xmsif_vers_vers
 0D0C:1B37       _xmsif_vers_date
 0D0C:1B40       _xmsif_vers_time
 0D0C:1B49       XMMentry
 0D0C:1B4D       XMMinit
 0D0C:1B8C       _bound_minx
 0D0C:1B8E       _bound_maxx
 0D0C:1B90       _bound_miny
 0D0C:1B92       _bound_maxy
 0D0C:1DE0       __8087
 0D0C:1DF0       __protected
 0D0C:1DF1       __LDT
 0D0C:1DF4       __default87
 0D0C:1DF6       __huge_flt
 0D0C:1DFA       __huge_dble
 0D0C:1E02       __huge_ldble
 0D0C:1E0C       __indefinite
 0D0C:1E10       __tiny_ldble
 0D0C:1E1A       __mathwhy
 0D0C:1FD0       __atexitcnt
 0D0C:1FD2       __ctype
 0D0C:20D4       __exitbuf
 0D0C:20D8       __exitfopen
 0D0C:20DC       __exitopen
 0D0C:20E0       __streams
 0D0C:2270       __nfile
 0D0C:2272       __openfd
 0D0C:229A       __fmode
 0D0C:229C       __notUmask
 0D0C:229E       __fpstklen
 0D0C:22A0       __doserrno
 0D0C:22A2       __dosErrorToSV
 0D0C:2386       __stklen
 0D0C:2428       _environ
 0D0C:243E       __monthDay
 0D0C:2458       _tzname
 0D0C:2460       _timezone
 0D0C:2464       _daylight
 0D0C:2472       __RealCvtVector
 0D0C:2476       __ScanTodVector
 0D0C:26A6       _picBuf
 0D0C:26AE       _Timer
 0D0C:26FA       _Palette
 0D0C:2A8E       __atexittbl
 0D0C:2B1C       ___SignalPtr
 0FBF:0000       __emu

Program entry point at 0000:0000

