
 Start  Stop   Length Name               Class

 00000H 04B8CH 04B8DH _TEXT              CODE
 04B8DH 0542FH 008A3H C0_TEXT            CODE
 05430H 05A61H 00632H MOVIEOBJ_TEXT      CODE
 05A62H 05F6FH 0050EH IMAGE_TEXT         CODE
 05F70H 06076H 00107H RESPONSE_TEXT      CODE
 06077H 060B9H 00043H ERROR_TEXT         CODE
 060BAH 0618CH 000D3H TIMER_TEXT         CODE
 0618DH 0623EH 000B2H INPUT_TEXT         CODE
 0623FH 069D5H 00797H VIDEO_TEXT         CODE
 069D6H 08808H 01E33H BGIFNT_TEXT        CODE
 0880AH 08D0FH 00506H xmsif1_TEXT        CODE
 08D10H 08F29H 0021AH GUBS_TEXT          CODE
 08F2AH 0A1DBH 012B2H EXPTLIB_TEXT       CODE
 0A1E0H 0C956H 02777H EMU_PROG           CODE
 0C960H 0CF27H 005C8H E87_PROG           CODE
 0CF30H 0CF30H 00000H _FARDATA           FAR_DATA
 0CF30H 0CF30H 00000H _FARBSS            FAR_BSS
 0CF30H 0CF30H 00000H _OVERLAY_          OVRINFO
 0CF30H 0CF30H 00000H _1STUB_            STUBSEG
 0CF30H 0F281H 02352H _DATA              DATA
 0F282H 0F285H 00004H _CVTSEG            DATA
 0F286H 0F291H 0000CH _SCNSEG            DATA
 0F292H 0F292H 00000H _CONST             CONST
 0F292H 0F2AFH 0001EH _INIT_             INITDATA
 0F2B0H 0F2B0H 00000H _INITEND_          INITDATA
 0F2B0H 0F2B5H 00006H _EXIT_             EXITDATA
 0F2B6H 0F2B6H 00000H _EXITEND_          EXITDATA
 0F2B6H 0F93BH 00686H _BSS               BSS
 0F93CH 0F93CH 00000H _BSSEND            BSSEND
 0F940H 0FA4FH 00110H _STACK             STACK

  Address         Publics by Name

 0CF3:0000       DATASEG@
 0000:0260       DGROUP@
 0A1E:2152       e086_Entry
 0A1E:26E0       e086_Shortcut
 0C96:0306       e087_Entry
 0C96:03C6       e087_Shortcut
 0C96:0430       e087_Trap
 0000:FE32  Abs  FIARQQ
 0000:0E32  Abs  FICRQQ
 0000:5C32  Abs  FIDRQQ
 0000:1632  Abs  FIERQQ
 0000:0632  Abs  FISRQQ
 0000:A23D  Abs  FIWRQQ
 0000:4000  Abs  FJARQQ
 0000:C000  Abs  FJCRQQ
 0000:8000  Abs  FJSRQQ
 0000:1073       FTOL@
 0000:1073       F_FTOL@
 0000:1218       F_LDIV@
 0000:1227       F_LMOD@
 0000:121F       F_LUDIV@
 0000:122F       F_LUMOD@
 0000:12C6       F_LXLSH@
 0000:119C       F_LXMUL@
 0000:12E7       F_PADA@
 0000:136F       F_PADD@
 0000:132B       F_PSBA@
 0000:139E       F_PSUB@
 0000:11B3       F_SCOPY@
 0000:13D2       F_SPUSH@
 0000:1218       LDIV@
 0000:1227       LMOD@
 0000:121F       LUDIV@
 0000:122F       LUMOD@
 0000:12C6       LXLSH@
 0000:119C       LXMUL@
 0000:1215       N_LDIV@
 0000:1224       N_LMOD@
 0000:121C       N_LUDIV@
 0000:122C       N_LUMOD@
 0000:12C3       N_LXLSH@
 0000:15CE       N_LXMUL@
 0000:12E4       N_PADA@
 0000:136C       N_PADD@
 0000:15E5       N_PCMP@
 0000:1328       N_PSBA@
 0000:139B       N_PSUB@
 0000:13CC       N_SPUSH@
 0000:12E7       PADA@
 0000:136F       PADD@
 0000:132B       PSBA@
 0000:139E       PSUB@
 0000:11B3       SCOPY@
 0000:13D2       SPUSH@
 0CF3:1A21       XMMentry
 0CF3:1A25       XMMinit
 0000:0249       _abort
 0623:067C       _addColor
 08F2:0ACA       _assign
 0000:109F       _atexit
 0000:2DFC       _atoi
 0000:2D87       _atol
 08F2:123D       _audio
 069D:01EA       _bgi_closefont
 069D:0227       _bgi_deletefont
 069D:0254       _bgi_fontpath
 069D:026C       _bgi_getbasecharsize
 069D:02B5       _bgi_gettextsettings
 069D:02EB       _bgi_installuserfont
 069D:035B       _bgi_outtext
 069D:08D5       _bgi_outtextxy
 069D:091E       _bgi_registerbgifont
 069D:0967       _bgi_registerfarbgifont
 069D:09B3       _bgi_settextjustify
 069D:09E0       _bgi_settextstyle
 069D:0C37       _bgi_setusercharsize
 069D:0CF8       _bgi_textheight
 069D:0D38       _bgi_textwidth
 0000:23F4       _bioskey
 069D:01C2       _blobcopy
 0CF3:1A66       _bound_maxx
 0CF3:1A6A       _bound_maxy
 0CF3:1A64       _bound_minx
 0CF3:1A68       _bound_miny
 0000:2419       _calloc
 05F7:0071       _checkResponse
 0543:01EE       _CleanupMoviePackage
 0623:03B0       _clearScreen
 0000:2E2A       _close
 0000:1023       _cos
 0CF3:0984       _cos_table
 0CF3:2344       _daylight
 069D:11CB       _decodeCHRstroke
 0000:24D3       _delay
 08F2:0B31       _distribute
 0000:42A5       _dostounix
 05A6:0124       _downloadImage
 0CF3:03DC       _do_bold
 0CF3:03DE       _do_italics
 0CF3:03DA       _do_underline
 0CF3:03E2       _do_usebkcolor
 0CF3:03E0       _do_uselinestyle
 069D:121E       _drawCHRchar
 069D:1BBD       _drawGEMchar
 0623:0037       _drawPicture
 069D:16FA       _drawROMchar
 05A6:017E       _drawText
 0CF3:2308       _environ
 0000:2E70       _eof
 0CF3:007F       _errno
 0607:0007       _error
 0000:1161       _exit
 0000:04BC       _fabs
 0000:2AA9       _farcalloc
 0000:2674       _farfree
 0000:2788       _farmalloc
 0000:28EC       _farrealloc
 0000:2EE7       _fclose
 0000:2F92       _fflush
 0000:3731       _fgetc
 0000:381F       _fgetchar
 0000:305F       _fgets
 0623:06B3       _findColor
 0000:30FB       _flushall
 0618:000D       _FlushKeyBuf
 0CF3:0F62       _font_data
 0CF3:12EC       _font_list
 0CF3:034A       _font_path
 0CF3:0F2C       _font_scale
 0000:3312       _fopen
 0000:3347       _fprintf
 0000:3BA8       _fputc
 0000:3D3B       _fputchar
 0000:3457       _fread
 0000:2674       _free
 05F7:004D       _freeResponse
 0000:34E5       _fscanf
 0000:358B       _fseek
 0000:360B       _ftell
 08F2:0BDE       _gaussdev
 08F2:0F88       _gen_init
 08D1:0032       _getbkcolor
 08D1:0028       _getcolor
 0000:11CF       _getdate
 0000:382B       _getenv
 0618:0049       _GetKey
 08D1:0000       _getlinesettings
 0000:389B       _gets
 0618:0092       _GetStick
 0000:11E2       _gettime
 0000:11F5       _getvect
 08D1:0014       _getx
 08D1:001E       _gety
 05A6:0002       _goImages
 04B8:0509       _hline
 0543:0218       _initMovie
 05F7:0000       _initResponse
 060B:0066       _InitTimer
 060B:003E       _InstallTimer
 0000:2B39       _int86
 0000:2B6A       _int86x
 0000:2C03       _intr
 0000:2CA7       _ioctl
 0000:143E       _isatty
 0618:0059       _KeyPress
 0618:002B       _KeyWaiting
 05A6:0081       _killImages
 0CF3:00A2       _length
 08D1:000A       _line
 08D1:000F       _lineto
 069D:0E9B       _loadCHRfont
 069D:190E       _loadGEMfont
 05A6:01C6       _loadImage
 069D:13DD       _loadROMfont
 0000:0EFE       _log
 0000:14F1       _lseek
 04B8:000D       _main
 0623:0704       _makePalette
 0000:277E       _malloc
 0000:0E42       _matherr
 0000:391F       _memcpy
 0000:3967       _memset
 08D1:003B       _moveto
 060B:000A       _msISR
 05A6:00B3       _newImage
 0000:2D80       _nosound
 0CF3:0094       _offset4
 0CF3:009E       _offset8
 0000:39B3       _open
 069D:00F7       _openfontfile
 0000:162A       _outp
 0000:1606       _outport
 0000:1612       _outportb
 0000:161E       _outpw
 0CF3:25DA       _Palette
 0623:0672       _paletteSize
 0CF3:2586       _picBuf
 0000:0E37       _pow10
 0000:3B71       _printf
 08F2:08FB       _putcheckerbox
 08F2:0606       _putcircle
 08F2:010D       _putcircle5
 08F2:09E4       _putcross
 08F2:0A98       _puthline
 08D1:00C5       _putpixel
 08F2:07D6       _putrandombox
 08F2:0517       _putrectangle
 08F2:029F       _putslopeline
 08F2:0432       _putsquare
 08F2:000A       _putsquare3
 08F2:01D0       _puttriangle
 08F2:0061       _puttriangle3
 08F2:0A66       _putvline
 08F2:0CAF       _ran2
 08F2:0B99       _randint
 0623:05C8       _readPalette
 0000:28E5       _realloc
 08D1:0057       _resetbounds
 05F7:00DE       _responseReady
 0623:0493       _Retrace
 069D:0006       _rotatexy
 0543:029A       _runMovie
 05A6:029D       _saveImage
 0000:1D22       _segread
 0000:2CE0       _setblock
 08D1:004C       _setcolor
 0000:1D42       _setdate
 08D1:006B       _SetGubs
 08D1:0005       _setlinestyle
 0000:3943       _setmem
 0543:025C       _setMovie
 0623:04A3       _setPalette
 0623:000F       _setPicSettings
 04B8:0585       _setstim
 0000:1D57       _settime
 0543:0000       _SetupMoviePackage
 0000:401F       _setvbuf
 0000:1204       _setvect
 0623:0377       _setVideoMode
 0000:0EAE       _sin
 0CF3:03E4       _sin_table
 0000:2D54       _sound
 0000:417A       _sprintf
 0000:0E6C       _sqrt
 0000:1E22       _stime
 0000:41BD       _strcat
 0000:41FC       _strcmp
 0000:422C       _strcpy
 0000:4255       _strlen
 0000:4274       _strncpy
 060B:00B3       _SwitchTimer
 0000:1EBA       _tell
 0CF3:0F58       _textinfo
 08F2:1169       _thankyou
 0000:1E62       _time
 0CF3:258E       _Timer
 0CF3:2340       _timezone
 0CF3:2338       _tzname
 0000:45D3       _tzset
 0000:48A1       _ungetc
 0000:43CF       _unixtodos
 0000:1ED2       _unlink
 069D:11B0       _unloadCHRfont
 069D:1B93       _unloadGEMfont
 069D:16D0       _unloadROMfont
 05A6:0151       _uploadImage
 0CF3:0F24       _userxscale
 0CF3:0F28       _useryscale
 0000:490C       _vprintf
 0000:419C       _vsprintf
 060B:008D       _Wait
 0623:052D       _writePalette
 08F2:06E7       _writeppm
 0880:00C1       _XMMallcoreleft
 0880:0109       _XMMalloc
 0880:007B       _XMMcoreleft
 0880:01C2       _XMMfree
 0880:0047       _XMMgetversion
 0880:000A       _XMMlibinit
 0880:0164       _XMMrealloc
 0CF3:1A0F       _xmsif_vers_date
 0CF3:1A18       _xmsif_vers_time
 0CF3:19ED       _xmsif_vers_vers
 0CF3:1CC0       __8087
 0000:1000  Abs  __AHINCR
 0000:000C  Abs  __AHSHIFT
 0CF3:1EB0       __atexitcnt
 0CF3:296E       __atexittbl
 0000:29DC       __brk
 0CF3:008B       __brklvl
 0CF3:006B       __C0argc
 0CF3:006D       __C0argv
 0CF3:0071       __C0environ
 0000:1182       __cexit
 0000:0167       __checknull
 0000:2E0D       __chmod
 0000:0154       __cleanup
 0000:2E52       __close
 0CF3:1EB2       __ctype
 0000:0000  Abs  __cvtfak
 0000:1190       __c_exit
 0CF3:1CD4       __default87
 0CF3:2180       __doserrno
 0000:142C       __DOSERROR
 0CF3:2182       __dosErrorToSV
 0000:10CC       __dos_getfileattr
 0000:10EC       __dos_setfileattr
 0F94:0000       __emu
 0CF3:0075       __envLng
 0CF3:0077       __envseg
 0CF3:0079       __envSize
 0000:1170       __exit
 0CF3:1FB4       __exitbuf
 0CF3:1FB8       __exitfopen
 0CF3:1FBC       __exitopen
 0000:3719       __fgetc
 0000:8087  Abs  __floatconvert
 0000:4B26       __fmemcpy
 0000:4B6E       __fmemset
 0CF3:217A       __fmode
 0000:0CBF       __fperror
 0CF3:217E       __fpstklen
 0000:04B8       __fpuint
 0000:3B8C       __fputc
 0000:3D4F       __FPUTN
 0000:4B4A       __fsetmem
 0000:32C8       __GETFP
 0CF3:0087       __heapbase
 0CF3:008F       __heaptop
 0CF3:1CDA       __huge_dble
 0CF3:1CD6       __huge_flt
 0CF3:1CE2       __huge_ldble
 0CF3:1CEC       __indefinite
 0CF3:005B       __Int0Vector
 0CF3:005F       __Int4Vector
 0CF3:0063       __Int5Vector
 0CF3:0067       __Int6Vector
 0000:13F3       __IOERROR
 0000:47BF       __ISDST
 0CF3:1CD1       __LDT
 0000:04CB       __LDTRUNC
 0000:144F       __LONGTOA
 0000:0F7A       __matherr
 0CF3:1CFA       __mathwhy
 0000:151A       __MKNAME
 0000:0262       __MMODEL
 0CF3:231E       __monthDay
 0000:372E       __Nfgetc
 0CF3:2150       __nfile
 0CF3:217C       __notUmask
 0000:489E       __Nungetc
 0000:3B22       __open
 0CF3:2152       __openfd
 0000:31F9       __OPENFP
 0CF3:007D       __osmajor
 0CF3:007E       __osminor
 0CF3:007D       __osversion
 0000:0D6E       __POW10
 0CF3:1CD0       __protected
 0CF3:007B       __psp
 0000:1638       __read
 0000:2CD0       __REALCVT
 0CF3:2352       __RealCvtVector
 0000:01BD       __restorezero
 0000:2A1B       __sbrk
 0000:1667       __scanner
 0000:2CDC       __scanpop
 0000:2CD8       __scanrslt
 0000:2CD4       __scantod
 0CF3:2356       __ScanTodVector
 0000:1B80       __scantol
 0000:0000  Abs  __setenvp__
 0000:1D6C       __setupio
 0CF3:0081       __StartTime
 0CF3:2266       __stklen
 0000:23C0       __stpcpy
 0CF3:1FC0       __streams
 0000:0168       __terminate
 0CF3:1CF0       __tiny_ldble
 0000:1577       __TMPNAM
 0000:0000  Abs  __turboCvt
 0000:8087  Abs  __turboFloat
 0000:14D1       __UTOA
 0CF3:007D       __version
 0000:1F02       __VPRINTER
 0000:4A75       __write
 0000:0AB7       __XCVT
 0000:4AB1       __xfclose
 0000:4AEE       __xfflush
 0880:01F7       __XMMcopy
 0CF3:19EA       __XMMerror
 0880:039F       __XMMicopy
 0CF3:19EB       __XMMversion
 0CF3:0085       ___brklvl
 0000:2534       ___first
 0000:03D1       ___fpreset
 0000:2536       ___last
 0000:3F4E       ___read
 0000:2538       ___rover
 0CF3:29FC       ___SignalPtr
 0000:4926       ___write

  Address         Publics by Value

 0000:0000  Abs  __turboCvt
 0000:0000  Abs  __cvtfak
 0000:0000  Abs  __setenvp__
 0000:000C  Abs  __AHSHIFT
 0000:0632  Abs  FISRQQ
 0000:0E32  Abs  FICRQQ
 0000:1000  Abs  __AHINCR
 0000:1632  Abs  FIERQQ
 0000:4000  Abs  FJARQQ
 0000:5C32  Abs  FIDRQQ
 0000:8000  Abs  FJSRQQ
 0000:8087  Abs  __turboFloat
 0000:8087  Abs  __floatconvert
 0000:A23D  Abs  FIWRQQ
 0000:C000  Abs  FJCRQQ
 0000:FE32  Abs  FIARQQ
 0000:0154       __cleanup
 0000:0167       __checknull
 0000:0168       __terminate
 0000:01BD       __restorezero
 0000:0249       _abort
 0000:0260       DGROUP@
 0000:0262       __MMODEL
 0000:03D1       ___fpreset
 0000:04B8       __fpuint
 0000:04BC       _fabs
 0000:04CB       __LDTRUNC
 0000:0AB7       __XCVT
 0000:0CBF       __fperror
 0000:0D6E       __POW10
 0000:0E37       _pow10
 0000:0E42       _matherr
 0000:0E6C       _sqrt
 0000:0EAE       _sin
 0000:0EFE       _log
 0000:0F7A       __matherr
 0000:1023       _cos
 0000:1073       F_FTOL@
 0000:1073       FTOL@
 0000:109F       _atexit
 0000:10CC       __dos_getfileattr
 0000:10EC       __dos_setfileattr
 0000:1161       _exit
 0000:1170       __exit
 0000:1182       __cexit
 0000:1190       __c_exit
 0000:119C       F_LXMUL@
 0000:119C       LXMUL@
 0000:11B3       F_SCOPY@
 0000:11B3       SCOPY@
 0000:11CF       _getdate
 0000:11E2       _gettime
 0000:11F5       _getvect
 0000:1204       _setvect
 0000:1215       N_LDIV@
 0000:1218       F_LDIV@
 0000:1218       LDIV@
 0000:121C       N_LUDIV@
 0000:121F       F_LUDIV@
 0000:121F       LUDIV@
 0000:1224       N_LMOD@
 0000:1227       F_LMOD@
 0000:1227       LMOD@
 0000:122C       N_LUMOD@
 0000:122F       LUMOD@
 0000:122F       F_LUMOD@
 0000:12C3       N_LXLSH@
 0000:12C6       LXLSH@
 0000:12C6       F_LXLSH@
 0000:12E4       N_PADA@
 0000:12E7       F_PADA@
 0000:12E7       PADA@
 0000:1328       N_PSBA@
 0000:132B       PSBA@
 0000:132B       F_PSBA@
 0000:136C       N_PADD@
 0000:136F       F_PADD@
 0000:136F       PADD@
 0000:139B       N_PSUB@
 0000:139E       F_PSUB@
 0000:139E       PSUB@
 0000:13CC       N_SPUSH@
 0000:13D2       F_SPUSH@
 0000:13D2       SPUSH@
 0000:13F3       __IOERROR
 0000:142C       __DOSERROR
 0000:143E       _isatty
 0000:144F       __LONGTOA
 0000:14D1       __UTOA
 0000:14F1       _lseek
 0000:151A       __MKNAME
 0000:1577       __TMPNAM
 0000:15CE       N_LXMUL@
 0000:15E5       N_PCMP@
 0000:1606       _outport
 0000:1612       _outportb
 0000:161E       _outpw
 0000:162A       _outp
 0000:1638       __read
 0000:1667       __scanner
 0000:1B80       __scantol
 0000:1D22       _segread
 0000:1D42       _setdate
 0000:1D57       _settime
 0000:1D6C       __setupio
 0000:1E22       _stime
 0000:1E62       _time
 0000:1EBA       _tell
 0000:1ED2       _unlink
 0000:1F02       __VPRINTER
 0000:23C0       __stpcpy
 0000:23F4       _bioskey
 0000:2419       _calloc
 0000:24D3       _delay
 0000:2534       ___first
 0000:2536       ___last
 0000:2538       ___rover
 0000:2674       _farfree
 0000:2674       _free
 0000:277E       _malloc
 0000:2788       _farmalloc
 0000:28E5       _realloc
 0000:28EC       _farrealloc
 0000:29DC       __brk
 0000:2A1B       __sbrk
 0000:2AA9       _farcalloc
 0000:2B39       _int86
 0000:2B6A       _int86x
 0000:2C03       _intr
 0000:2CA7       _ioctl
 0000:2CD0       __REALCVT
 0000:2CD4       __scantod
 0000:2CD8       __scanrslt
 0000:2CDC       __scanpop
 0000:2CE0       _setblock
 0000:2D54       _sound
 0000:2D80       _nosound
 0000:2D87       _atol
 0000:2DFC       _atoi
 0000:2E0D       __chmod
 0000:2E2A       _close
 0000:2E52       __close
 0000:2E70       _eof
 0000:2EE7       _fclose
 0000:2F92       _fflush
 0000:305F       _fgets
 0000:30FB       _flushall
 0000:31F9       __OPENFP
 0000:32C8       __GETFP
 0000:3312       _fopen
 0000:3347       _fprintf
 0000:3457       _fread
 0000:34E5       _fscanf
 0000:358B       _fseek
 0000:360B       _ftell
 0000:3719       __fgetc
 0000:372E       __Nfgetc
 0000:3731       _fgetc
 0000:381F       _fgetchar
 0000:382B       _getenv
 0000:389B       _gets
 0000:391F       _memcpy
 0000:3943       _setmem
 0000:3967       _memset
 0000:39B3       _open
 0000:3B22       __open
 0000:3B71       _printf
 0000:3B8C       __fputc
 0000:3BA8       _fputc
 0000:3D3B       _fputchar
 0000:3D4F       __FPUTN
 0000:3F4E       ___read
 0000:401F       _setvbuf
 0000:417A       _sprintf
 0000:419C       _vsprintf
 0000:41BD       _strcat
 0000:41FC       _strcmp
 0000:422C       _strcpy
 0000:4255       _strlen
 0000:4274       _strncpy
 0000:42A5       _dostounix
 0000:43CF       _unixtodos
 0000:45D3       _tzset
 0000:47BF       __ISDST
 0000:489E       __Nungetc
 0000:48A1       _ungetc
 0000:490C       _vprintf
 0000:4926       ___write
 0000:4A75       __write
 0000:4AB1       __xfclose
 0000:4AEE       __xfflush
 0000:4B26       __fmemcpy
 0000:4B4A       __fsetmem
 0000:4B6E       __fmemset
 04B8:000D       _main
 04B8:0509       _hline
 04B8:0585       _setstim
 0543:0000       _SetupMoviePackage
 0543:01EE       _CleanupMoviePackage
 0543:0218       _initMovie
 0543:025C       _setMovie
 0543:029A       _runMovie
 05A6:0002       _goImages
 05A6:0081       _killImages
 05A6:00B3       _newImage
 05A6:0124       _downloadImage
 05A6:0151       _uploadImage
 05A6:017E       _drawText
 05A6:01C6       _loadImage
 05A6:029D       _saveImage
 05F7:0000       _initResponse
 05F7:004D       _freeResponse
 05F7:0071       _checkResponse
 05F7:00DE       _responseReady
 0607:0007       _error
 060B:000A       _msISR
 060B:003E       _InstallTimer
 060B:0066       _InitTimer
 060B:008D       _Wait
 060B:00B3       _SwitchTimer
 0618:000D       _FlushKeyBuf
 0618:002B       _KeyWaiting
 0618:0049       _GetKey
 0618:0059       _KeyPress
 0618:0092       _GetStick
 0623:000F       _setPicSettings
 0623:0037       _drawPicture
 0623:0377       _setVideoMode
 0623:03B0       _clearScreen
 0623:0493       _Retrace
 0623:04A3       _setPalette
 0623:052D       _writePalette
 0623:05C8       _readPalette
 0623:0672       _paletteSize
 0623:067C       _addColor
 0623:06B3       _findColor
 0623:0704       _makePalette
 069D:0006       _rotatexy
 069D:00F7       _openfontfile
 069D:01C2       _blobcopy
 069D:01EA       _bgi_closefont
 069D:0227       _bgi_deletefont
 069D:0254       _bgi_fontpath
 069D:026C       _bgi_getbasecharsize
 069D:02B5       _bgi_gettextsettings
 069D:02EB       _bgi_installuserfont
 069D:035B       _bgi_outtext
 069D:08D5       _bgi_outtextxy
 069D:091E       _bgi_registerbgifont
 069D:0967       _bgi_registerfarbgifont
 069D:09B3       _bgi_settextjustify
 069D:09E0       _bgi_settextstyle
 069D:0C37       _bgi_setusercharsize
 069D:0CF8       _bgi_textheight
 069D:0D38       _bgi_textwidth
 069D:0E9B       _loadCHRfont
 069D:11B0       _unloadCHRfont
 069D:11CB       _decodeCHRstroke
 069D:121E       _drawCHRchar
 069D:13DD       _loadROMfont
 069D:16D0       _unloadROMfont
 069D:16FA       _drawROMchar
 069D:190E       _loadGEMfont
 069D:1B93       _unloadGEMfont
 069D:1BBD       _drawGEMchar
 0880:000A       _XMMlibinit
 0880:0047       _XMMgetversion
 0880:007B       _XMMcoreleft
 0880:00C1       _XMMallcoreleft
 0880:0109       _XMMalloc
 0880:0164       _XMMrealloc
 0880:01C2       _XMMfree
 0880:01F7       __XMMcopy
 0880:039F       __XMMicopy
 08D1:0000       _getlinesettings
 08D1:0005       _setlinestyle
 08D1:000A       _line
 08D1:000F       _lineto
 08D1:0014       _getx
 08D1:001E       _gety
 08D1:0028       _getcolor
 08D1:0032       _getbkcolor
 08D1:003B       _moveto
 08D1:004C       _setcolor
 08D1:0057       _resetbounds
 08D1:006B       _SetGubs
 08D1:00C5       _putpixel
 08F2:000A       _putsquare3
 08F2:0061       _puttriangle3
 08F2:010D       _putcircle5
 08F2:01D0       _puttriangle
 08F2:029F       _putslopeline
 08F2:0432       _putsquare
 08F2:0517       _putrectangle
 08F2:0606       _putcircle
 08F2:06E7       _writeppm
 08F2:07D6       _putrandombox
 08F2:08FB       _putcheckerbox
 08F2:09E4       _putcross
 08F2:0A66       _putvline
 08F2:0A98       _puthline
 08F2:0ACA       _assign
 08F2:0B31       _distribute
 08F2:0B99       _randint
 08F2:0BDE       _gaussdev
 08F2:0CAF       _ran2
 08F2:0F88       _gen_init
 08F2:1169       _thankyou
 08F2:123D       _audio
 0A1E:2152       e086_Entry
 0A1E:26E0       e086_Shortcut
 0C96:0306       e087_Entry
 0C96:03C6       e087_Shortcut
 0C96:0430       e087_Trap
 0CF3:0000       DATASEG@
 0CF3:005B       __Int0Vector
 0CF3:005F       __Int4Vector
 0CF3:0063       __Int5Vector
 0CF3:0067       __Int6Vector
 0CF3:006B       __C0argc
 0CF3:006D       __C0argv
 0CF3:0071       __C0environ
 0CF3:0075       __envLng
 0CF3:0077       __envseg
 0CF3:0079       __envSize
 0CF3:007B       __psp
 0CF3:007D       __osversion
 0CF3:007D       __osmajor
 0CF3:007D       __version
 0CF3:007E       __osminor
 0CF3:007F       _errno
 0CF3:0081       __StartTime
 0CF3:0085       ___brklvl
 0CF3:0087       __heapbase
 0CF3:008B       __brklvl
 0CF3:008F       __heaptop
 0CF3:0094       _offset4
 0CF3:009E       _offset8
 0CF3:00A2       _length
 0CF3:034A       _font_path
 0CF3:03DA       _do_underline
 0CF3:03DC       _do_bold
 0CF3:03DE       _do_italics
 0CF3:03E0       _do_uselinestyle
 0CF3:03E2       _do_usebkcolor
 0CF3:03E4       _sin_table
 0CF3:0984       _cos_table
 0CF3:0F24       _userxscale
 0CF3:0F28       _useryscale
 0CF3:0F2C       _font_scale
 0CF3:0F58       _textinfo
 0CF3:0F62       _font_data
 0CF3:12EC       _font_list
 0CF3:19EA       __XMMerror
 0CF3:19EB       __XMMversion
 0CF3:19ED       _xmsif_vers_vers
 0CF3:1A0F       _xmsif_vers_date
 0CF3:1A18       _xmsif_vers_time
 0CF3:1A21       XMMentry
 0CF3:1A25       XMMinit
 0CF3:1A64       _bound_minx
 0CF3:1A66       _bound_maxx
 0CF3:1A68       _bound_miny
 0CF3:1A6A       _bound_maxy
 0CF3:1CC0       __8087
 0CF3:1CD0       __protected
 0CF3:1CD1       __LDT
 0CF3:1CD4       __default87
 0CF3:1CD6       __huge_flt
 0CF3:1CDA       __huge_dble
 0CF3:1CE2       __huge_ldble
 0CF3:1CEC       __indefinite
 0CF3:1CF0       __tiny_ldble
 0CF3:1CFA       __mathwhy
 0CF3:1EB0       __atexitcnt
 0CF3:1EB2       __ctype
 0CF3:1FB4       __exitbuf
 0CF3:1FB8       __exitfopen
 0CF3:1FBC       __exitopen
 0CF3:1FC0       __streams
 0CF3:2150       __nfile
 0CF3:2152       __openfd
 0CF3:217A       __fmode
 0CF3:217C       __notUmask
 0CF3:217E       __fpstklen
 0CF3:2180       __doserrno
 0CF3:2182       __dosErrorToSV
 0CF3:2266       __stklen
 0CF3:2308       _environ
 0CF3:231E       __monthDay
 0CF3:2338       _tzname
 0CF3:2340       _timezone
 0CF3:2344       _daylight
 0CF3:2352       __RealCvtVector
 0CF3:2356       __ScanTodVector
 0CF3:2586       _picBuf
 0CF3:258E       _Timer
 0CF3:25DA       _Palette
 0CF3:296E       __atexittbl
 0CF3:29FC       ___SignalPtr
 0F94:0000       __emu

Program entry point at 0000:0000

