
 Start  Stop   Length Name               Class

 00000H 04B8CH 04B8DH _TEXT              CODE
 04B8DH 0562CH 00AA0H C1_12_TEXT         CODE
 0562DH 05C5EH 00632H MOVIEOBJ_TEXT      CODE
 05C5FH 0616CH 0050EH IMAGE_TEXT         CODE
 0616DH 06273H 00107H RESPONSE_TEXT      CODE
 06274H 062B6H 00043H ERROR_TEXT         CODE
 062B7H 06389H 000D3H TIMER_TEXT         CODE
 0638AH 0643BH 000B2H INPUT_TEXT         CODE
 0643CH 06BD2H 00797H VIDEO_TEXT         CODE
 06BD3H 08A05H 01E33H BGIFNT_TEXT        CODE
 08A06H 08F0BH 00506H xmsif1_TEXT        CODE
 08F0CH 09125H 0021AH GUBS_TEXT          CODE
 09126H 0A3D7H 012B2H EXPTLIB_TEXT       CODE
 0A3E0H 0CB56H 02777H EMU_PROG           CODE
 0CB60H 0D127H 005C8H E87_PROG           CODE
 0D130H 0D130H 00000H _FARDATA           FAR_DATA
 0D130H 0D130H 00000H _FARBSS            FAR_BSS
 0D130H 0D130H 00000H _OVERLAY_          OVRINFO
 0D130H 0D130H 00000H _1STUB_            STUBSEG
 0D130H 0F481H 02352H _DATA              DATA
 0F482H 0F485H 00004H _CVTSEG            DATA
 0F486H 0F491H 0000CH _SCNSEG            DATA
 0F492H 0F492H 00000H _CONST             CONST
 0F492H 0F4AFH 0001EH _INIT_             INITDATA
 0F4B0H 0F4B0H 00000H _INITEND_          INITDATA
 0F4B0H 0F4B5H 00006H _EXIT_             EXITDATA
 0F4B6H 0F4B6H 00000H _EXITEND_          EXITDATA
 0F4B6H 0FB3BH 00686H _BSS               BSS
 0FB3CH 0FB3CH 00000H _BSSEND            BSSEND
 0FB40H 0FC4FH 00110H _STACK             STACK

  Address         Publics by Name

 0D13:0000       DATASEG@
 0000:0260       DGROUP@
 0A3E:2152       e086_Entry
 0A3E:26E0       e086_Shortcut
 0CB6:0306       e087_Entry
 0CB6:03C6       e087_Shortcut
 0CB6:0430       e087_Trap
 0000:FE32  Abs  FIARQQ
 0000:0E32  Abs  FICRQQ
 0000:5C32  Abs  FIDRQQ
 0000:1632  Abs  FIERQQ
 0000:0632  Abs  FISRQQ
 0000:A23D  Abs  FIWRQQ
 0000:4000  Abs  FJARQQ
 0000:C000  Abs  FJCRQQ
 0000:8000  Abs  FJSRQQ
 0000:1073       FTOL@
 0000:1073       F_FTOL@
 0000:1218       F_LDIV@
 0000:1227       F_LMOD@
 0000:121F       F_LUDIV@
 0000:122F       F_LUMOD@
 0000:12C6       F_LXLSH@
 0000:119C       F_LXMUL@
 0000:12E7       F_PADA@
 0000:136F       F_PADD@
 0000:132B       F_PSBA@
 0000:139E       F_PSUB@
 0000:11B3       F_SCOPY@
 0000:13D2       F_SPUSH@
 0000:1218       LDIV@
 0000:1227       LMOD@
 0000:121F       LUDIV@
 0000:122F       LUMOD@
 0000:12C6       LXLSH@
 0000:119C       LXMUL@
 0000:1215       N_LDIV@
 0000:1224       N_LMOD@
 0000:121C       N_LUDIV@
 0000:122C       N_LUMOD@
 0000:12C3       N_LXLSH@
 0000:15CE       N_LXMUL@
 0000:12E4       N_PADA@
 0000:136C       N_PADD@
 0000:15E5       N_PCMP@
 0000:1328       N_PSBA@
 0000:139B       N_PSUB@
 0000:13CC       N_SPUSH@
 0000:12E7       PADA@
 0000:136F       PADD@
 0000:132B       PSBA@
 0000:139E       PSUB@
 0000:11B3       SCOPY@
 0000:13D2       SPUSH@
 0D13:1A27       XMMentry
 0D13:1A2B       XMMinit
 0000:0249       _abort
 0643:0679       _addColor
 0912:0AC6       _assign
 0000:109F       _atexit
 0000:2DFC       _atoi
 0000:2D87       _atol
 0912:1239       _audio
 06BD:01E7       _bgi_closefont
 06BD:0224       _bgi_deletefont
 06BD:0251       _bgi_fontpath
 06BD:0269       _bgi_getbasecharsize
 06BD:02B2       _bgi_gettextsettings
 06BD:02E8       _bgi_installuserfont
 06BD:0358       _bgi_outtext
 06BD:08D2       _bgi_outtextxy
 06BD:091B       _bgi_registerbgifont
 06BD:0964       _bgi_registerfarbgifont
 06BD:09B0       _bgi_settextjustify
 06BD:09DD       _bgi_settextstyle
 06BD:0C34       _bgi_setusercharsize
 06BD:0CF5       _bgi_textheight
 06BD:0D35       _bgi_textwidth
 0000:23F4       _bioskey
 06BD:01BF       _blobcopy
 0D13:1A6C       _bound_maxx
 0D13:1A70       _bound_maxy
 0D13:1A6A       _bound_minx
 0D13:1A6E       _bound_miny
 0000:2419       _calloc
 0616:007E       _checkResponse
 0562:01FB       _CleanupMoviePackage
 0643:03AD       _clearScreen
 0000:2E2A       _close
 0000:1023       _cos
 0D13:098A       _cos_table
 0D13:2344       _daylight
 06BD:11C8       _decodeCHRstroke
 0000:24D3       _delay
 0912:0B2D       _distribute
 0000:42A5       _dostounix
 05C5:0131       _downloadImage
 0D13:03E2       _do_bold
 0D13:03E4       _do_italics
 0D13:03E0       _do_underline
 0D13:03E8       _do_usebkcolor
 0D13:03E6       _do_uselinestyle
 06BD:121B       _drawCHRchar
 06BD:1BBA       _drawGEMchar
 0643:0034       _drawPicture
 06BD:16F7       _drawROMchar
 05C5:018B       _drawText
 0D13:2308       _environ
 0000:2E70       _eof
 0D13:007F       _errno
 0627:0004       _error
 0000:1161       _exit
 0000:04BC       _fabs
 0000:2AA9       _farcalloc
 0000:2674       _farfree
 0000:2788       _farmalloc
 0000:28EC       _farrealloc
 0000:2EE7       _fclose
 0000:2F92       _fflush
 0000:3731       _fgetc
 0000:381F       _fgetchar
 0000:305F       _fgets
 0643:06B0       _findColor
 0000:30FB       _flushall
 0638:000A       _FlushKeyBuf
 0D13:0F68       _font_data
 0D13:12F2       _font_list
 0D13:0350       _font_path
 0D13:0F32       _font_scale
 0000:3312       _fopen
 0000:3347       _fprintf
 0000:3BA8       _fputc
 0000:3D3B       _fputchar
 0000:3457       _fread
 0000:2674       _free
 0616:005A       _freeResponse
 0000:34E5       _fscanf
 0000:358B       _fseek
 0000:360B       _ftell
 0912:0BDA       _gaussdev
 0912:0F84       _gen_init
 08F0:003E       _getbkcolor
 08F0:0034       _getcolor
 0000:11CF       _getdate
 0000:382B       _getenv
 0638:0046       _GetKey
 08F0:000C       _getlinesettings
 0000:389B       _gets
 0638:008F       _GetStick
 0000:11E2       _gettime
 0000:11F5       _getvect
 08F0:0020       _getx
 08F0:002A       _gety
 05C5:000F       _goImages
 04B8:085A       _hline
 0562:0225       _initMovie
 0616:000D       _initResponse
 062B:0063       _InitTimer
 062B:003B       _InstallTimer
 0000:2B39       _int86
 0000:2B6A       _int86x
 0000:2C03       _intr
 0000:2CA7       _ioctl
 0000:143E       _isatty
 0638:0056       _KeyPress
 0638:0028       _KeyWaiting
 05C5:008E       _killImages
 0D13:009E       _length
 08F0:0016       _line
 08F0:001B       _lineto
 06BD:0E98       _loadCHRfont
 06BD:190B       _loadGEMfont
 05C5:01D3       _loadImage
 06BD:13DA       _loadROMfont
 0000:0EFE       _log
 0000:14F1       _lseek
 04B8:000D       _main
 0643:0701       _makePalette
 0000:277E       _malloc
 0000:0E42       _matherr
 0000:391F       _memcpy
 0000:3967       _memset
 08F0:0047       _moveto
 062B:0007       _msISR
 05C5:00C0       _newImage
 0000:2D80       _nosound
 0D13:0094       _offset4
 0D13:009A       _offset8
 0000:39B3       _open
 06BD:00F4       _openfontfile
 0000:162A       _outp
 0000:1606       _outport
 0000:1612       _outportb
 0000:161E       _outpw
 0D13:25DA       _Palette
 0643:066F       _paletteSize
 0D13:2586       _picBuf
 0000:0E37       _pow10
 0000:3B71       _printf
 0912:08F7       _putcheckerbox
 0912:0602       _putcircle
 0912:0109       _putcircle5
 0912:09E0       _putcross
 0912:0A94       _puthline
 08F0:00D1       _putpixel
 0912:07D2       _putrandombox
 0912:0513       _putrectangle
 0912:029B       _putslopeline
 0912:042E       _putsquare
 0912:0006       _putsquare3
 0912:01CC       _puttriangle
 0912:005D       _puttriangle3
 0912:0A62       _putvline
 0912:0CAB       _ran2
 0912:0B95       _randint
 0643:05C5       _readPalette
 0000:28E5       _realloc
 08F0:0063       _resetbounds
 0616:00EB       _responseReady
 0643:0490       _Retrace
 06BD:0003       _rotatexy
 0562:02A7       _runMovie
 05C5:02AA       _saveImage
 0000:1D22       _segread
 0000:2CE0       _setblock
 08F0:0058       _setcolor
 0000:1D42       _setdate
 08F0:0077       _SetGubs
 08F0:0011       _setlinestyle
 0000:3943       _setmem
 0562:0269       _setMovie
 0643:04A0       _setPalette
 0643:000C       _setPicSettings
 04B8:08D6       _setstim
 0000:1D57       _settime
 0562:000D       _SetupMoviePackage
 0000:401F       _setvbuf
 0000:1204       _setvect
 0643:0374       _setVideoMode
 0000:0EAE       _sin
 0D13:03EA       _sin_table
 0000:2D54       _sound
 0000:417A       _sprintf
 0000:0E6C       _sqrt
 0000:1E22       _stime
 0000:41BD       _strcat
 0000:41FC       _strcmp
 0000:422C       _strcpy
 0000:4255       _strlen
 0000:4274       _strncpy
 062B:00B0       _SwitchTimer
 0000:1EBA       _tell
 0D13:0F5E       _textinfo
 0912:1165       _thankyou
 0000:1E62       _time
 0D13:258E       _Timer
 0D13:2340       _timezone
 0D13:2338       _tzname
 0000:45D3       _tzset
 0000:48A1       _ungetc
 0000:43CF       _unixtodos
 0000:1ED2       _unlink
 06BD:11AD       _unloadCHRfont
 06BD:1B90       _unloadGEMfont
 06BD:16CD       _unloadROMfont
 05C5:015E       _uploadImage
 0D13:0F2A       _userxscale
 0D13:0F2E       _useryscale
 04B8:0811       _vhline
 0000:490C       _vprintf
 0000:419C       _vsprintf
 062B:008A       _Wait
 0643:052A       _writePalette
 0912:06E3       _writeppm
 08A0:00BD       _XMMallcoreleft
 08A0:0105       _XMMalloc
 08A0:0077       _XMMcoreleft
 08A0:01BE       _XMMfree
 08A0:0043       _XMMgetversion
 08A0:0006       _XMMlibinit
 08A0:0160       _XMMrealloc
 0D13:1A15       _xmsif_vers_date
 0D13:1A1E       _xmsif_vers_time
 0D13:19F3       _xmsif_vers_vers
 0D13:1CC0       __8087
 0000:1000  Abs  __AHINCR
 0000:000C  Abs  __AHSHIFT
 0D13:1EB0       __atexitcnt
 0D13:296E       __atexittbl
 0000:29DC       __brk
 0D13:008B       __brklvl
 0D13:006B       __C0argc
 0D13:006D       __C0argv
 0D13:0071       __C0environ
 0000:1182       __cexit
 0000:0167       __checknull
 0000:2E0D       __chmod
 0000:0154       __cleanup
 0000:2E52       __close
 0D13:1EB2       __ctype
 0000:0000  Abs  __cvtfak
 0000:1190       __c_exit
 0D13:1CD4       __default87
 0D13:2180       __doserrno
 0000:142C       __DOSERROR
 0D13:2182       __dosErrorToSV
 0000:10CC       __dos_getfileattr
 0000:10EC       __dos_setfileattr
 0FB4:0000       __emu
 0D13:0075       __envLng
 0D13:0077       __envseg
 0D13:0079       __envSize
 0000:1170       __exit
 0D13:1FB4       __exitbuf
 0D13:1FB8       __exitfopen
 0D13:1FBC       __exitopen
 0000:3719       __fgetc
 0000:8087  Abs  __floatconvert
 0000:4B26       __fmemcpy
 0000:4B6E       __fmemset
 0D13:217A       __fmode
 0000:0CBF       __fperror
 0D13:217E       __fpstklen
 0000:04B8       __fpuint
 0000:3B8C       __fputc
 0000:3D4F       __FPUTN
 0000:4B4A       __fsetmem
 0000:32C8       __GETFP
 0D13:0087       __heapbase
 0D13:008F       __heaptop
 0D13:1CDA       __huge_dble
 0D13:1CD6       __huge_flt
 0D13:1CE2       __huge_ldble
 0D13:1CEC       __indefinite
 0D13:005B       __Int0Vector
 0D13:005F       __Int4Vector
 0D13:0063       __Int5Vector
 0D13:0067       __Int6Vector
 0000:13F3       __IOERROR
 0000:47BF       __ISDST
 0D13:1CD1       __LDT
 0000:04CB       __LDTRUNC
 0000:144F       __LONGTOA
 0000:0F7A       __matherr
 0D13:1CFA       __mathwhy
 0000:151A       __MKNAME
 0000:0262       __MMODEL
 0D13:231E       __monthDay
 0000:372E       __Nfgetc
 0D13:2150       __nfile
 0D13:217C       __notUmask
 0000:489E       __Nungetc
 0000:3B22       __open
 0D13:2152       __openfd
 0000:31F9       __OPENFP
 0D13:007D       __osmajor
 0D13:007E       __osminor
 0D13:007D       __osversion
 0000:0D6E       __POW10
 0D13:1CD0       __protected
 0D13:007B       __psp
 0000:1638       __read
 0000:2CD0       __REALCVT
 0D13:2352       __RealCvtVector
 0000:01BD       __restorezero
 0000:2A1B       __sbrk
 0000:1667       __scanner
 0000:2CDC       __scanpop
 0000:2CD8       __scanrslt
 0000:2CD4       __scantod
 0D13:2356       __ScanTodVector
 0000:1B80       __scantol
 0000:0000  Abs  __setenvp__
 0000:1D6C       __setupio
 0D13:0081       __StartTime
 0D13:2266       __stklen
 0000:23C0       __stpcpy
 0D13:1FC0       __streams
 0000:0168       __terminate
 0D13:1CF0       __tiny_ldble
 0000:1577       __TMPNAM
 0000:0000  Abs  __turboCvt
 0000:8087  Abs  __turboFloat
 0000:14D1       __UTOA
 0D13:007D       __version
 0000:1F02       __VPRINTER
 0000:4A75       __write
 0000:0AB7       __XCVT
 0000:4AB1       __xfclose
 0000:4AEE       __xfflush
 08A0:01F3       __XMMcopy
 0D13:19F0       __XMMerror
 08A0:039B       __XMMicopy
 0D13:19F1       __XMMversion
 0D13:0085       ___brklvl
 0000:2534       ___first
 0000:03D1       ___fpreset
 0000:2536       ___last
 0000:3F4E       ___read
 0000:2538       ___rover
 0D13:29FC       ___SignalPtr
 0000:4926       ___write

  Address         Publics by Value

 0000:0000  Abs  __turboCvt
 0000:0000  Abs  __cvtfak
 0000:0000  Abs  __setenvp__
 0000:000C  Abs  __AHSHIFT
 0000:0632  Abs  FISRQQ
 0000:0E32  Abs  FICRQQ
 0000:1000  Abs  __AHINCR
 0000:1632  Abs  FIERQQ
 0000:4000  Abs  FJARQQ
 0000:5C32  Abs  FIDRQQ
 0000:8000  Abs  FJSRQQ
 0000:8087  Abs  __turboFloat
 0000:8087  Abs  __floatconvert
 0000:A23D  Abs  FIWRQQ
 0000:C000  Abs  FJCRQQ
 0000:FE32  Abs  FIARQQ
 0000:0154       __cleanup
 0000:0167       __checknull
 0000:0168       __terminate
 0000:01BD       __restorezero
 0000:0249       _abort
 0000:0260       DGROUP@
 0000:0262       __MMODEL
 0000:03D1       ___fpreset
 0000:04B8       __fpuint
 0000:04BC       _fabs
 0000:04CB       __LDTRUNC
 0000:0AB7       __XCVT
 0000:0CBF       __fperror
 0000:0D6E       __POW10
 0000:0E37       _pow10
 0000:0E42       _matherr
 0000:0E6C       _sqrt
 0000:0EAE       _sin
 0000:0EFE       _log
 0000:0F7A       __matherr
 0000:1023       _cos
 0000:1073       F_FTOL@
 0000:1073       FTOL@
 0000:109F       _atexit
 0000:10CC       __dos_getfileattr
 0000:10EC       __dos_setfileattr
 0000:1161       _exit
 0000:1170       __exit
 0000:1182       __cexit
 0000:1190       __c_exit
 0000:119C       F_LXMUL@
 0000:119C       LXMUL@
 0000:11B3       F_SCOPY@
 0000:11B3       SCOPY@
 0000:11CF       _getdate
 0000:11E2       _gettime
 0000:11F5       _getvect
 0000:1204       _setvect
 0000:1215       N_LDIV@
 0000:1218       F_LDIV@
 0000:1218       LDIV@
 0000:121C       N_LUDIV@
 0000:121F       F_LUDIV@
 0000:121F       LUDIV@
 0000:1224       N_LMOD@
 0000:1227       F_LMOD@
 0000:1227       LMOD@
 0000:122C       N_LUMOD@
 0000:122F       LUMOD@
 0000:122F       F_LUMOD@
 0000:12C3       N_LXLSH@
 0000:12C6       LXLSH@
 0000:12C6       F_LXLSH@
 0000:12E4       N_PADA@
 0000:12E7       F_PADA@
 0000:12E7       PADA@
 0000:1328       N_PSBA@
 0000:132B       PSBA@
 0000:132B       F_PSBA@
 0000:136C       N_PADD@
 0000:136F       F_PADD@
 0000:136F       PADD@
 0000:139B       N_PSUB@
 0000:139E       F_PSUB@
 0000:139E       PSUB@
 0000:13CC       N_SPUSH@
 0000:13D2       F_SPUSH@
 0000:13D2       SPUSH@
 0000:13F3       __IOERROR
 0000:142C       __DOSERROR
 0000:143E       _isatty
 0000:144F       __LONGTOA
 0000:14D1       __UTOA
 0000:14F1       _lseek
 0000:151A       __MKNAME
 0000:1577       __TMPNAM
 0000:15CE       N_LXMUL@
 0000:15E5       N_PCMP@
 0000:1606       _outport
 0000:1612       _outportb
 0000:161E       _outpw
 0000:162A       _outp
 0000:1638       __read
 0000:1667       __scanner
 0000:1B80       __scantol
 0000:1D22       _segread
 0000:1D42       _setdate
 0000:1D57       _settime
 0000:1D6C       __setupio
 0000:1E22       _stime
 0000:1E62       _time
 0000:1EBA       _tell
 0000:1ED2       _unlink
 0000:1F02       __VPRINTER
 0000:23C0       __stpcpy
 0000:23F4       _bioskey
 0000:2419       _calloc
 0000:24D3       _delay
 0000:2534       ___first
 0000:2536       ___last
 0000:2538       ___rover
 0000:2674       _farfree
 0000:2674       _free
 0000:277E       _malloc
 0000:2788       _farmalloc
 0000:28E5       _realloc
 0000:28EC       _farrealloc
 0000:29DC       __brk
 0000:2A1B       __sbrk
 0000:2AA9       _farcalloc
 0000:2B39       _int86
 0000:2B6A       _int86x
 0000:2C03       _intr
 0000:2CA7       _ioctl
 0000:2CD0       __REALCVT
 0000:2CD4       __scantod
 0000:2CD8       __scanrslt
 0000:2CDC       __scanpop
 0000:2CE0       _setblock
 0000:2D54       _sound
 0000:2D80       _nosound
 0000:2D87       _atol
 0000:2DFC       _atoi
 0000:2E0D       __chmod
 0000:2E2A       _close
 0000:2E52       __close
 0000:2E70       _eof
 0000:2EE7       _fclose
 0000:2F92       _fflush
 0000:305F       _fgets
 0000:30FB       _flushall
 0000:31F9       __OPENFP
 0000:32C8       __GETFP
 0000:3312       _fopen
 0000:3347       _fprintf
 0000:3457       _fread
 0000:34E5       _fscanf
 0000:358B       _fseek
 0000:360B       _ftell
 0000:3719       __fgetc
 0000:372E       __Nfgetc
 0000:3731       _fgetc
 0000:381F       _fgetchar
 0000:382B       _getenv
 0000:389B       _gets
 0000:391F       _memcpy
 0000:3943       _setmem
 0000:3967       _memset
 0000:39B3       _open
 0000:3B22       __open
 0000:3B71       _printf
 0000:3B8C       __fputc
 0000:3BA8       _fputc
 0000:3D3B       _fputchar
 0000:3D4F       __FPUTN
 0000:3F4E       ___read
 0000:401F       _setvbuf
 0000:417A       _sprintf
 0000:419C       _vsprintf
 0000:41BD       _strcat
 0000:41FC       _strcmp
 0000:422C       _strcpy
 0000:4255       _strlen
 0000:4274       _strncpy
 0000:42A5       _dostounix
 0000:43CF       _unixtodos
 0000:45D3       _tzset
 0000:47BF       __ISDST
 0000:489E       __Nungetc
 0000:48A1       _ungetc
 0000:490C       _vprintf
 0000:4926       ___write
 0000:4A75       __write
 0000:4AB1       __xfclose
 0000:4AEE       __xfflush
 0000:4B26       __fmemcpy
 0000:4B4A       __fsetmem
 0000:4B6E       __fmemset
 04B8:000D       _main
 04B8:0811       _vhline
 04B8:085A       _hline
 04B8:08D6       _setstim
 0562:000D       _SetupMoviePackage
 0562:01FB       _CleanupMoviePackage
 0562:0225       _initMovie
 0562:0269       _setMovie
 0562:02A7       _runMovie
 05C5:000F       _goImages
 05C5:008E       _killImages
 05C5:00C0       _newImage
 05C5:0131       _downloadImage
 05C5:015E       _uploadImage
 05C5:018B       _drawText
 05C5:01D3       _loadImage
 05C5:02AA       _saveImage
 0616:000D       _initResponse
 0616:005A       _freeResponse
 0616:007E       _checkResponse
 0616:00EB       _responseReady
 0627:0004       _error
 062B:0007       _msISR
 062B:003B       _InstallTimer
 062B:0063       _InitTimer
 062B:008A       _Wait
 062B:00B0       _SwitchTimer
 0638:000A       _FlushKeyBuf
 0638:0028       _KeyWaiting
 0638:0046       _GetKey
 0638:0056       _KeyPress
 0638:008F       _GetStick
 0643:000C       _setPicSettings
 0643:0034       _drawPicture
 0643:0374       _setVideoMode
 0643:03AD       _clearScreen
 0643:0490       _Retrace
 0643:04A0       _setPalette
 0643:052A       _writePalette
 0643:05C5       _readPalette
 0643:066F       _paletteSize
 0643:0679       _addColor
 0643:06B0       _findColor
 0643:0701       _makePalette
 06BD:0003       _rotatexy
 06BD:00F4       _openfontfile
 06BD:01BF       _blobcopy
 06BD:01E7       _bgi_closefont
 06BD:0224       _bgi_deletefont
 06BD:0251       _bgi_fontpath
 06BD:0269       _bgi_getbasecharsize
 06BD:02B2       _bgi_gettextsettings
 06BD:02E8       _bgi_installuserfont
 06BD:0358       _bgi_outtext
 06BD:08D2       _bgi_outtextxy
 06BD:091B       _bgi_registerbgifont
 06BD:0964       _bgi_registerfarbgifont
 06BD:09B0       _bgi_settextjustify
 06BD:09DD       _bgi_settextstyle
 06BD:0C34       _bgi_setusercharsize
 06BD:0CF5       _bgi_textheight
 06BD:0D35       _bgi_textwidth
 06BD:0E98       _loadCHRfont
 06BD:11AD       _unloadCHRfont
 06BD:11C8       _decodeCHRstroke
 06BD:121B       _drawCHRchar
 06BD:13DA       _loadROMfont
 06BD:16CD       _unloadROMfont
 06BD:16F7       _drawROMchar
 06BD:190B       _loadGEMfont
 06BD:1B90       _unloadGEMfont
 06BD:1BBA       _drawGEMchar
 08A0:0006       _XMMlibinit
 08A0:0043       _XMMgetversion
 08A0:0077       _XMMcoreleft
 08A0:00BD       _XMMallcoreleft
 08A0:0105       _XMMalloc
 08A0:0160       _XMMrealloc
 08A0:01BE       _XMMfree
 08A0:01F3       __XMMcopy
 08A0:039B       __XMMicopy
 08F0:000C       _getlinesettings
 08F0:0011       _setlinestyle
 08F0:0016       _line
 08F0:001B       _lineto
 08F0:0020       _getx
 08F0:002A       _gety
 08F0:0034       _getcolor
 08F0:003E       _getbkcolor
 08F0:0047       _moveto
 08F0:0058       _setcolor
 08F0:0063       _resetbounds
 08F0:0077       _SetGubs
 08F0:00D1       _putpixel
 0912:0006       _putsquare3
 0912:005D       _puttriangle3
 0912:0109       _putcircle5
 0912:01CC       _puttriangle
 0912:029B       _putslopeline
 0912:042E       _putsquare
 0912:0513       _putrectangle
 0912:0602       _putcircle
 0912:06E3       _writeppm
 0912:07D2       _putrandombox
 0912:08F7       _putcheckerbox
 0912:09E0       _putcross
 0912:0A62       _putvline
 0912:0A94       _puthline
 0912:0AC6       _assign
 0912:0B2D       _distribute
 0912:0B95       _randint
 0912:0BDA       _gaussdev
 0912:0CAB       _ran2
 0912:0F84       _gen_init
 0912:1165       _thankyou
 0912:1239       _audio
 0A3E:2152       e086_Entry
 0A3E:26E0       e086_Shortcut
 0CB6:0306       e087_Entry
 0CB6:03C6       e087_Shortcut
 0CB6:0430       e087_Trap
 0D13:0000       DATASEG@
 0D13:005B       __Int0Vector
 0D13:005F       __Int4Vector
 0D13:0063       __Int5Vector
 0D13:0067       __Int6Vector
 0D13:006B       __C0argc
 0D13:006D       __C0argv
 0D13:0071       __C0environ
 0D13:0075       __envLng
 0D13:0077       __envseg
 0D13:0079       __envSize
 0D13:007B       __psp
 0D13:007D       __osversion
 0D13:007D       __osmajor
 0D13:007D       __version
 0D13:007E       __osminor
 0D13:007F       _errno
 0D13:0081       __StartTime
 0D13:0085       ___brklvl
 0D13:0087       __heapbase
 0D13:008B       __brklvl
 0D13:008F       __heaptop
 0D13:0094       _offset4
 0D13:009A       _offset8
 0D13:009E       _length
 0D13:0350       _font_path
 0D13:03E0       _do_underline
 0D13:03E2       _do_bold
 0D13:03E4       _do_italics
 0D13:03E6       _do_uselinestyle
 0D13:03E8       _do_usebkcolor
 0D13:03EA       _sin_table
 0D13:098A       _cos_table
 0D13:0F2A       _userxscale
 0D13:0F2E       _useryscale
 0D13:0F32       _font_scale
 0D13:0F5E       _textinfo
 0D13:0F68       _font_data
 0D13:12F2       _font_list
 0D13:19F0       __XMMerror
 0D13:19F1       __XMMversion
 0D13:19F3       _xmsif_vers_vers
 0D13:1A15       _xmsif_vers_date
 0D13:1A1E       _xmsif_vers_time
 0D13:1A27       XMMentry
 0D13:1A2B       XMMinit
 0D13:1A6A       _bound_minx
 0D13:1A6C       _bound_maxx
 0D13:1A6E       _bound_miny
 0D13:1A70       _bound_maxy
 0D13:1CC0       __8087
 0D13:1CD0       __protected
 0D13:1CD1       __LDT
 0D13:1CD4       __default87
 0D13:1CD6       __huge_flt
 0D13:1CDA       __huge_dble
 0D13:1CE2       __huge_ldble
 0D13:1CEC       __indefinite
 0D13:1CF0       __tiny_ldble
 0D13:1CFA       __mathwhy
 0D13:1EB0       __atexitcnt
 0D13:1EB2       __ctype
 0D13:1FB4       __exitbuf
 0D13:1FB8       __exitfopen
 0D13:1FBC       __exitopen
 0D13:1FC0       __streams
 0D13:2150       __nfile
 0D13:2152       __openfd
 0D13:217A       __fmode
 0D13:217C       __notUmask
 0D13:217E       __fpstklen
 0D13:2180       __doserrno
 0D13:2182       __dosErrorToSV
 0D13:2266       __stklen
 0D13:2308       _environ
 0D13:231E       __monthDay
 0D13:2338       _tzname
 0D13:2340       _timezone
 0D13:2344       _daylight
 0D13:2352       __RealCvtVector
 0D13:2356       __ScanTodVector
 0D13:2586       _picBuf
 0D13:258E       _Timer
 0D13:25DA       _Palette
 0D13:296E       __atexittbl
 0D13:29FC       ___SignalPtr
 0FB4:0000       __emu

Program entry point at 0000:0000

