
 Start  Stop   Length Name               Class

 00000H 04B8CH 04B8DH _TEXT              CODE
 04B8DH 054A2H 00916H C1_2_TEXT          CODE
 054A3H 05AD4H 00632H MOVIEOBJ_TEXT      CODE
 05AD5H 05FE2H 0050EH IMAGE_TEXT         CODE
 05FE3H 060E9H 00107H RESPONSE_TEXT      CODE
 060EAH 0612CH 00043H ERROR_TEXT         CODE
 0612DH 061FFH 000D3H TIMER_TEXT         CODE
 06200H 062B1H 000B2H INPUT_TEXT         CODE
 062B2H 06A48H 00797H VIDEO_TEXT         CODE
 06A49H 0887BH 01E33H BGIFNT_TEXT        CODE
 0887CH 08D81H 00506H xmsif1_TEXT        CODE
 08D82H 08F9BH 0021AH GUBS_TEXT          CODE
 08F9CH 0A24DH 012B2H EXPTLIB_TEXT       CODE
 0A250H 0C9C6H 02777H EMU_PROG           CODE
 0C9D0H 0CF97H 005C8H E87_PROG           CODE
 0CFA0H 0CFA0H 00000H _FARDATA           FAR_DATA
 0CFA0H 0CFA0H 00000H _FARBSS            FAR_BSS
 0CFA0H 0CFA0H 00000H _OVERLAY_          OVRINFO
 0CFA0H 0CFA0H 00000H _1STUB_            STUBSEG
 0CFA0H 0F331H 02392H _DATA              DATA
 0F332H 0F335H 00004H _CVTSEG            DATA
 0F336H 0F341H 0000CH _SCNSEG            DATA
 0F342H 0F342H 00000H _CONST             CONST
 0F342H 0F35FH 0001EH _INIT_             INITDATA
 0F360H 0F360H 00000H _INITEND_          INITDATA
 0F360H 0F365H 00006H _EXIT_             EXITDATA
 0F366H 0F366H 00000H _EXITEND_          EXITDATA
 0F366H 0F9EBH 00686H _BSS               BSS
 0F9ECH 0F9ECH 00000H _BSSEND            BSSEND
 0F9F0H 0FAFFH 00110H _STACK             STACK

  Address         Publics by Name

 0CFA:0000       DATASEG@
 0000:0260       DGROUP@
 0A25:2152       e086_Entry
 0A25:26E0       e086_Shortcut
 0C9D:0306       e087_Entry
 0C9D:03C6       e087_Shortcut
 0C9D:0430       e087_Trap
 0000:FE32  Abs  FIARQQ
 0000:0E32  Abs  FICRQQ
 0000:5C32  Abs  FIDRQQ
 0000:1632  Abs  FIERQQ
 0000:0632  Abs  FISRQQ
 0000:A23D  Abs  FIWRQQ
 0000:4000  Abs  FJARQQ
 0000:C000  Abs  FJCRQQ
 0000:8000  Abs  FJSRQQ
 0000:1073       FTOL@
 0000:1073       F_FTOL@
 0000:1218       F_LDIV@
 0000:1227       F_LMOD@
 0000:121F       F_LUDIV@
 0000:122F       F_LUMOD@
 0000:12C6       F_LXLSH@
 0000:119C       F_LXMUL@
 0000:12E7       F_PADA@
 0000:136F       F_PADD@
 0000:132B       F_PSBA@
 0000:139E       F_PSUB@
 0000:11B3       F_SCOPY@
 0000:13D2       F_SPUSH@
 0000:1218       LDIV@
 0000:1227       LMOD@
 0000:121F       LUDIV@
 0000:122F       LUMOD@
 0000:12C6       LXLSH@
 0000:119C       LXMUL@
 0000:1215       N_LDIV@
 0000:1224       N_LMOD@
 0000:121C       N_LUDIV@
 0000:122C       N_LUMOD@
 0000:12C3       N_LXLSH@
 0000:15CE       N_LXMUL@
 0000:12E4       N_PADA@
 0000:136C       N_PADD@
 0000:15E5       N_PCMP@
 0000:1328       N_PSBA@
 0000:139B       N_PSUB@
 0000:13CC       N_SPUSH@
 0000:12E7       PADA@
 0000:136F       PADD@
 0000:132B       PSBA@
 0000:139E       PSUB@
 0000:11B3       SCOPY@
 0000:13D2       SPUSH@
 0CFA:1A69       XMMentry
 0CFA:1A6D       XMMinit
 0000:0249       _abort
 062B:066F       _addColor
 08F9:0ACC       _assign
 0000:109F       _atexit
 0000:2DFC       _atoi
 0000:2D87       _atol
 08F9:123F       _audio
 06A4:01ED       _bgi_closefont
 06A4:022A       _bgi_deletefont
 06A4:0257       _bgi_fontpath
 06A4:026F       _bgi_getbasecharsize
 06A4:02B8       _bgi_gettextsettings
 06A4:02EE       _bgi_installuserfont
 06A4:035E       _bgi_outtext
 06A4:08D8       _bgi_outtextxy
 06A4:0921       _bgi_registerbgifont
 06A4:096A       _bgi_registerfarbgifont
 06A4:09B6       _bgi_settextjustify
 06A4:09E3       _bgi_settextstyle
 06A4:0C3A       _bgi_setusercharsize
 06A4:0CFB       _bgi_textheight
 06A4:0D3B       _bgi_textwidth
 0000:23F4       _bioskey
 06A4:01C5       _blobcopy
 0CFA:1AAE       _bound_maxx
 0CFA:1AB2       _bound_maxy
 0CFA:1AAC       _bound_minx
 0CFA:1AB0       _bound_miny
 0000:2419       _calloc
 05FE:0074       _checkResponse
 054A:01F1       _CleanupMoviePackage
 062B:03A3       _clearScreen
 0000:2E2A       _close
 0000:1023       _cos
 0CFA:09CC       _cos_table
 0CFA:2384       _daylight
 06A4:11CE       _decodeCHRstroke
 0000:24D3       _delay
 08F9:0B33       _distribute
 0000:42A5       _dostounix
 05AD:0127       _downloadImage
 0CFA:0424       _do_bold
 0CFA:0426       _do_italics
 0CFA:0422       _do_underline
 0CFA:042A       _do_usebkcolor
 0CFA:0428       _do_uselinestyle
 06A4:1221       _drawCHRchar
 06A4:1BC0       _drawGEMchar
 062B:002A       _drawPicture
 06A4:16FD       _drawROMchar
 05AD:0181       _drawText
 0CFA:2348       _environ
 0000:2E70       _eof
 0CFA:007F       _errno
 060E:000A       _error
 0000:1161       _exit
 0000:04BC       _fabs
 0000:2AA9       _farcalloc
 0000:2674       _farfree
 0000:2788       _farmalloc
 0000:28EC       _farrealloc
 0000:2EE7       _fclose
 0000:2F92       _fflush
 0000:3731       _fgetc
 0000:381F       _fgetchar
 0000:305F       _fgets
 062B:06A6       _findColor
 0000:30FB       _flushall
 0620:0000       _FlushKeyBuf
 0CFA:0FAA       _font_data
 0CFA:1334       _font_list
 0CFA:0392       _font_path
 0CFA:0F74       _font_scale
 0000:3312       _fopen
 0000:3347       _fprintf
 0000:3BA8       _fputc
 0000:3D3B       _fputchar
 0000:3457       _fread
 0000:2674       _free
 05FE:0050       _freeResponse
 0000:34E5       _fscanf
 0000:358B       _fseek
 0000:360B       _ftell
 08F9:0BE0       _gaussdev
 08F9:0F8A       _gen_init
 08D8:0034       _getbkcolor
 08D8:002A       _getcolor
 0000:11CF       _getdate
 0000:382B       _getenv
 0620:003C       _GetKey
 08D8:0002       _getlinesettings
 0000:389B       _gets
 0620:0085       _GetStick
 0000:11E2       _gettime
 0000:11F5       _getvect
 08D8:0016       _getx
 08D8:0020       _gety
 05AD:0005       _goImages
 04B8:06A9       _hline
 054A:021B       _initMovie
 05FE:0003       _initResponse
 0612:0069       _InitTimer
 0612:0041       _InstallTimer
 0000:2B39       _int86
 0000:2B6A       _int86x
 0000:2C03       _intr
 0000:2CA7       _ioctl
 0000:143E       _isatty
 0620:004C       _KeyPress
 0620:001E       _KeyWaiting
 05AD:0084       _killImages
 0CFA:009E       _length
 08D8:000C       _line
 08D8:0011       _lineto
 06A4:0E9E       _loadCHRfont
 06A4:1911       _loadGEMfont
 05AD:01C9       _loadImage
 06A4:13E0       _loadROMfont
 0000:0EFE       _log
 0000:14F1       _lseek
 04B8:000D       _main
 062B:06F7       _makePalette
 0000:277E       _malloc
 0000:0E42       _matherr
 0000:391F       _memcpy
 0000:3967       _memset
 08D8:003D       _moveto
 0612:000D       _msISR
 05AD:00B6       _newImage
 0000:2D80       _nosound
 0CFA:0094       _offset4
 0CFA:009A       _offset8
 0000:39B3       _open
 06A4:00FA       _openfontfile
 0CFA:00B6       _order
 0000:162A       _outp
 0000:1606       _outport
 0000:1612       _outportb
 0000:161E       _outpw
 0CFA:261A       _Palette
 062B:0665       _paletteSize
 0CFA:25C6       _picBuf
 0000:0E37       _pow10
 0000:3B71       _printf
 08F9:08FD       _putcheckerbox
 08F9:0608       _putcircle
 08F9:010F       _putcircle5
 08F9:09E6       _putcross
 08F9:0A9A       _puthline
 08D8:00C7       _putpixel
 08F9:07D8       _putrandombox
 08F9:0519       _putrectangle
 08F9:02A1       _putslopeline
 08F9:0434       _putsquare
 08F9:000C       _putsquare3
 08F9:01D2       _puttriangle
 08F9:0063       _puttriangle3
 08F9:0A68       _putvline
 08F9:0CB1       _ran2
 08F9:0B9B       _randint
 062B:05BB       _readPalette
 0000:28E5       _realloc
 08D8:0059       _resetbounds
 05FE:00E1       _responseReady
 062B:0486       _Retrace
 06A4:0009       _rotatexy
 054A:029D       _runMovie
 05AD:02A0       _saveImage
 0000:1D22       _segread
 0000:2CE0       _setblock
 08D8:004E       _setcolor
 0000:1D42       _setdate
 08D8:006D       _SetGubs
 08D8:0007       _setlinestyle
 0000:3943       _setmem
 054A:025F       _setMovie
 062B:0496       _setPalette
 062B:0002       _setPicSettings
 04B8:0725       _setstim
 0000:1D57       _settime
 054A:0003       _SetupMoviePackage
 0000:401F       _setvbuf
 0000:1204       _setvect
 062B:036A       _setVideoMode
 0000:0EAE       _sin
 0CFA:042C       _sin_table
 0000:2D54       _sound
 0000:417A       _sprintf
 0000:0E6C       _sqrt
 0000:1E22       _stime
 0000:41BD       _strcat
 0000:41FC       _strcmp
 0000:422C       _strcpy
 0000:4255       _strlen
 0000:4274       _strncpy
 0612:00B6       _SwitchTimer
 0000:1EBA       _tell
 0CFA:0FA0       _textinfo
 08F9:116B       _thankyou
 0000:1E62       _time
 0CFA:25CE       _Timer
 0CFA:2380       _timezone
 0CFA:2378       _tzname
 0000:45D3       _tzset
 0000:48A1       _ungetc
 0000:43CF       _unixtodos
 0000:1ED2       _unlink
 06A4:11B3       _unloadCHRfont
 06A4:1B96       _unloadGEMfont
 06A4:16D3       _unloadROMfont
 05AD:0154       _uploadImage
 0CFA:0F6C       _userxscale
 0CFA:0F70       _useryscale
 04B8:0660       _vhline
 0000:490C       _vprintf
 0000:419C       _vsprintf
 0612:0090       _Wait
 062B:0520       _writePalette
 08F9:06E9       _writeppm
 0CFA:00D0       _xb
 0887:00C3       _XMMallcoreleft
 0887:010B       _XMMalloc
 0887:007D       _XMMcoreleft
 0887:01C4       _XMMfree
 0887:0049       _XMMgetversion
 0887:000C       _XMMlibinit
 0887:0166       _XMMrealloc
 0CFA:1A57       _xmsif_vers_date
 0CFA:1A60       _xmsif_vers_time
 0CFA:1A35       _xmsif_vers_vers
 0CFA:1D00       __8087
 0000:1000  Abs  __AHINCR
 0000:000C  Abs  __AHSHIFT
 0CFA:1EF0       __atexitcnt
 0CFA:29AE       __atexittbl
 0000:29DC       __brk
 0CFA:008B       __brklvl
 0CFA:006B       __C0argc
 0CFA:006D       __C0argv
 0CFA:0071       __C0environ
 0000:1182       __cexit
 0000:0167       __checknull
 0000:2E0D       __chmod
 0000:0154       __cleanup
 0000:2E52       __close
 0CFA:1EF2       __ctype
 0000:0000  Abs  __cvtfak
 0000:1190       __c_exit
 0CFA:1D14       __default87
 0CFA:21C0       __doserrno
 0000:142C       __DOSERROR
 0CFA:21C2       __dosErrorToSV
 0000:10CC       __dos_getfileattr
 0000:10EC       __dos_setfileattr
 0F9F:0000       __emu
 0CFA:0075       __envLng
 0CFA:0077       __envseg
 0CFA:0079       __envSize
 0000:1170       __exit
 0CFA:1FF4       __exitbuf
 0CFA:1FF8       __exitfopen
 0CFA:1FFC       __exitopen
 0000:3719       __fgetc
 0000:8087  Abs  __floatconvert
 0000:4B26       __fmemcpy
 0000:4B6E       __fmemset
 0CFA:21BA       __fmode
 0000:0CBF       __fperror
 0CFA:21BE       __fpstklen
 0000:04B8       __fpuint
 0000:3B8C       __fputc
 0000:3D4F       __FPUTN
 0000:4B4A       __fsetmem
 0000:32C8       __GETFP
 0CFA:0087       __heapbase
 0CFA:008F       __heaptop
 0CFA:1D1A       __huge_dble
 0CFA:1D16       __huge_flt
 0CFA:1D22       __huge_ldble
 0CFA:1D2C       __indefinite
 0CFA:005B       __Int0Vector
 0CFA:005F       __Int4Vector
 0CFA:0063       __Int5Vector
 0CFA:0067       __Int6Vector
 0000:13F3       __IOERROR
 0000:47BF       __ISDST
 0CFA:1D11       __LDT
 0000:04CB       __LDTRUNC
 0000:144F       __LONGTOA
 0000:0F7A       __matherr
 0CFA:1D3A       __mathwhy
 0000:151A       __MKNAME
 0000:0262       __MMODEL
 0CFA:235E       __monthDay
 0000:372E       __Nfgetc
 0CFA:2190       __nfile
 0CFA:21BC       __notUmask
 0000:489E       __Nungetc
 0000:3B22       __open
 0CFA:2192       __openfd
 0000:31F9       __OPENFP
 0CFA:007D       __osmajor
 0CFA:007E       __osminor
 0CFA:007D       __osversion
 0000:0D6E       __POW10
 0CFA:1D10       __protected
 0CFA:007B       __psp
 0000:1638       __read
 0000:2CD0       __REALCVT
 0CFA:2392       __RealCvtVector
 0000:01BD       __restorezero
 0000:2A1B       __sbrk
 0000:1667       __scanner
 0000:2CDC       __scanpop
 0000:2CD8       __scanrslt
 0000:2CD4       __scantod
 0CFA:2396       __ScanTodVector
 0000:1B80       __scantol
 0000:0000  Abs  __setenvp__
 0000:1D6C       __setupio
 0CFA:0081       __StartTime
 0CFA:22A6       __stklen
 0000:23C0       __stpcpy
 0CFA:2000       __streams
 0000:0168       __terminate
 0CFA:1D30       __tiny_ldble
 0000:1577       __TMPNAM
 0000:0000  Abs  __turboCvt
 0000:8087  Abs  __turboFloat
 0000:14D1       __UTOA
 0CFA:007D       __version
 0000:1F02       __VPRINTER
 0000:4A75       __write
 0000:0AB7       __XCVT
 0000:4AB1       __xfclose
 0000:4AEE       __xfflush
 0887:01F9       __XMMcopy
 0CFA:1A32       __XMMerror
 0887:03A1       __XMMicopy
 0CFA:1A33       __XMMversion
 0CFA:0085       ___brklvl
 0000:2534       ___first
 0000:03D1       ___fpreset
 0000:2536       ___last
 0000:3F4E       ___read
 0000:2538       ___rover
 0CFA:2A3C       ___SignalPtr
 0000:4926       ___write

  Address         Publics by Value

 0000:0000  Abs  __turboCvt
 0000:0000  Abs  __cvtfak
 0000:0000  Abs  __setenvp__
 0000:000C  Abs  __AHSHIFT
 0000:0632  Abs  FISRQQ
 0000:0E32  Abs  FICRQQ
 0000:1000  Abs  __AHINCR
 0000:1632  Abs  FIERQQ
 0000:4000  Abs  FJARQQ
 0000:5C32  Abs  FIDRQQ
 0000:8000  Abs  FJSRQQ
 0000:8087  Abs  __turboFloat
 0000:8087  Abs  __floatconvert
 0000:A23D  Abs  FIWRQQ
 0000:C000  Abs  FJCRQQ
 0000:FE32  Abs  FIARQQ
 0000:0154       __cleanup
 0000:0167       __checknull
 0000:0168       __terminate
 0000:01BD       __restorezero
 0000:0249       _abort
 0000:0260       DGROUP@
 0000:0262       __MMODEL
 0000:03D1       ___fpreset
 0000:04B8       __fpuint
 0000:04BC       _fabs
 0000:04CB       __LDTRUNC
 0000:0AB7       __XCVT
 0000:0CBF       __fperror
 0000:0D6E       __POW10
 0000:0E37       _pow10
 0000:0E42       _matherr
 0000:0E6C       _sqrt
 0000:0EAE       _sin
 0000:0EFE       _log
 0000:0F7A       __matherr
 0000:1023       _cos
 0000:1073       F_FTOL@
 0000:1073       FTOL@
 0000:109F       _atexit
 0000:10CC       __dos_getfileattr
 0000:10EC       __dos_setfileattr
 0000:1161       _exit
 0000:1170       __exit
 0000:1182       __cexit
 0000:1190       __c_exit
 0000:119C       F_LXMUL@
 0000:119C       LXMUL@
 0000:11B3       F_SCOPY@
 0000:11B3       SCOPY@
 0000:11CF       _getdate
 0000:11E2       _gettime
 0000:11F5       _getvect
 0000:1204       _setvect
 0000:1215       N_LDIV@
 0000:1218       F_LDIV@
 0000:1218       LDIV@
 0000:121C       N_LUDIV@
 0000:121F       F_LUDIV@
 0000:121F       LUDIV@
 0000:1224       N_LMOD@
 0000:1227       F_LMOD@
 0000:1227       LMOD@
 0000:122C       N_LUMOD@
 0000:122F       LUMOD@
 0000:122F       F_LUMOD@
 0000:12C3       N_LXLSH@
 0000:12C6       LXLSH@
 0000:12C6       F_LXLSH@
 0000:12E4       N_PADA@
 0000:12E7       F_PADA@
 0000:12E7       PADA@
 0000:1328       N_PSBA@
 0000:132B       PSBA@
 0000:132B       F_PSBA@
 0000:136C       N_PADD@
 0000:136F       F_PADD@
 0000:136F       PADD@
 0000:139B       N_PSUB@
 0000:139E       F_PSUB@
 0000:139E       PSUB@
 0000:13CC       N_SPUSH@
 0000:13D2       F_SPUSH@
 0000:13D2       SPUSH@
 0000:13F3       __IOERROR
 0000:142C       __DOSERROR
 0000:143E       _isatty
 0000:144F       __LONGTOA
 0000:14D1       __UTOA
 0000:14F1       _lseek
 0000:151A       __MKNAME
 0000:1577       __TMPNAM
 0000:15CE       N_LXMUL@
 0000:15E5       N_PCMP@
 0000:1606       _outport
 0000:1612       _outportb
 0000:161E       _outpw
 0000:162A       _outp
 0000:1638       __read
 0000:1667       __scanner
 0000:1B80       __scantol
 0000:1D22       _segread
 0000:1D42       _setdate
 0000:1D57       _settime
 0000:1D6C       __setupio
 0000:1E22       _stime
 0000:1E62       _time
 0000:1EBA       _tell
 0000:1ED2       _unlink
 0000:1F02       __VPRINTER
 0000:23C0       __stpcpy
 0000:23F4       _bioskey
 0000:2419       _calloc
 0000:24D3       _delay
 0000:2534       ___first
 0000:2536       ___last
 0000:2538       ___rover
 0000:2674       _farfree
 0000:2674       _free
 0000:277E       _malloc
 0000:2788       _farmalloc
 0000:28E5       _realloc
 0000:28EC       _farrealloc
 0000:29DC       __brk
 0000:2A1B       __sbrk
 0000:2AA9       _farcalloc
 0000:2B39       _int86
 0000:2B6A       _int86x
 0000:2C03       _intr
 0000:2CA7       _ioctl
 0000:2CD0       __REALCVT
 0000:2CD4       __scantod
 0000:2CD8       __scanrslt
 0000:2CDC       __scanpop
 0000:2CE0       _setblock
 0000:2D54       _sound
 0000:2D80       _nosound
 0000:2D87       _atol
 0000:2DFC       _atoi
 0000:2E0D       __chmod
 0000:2E2A       _close
 0000:2E52       __close
 0000:2E70       _eof
 0000:2EE7       _fclose
 0000:2F92       _fflush
 0000:305F       _fgets
 0000:30FB       _flushall
 0000:31F9       __OPENFP
 0000:32C8       __GETFP
 0000:3312       _fopen
 0000:3347       _fprintf
 0000:3457       _fread
 0000:34E5       _fscanf
 0000:358B       _fseek
 0000:360B       _ftell
 0000:3719       __fgetc
 0000:372E       __Nfgetc
 0000:3731       _fgetc
 0000:381F       _fgetchar
 0000:382B       _getenv
 0000:389B       _gets
 0000:391F       _memcpy
 0000:3943       _setmem
 0000:3967       _memset
 0000:39B3       _open
 0000:3B22       __open
 0000:3B71       _printf
 0000:3B8C       __fputc
 0000:3BA8       _fputc
 0000:3D3B       _fputchar
 0000:3D4F       __FPUTN
 0000:3F4E       ___read
 0000:401F       _setvbuf
 0000:417A       _sprintf
 0000:419C       _vsprintf
 0000:41BD       _strcat
 0000:41FC       _strcmp
 0000:422C       _strcpy
 0000:4255       _strlen
 0000:4274       _strncpy
 0000:42A5       _dostounix
 0000:43CF       _unixtodos
 0000:45D3       _tzset
 0000:47BF       __ISDST
 0000:489E       __Nungetc
 0000:48A1       _ungetc
 0000:490C       _vprintf
 0000:4926       ___write
 0000:4A75       __write
 0000:4AB1       __xfclose
 0000:4AEE       __xfflush
 0000:4B26       __fmemcpy
 0000:4B4A       __fsetmem
 0000:4B6E       __fmemset
 04B8:000D       _main
 04B8:0660       _vhline
 04B8:06A9       _hline
 04B8:0725       _setstim
 054A:0003       _SetupMoviePackage
 054A:01F1       _CleanupMoviePackage
 054A:021B       _initMovie
 054A:025F       _setMovie
 054A:029D       _runMovie
 05AD:0005       _goImages
 05AD:0084       _killImages
 05AD:00B6       _newImage
 05AD:0127       _downloadImage
 05AD:0154       _uploadImage
 05AD:0181       _drawText
 05AD:01C9       _loadImage
 05AD:02A0       _saveImage
 05FE:0003       _initResponse
 05FE:0050       _freeResponse
 05FE:0074       _checkResponse
 05FE:00E1       _responseReady
 060E:000A       _error
 0612:000D       _msISR
 0612:0041       _InstallTimer
 0612:0069       _InitTimer
 0612:0090       _Wait
 0612:00B6       _SwitchTimer
 0620:0000       _FlushKeyBuf
 0620:001E       _KeyWaiting
 0620:003C       _GetKey
 0620:004C       _KeyPress
 0620:0085       _GetStick
 062B:0002       _setPicSettings
 062B:002A       _drawPicture
 062B:036A       _setVideoMode
 062B:03A3       _clearScreen
 062B:0486       _Retrace
 062B:0496       _setPalette
 062B:0520       _writePalette
 062B:05BB       _readPalette
 062B:0665       _paletteSize
 062B:066F       _addColor
 062B:06A6       _findColor
 062B:06F7       _makePalette
 06A4:0009       _rotatexy
 06A4:00FA       _openfontfile
 06A4:01C5       _blobcopy
 06A4:01ED       _bgi_closefont
 06A4:022A       _bgi_deletefont
 06A4:0257       _bgi_fontpath
 06A4:026F       _bgi_getbasecharsize
 06A4:02B8       _bgi_gettextsettings
 06A4:02EE       _bgi_installuserfont
 06A4:035E       _bgi_outtext
 06A4:08D8       _bgi_outtextxy
 06A4:0921       _bgi_registerbgifont
 06A4:096A       _bgi_registerfarbgifont
 06A4:09B6       _bgi_settextjustify
 06A4:09E3       _bgi_settextstyle
 06A4:0C3A       _bgi_setusercharsize
 06A4:0CFB       _bgi_textheight
 06A4:0D3B       _bgi_textwidth
 06A4:0E9E       _loadCHRfont
 06A4:11B3       _unloadCHRfont
 06A4:11CE       _decodeCHRstroke
 06A4:1221       _drawCHRchar
 06A4:13E0       _loadROMfont
 06A4:16D3       _unloadROMfont
 06A4:16FD       _drawROMchar
 06A4:1911       _loadGEMfont
 06A4:1B96       _unloadGEMfont
 06A4:1BC0       _drawGEMchar
 0887:000C       _XMMlibinit
 0887:0049       _XMMgetversion
 0887:007D       _XMMcoreleft
 0887:00C3       _XMMallcoreleft
 0887:010B       _XMMalloc
 0887:0166       _XMMrealloc
 0887:01C4       _XMMfree
 0887:01F9       __XMMcopy
 0887:03A1       __XMMicopy
 08D8:0002       _getlinesettings
 08D8:0007       _setlinestyle
 08D8:000C       _line
 08D8:0011       _lineto
 08D8:0016       _getx
 08D8:0020       _gety
 08D8:002A       _getcolor
 08D8:0034       _getbkcolor
 08D8:003D       _moveto
 08D8:004E       _setcolor
 08D8:0059       _resetbounds
 08D8:006D       _SetGubs
 08D8:00C7       _putpixel
 08F9:000C       _putsquare3
 08F9:0063       _puttriangle3
 08F9:010F       _putcircle5
 08F9:01D2       _puttriangle
 08F9:02A1       _putslopeline
 08F9:0434       _putsquare
 08F9:0519       _putrectangle
 08F9:0608       _putcircle
 08F9:06E9       _writeppm
 08F9:07D8       _putrandombox
 08F9:08FD       _putcheckerbox
 08F9:09E6       _putcross
 08F9:0A68       _putvline
 08F9:0A9A       _puthline
 08F9:0ACC       _assign
 08F9:0B33       _distribute
 08F9:0B9B       _randint
 08F9:0BE0       _gaussdev
 08F9:0CB1       _ran2
 08F9:0F8A       _gen_init
 08F9:116B       _thankyou
 08F9:123F       _audio
 0A25:2152       e086_Entry
 0A25:26E0       e086_Shortcut
 0C9D:0306       e087_Entry
 0C9D:03C6       e087_Shortcut
 0C9D:0430       e087_Trap
 0CFA:0000       DATASEG@
 0CFA:005B       __Int0Vector
 0CFA:005F       __Int4Vector
 0CFA:0063       __Int5Vector
 0CFA:0067       __Int6Vector
 0CFA:006B       __C0argc
 0CFA:006D       __C0argv
 0CFA:0071       __C0environ
 0CFA:0075       __envLng
 0CFA:0077       __envseg
 0CFA:0079       __envSize
 0CFA:007B       __psp
 0CFA:007D       __osversion
 0CFA:007D       __osmajor
 0CFA:007D       __version
 0CFA:007E       __osminor
 0CFA:007F       _errno
 0CFA:0081       __StartTime
 0CFA:0085       ___brklvl
 0CFA:0087       __heapbase
 0CFA:008B       __brklvl
 0CFA:008F       __heaptop
 0CFA:0094       _offset4
 0CFA:009A       _offset8
 0CFA:009E       _length
 0CFA:00B6       _order
 0CFA:00D0       _xb
 0CFA:0392       _font_path
 0CFA:0422       _do_underline
 0CFA:0424       _do_bold
 0CFA:0426       _do_italics
 0CFA:0428       _do_uselinestyle
 0CFA:042A       _do_usebkcolor
 0CFA:042C       _sin_table
 0CFA:09CC       _cos_table
 0CFA:0F6C       _userxscale
 0CFA:0F70       _useryscale
 0CFA:0F74       _font_scale
 0CFA:0FA0       _textinfo
 0CFA:0FAA       _font_data
 0CFA:1334       _font_list
 0CFA:1A32       __XMMerror
 0CFA:1A33       __XMMversion
 0CFA:1A35       _xmsif_vers_vers
 0CFA:1A57       _xmsif_vers_date
 0CFA:1A60       _xmsif_vers_time
 0CFA:1A69       XMMentry
 0CFA:1A6D       XMMinit
 0CFA:1AAC       _bound_minx
 0CFA:1AAE       _bound_maxx
 0CFA:1AB0       _bound_miny
 0CFA:1AB2       _bound_maxy
 0CFA:1D00       __8087
 0CFA:1D10       __protected
 0CFA:1D11       __LDT
 0CFA:1D14       __default87
 0CFA:1D16       __huge_flt
 0CFA:1D1A       __huge_dble
 0CFA:1D22       __huge_ldble
 0CFA:1D2C       __indefinite
 0CFA:1D30       __tiny_ldble
 0CFA:1D3A       __mathwhy
 0CFA:1EF0       __atexitcnt
 0CFA:1EF2       __ctype
 0CFA:1FF4       __exitbuf
 0CFA:1FF8       __exitfopen
 0CFA:1FFC       __exitopen
 0CFA:2000       __streams
 0CFA:2190       __nfile
 0CFA:2192       __openfd
 0CFA:21BA       __fmode
 0CFA:21BC       __notUmask
 0CFA:21BE       __fpstklen
 0CFA:21C0       __doserrno
 0CFA:21C2       __dosErrorToSV
 0CFA:22A6       __stklen
 0CFA:2348       _environ
 0CFA:235E       __monthDay
 0CFA:2378       _tzname
 0CFA:2380       _timezone
 0CFA:2384       _daylight
 0CFA:2392       __RealCvtVector
 0CFA:2396       __ScanTodVector
 0CFA:25C6       _picBuf
 0CFA:25CE       _Timer
 0CFA:261A       _Palette
 0CFA:29AE       __atexittbl
 0CFA:2A3C       ___SignalPtr
 0F9F:0000       __emu

Program entry point at 0000:0000

