
 Start  Stop   Length Name               Class

 00000H 04B8CH 04B8DH _TEXT              CODE
 04B8DH 057F4H 00C68H C1_4_TEXT          CODE
 057F5H 05E26H 00632H MOVIEOBJ_TEXT      CODE
 05E27H 06334H 0050EH IMAGE_TEXT         CODE
 06335H 0643BH 00107H RESPONSE_TEXT      CODE
 0643CH 0647EH 00043H ERROR_TEXT         CODE
 0647FH 06551H 000D3H TIMER_TEXT         CODE
 06552H 06603H 000B2H INPUT_TEXT         CODE
 06604H 06D9AH 00797H VIDEO_TEXT         CODE
 06D9BH 08BCDH 01E33H BGIFNT_TEXT        CODE
 08BCEH 090D3H 00506H xmsif1_TEXT        CODE
 090D4H 092EDH 0021AH GUBS_TEXT          CODE
 092EEH 0A59FH 012B2H EXPTLIB_TEXT       CODE
 0A5A0H 0CD16H 02777H EMU_PROG           CODE
 0CD20H 0D2E7H 005C8H E87_PROG           CODE
 0D2F0H 0D2F0H 00000H _FARDATA           FAR_DATA
 0D2F0H 0D2F0H 00000H _FARBSS            FAR_BSS
 0D2F0H 0D2F0H 00000H _OVERLAY_          OVRINFO
 0D2F0H 0D2F0H 00000H _1STUB_            STUBSEG
 0D2F0H 0F641H 02352H _DATA              DATA
 0F642H 0F645H 00004H _CVTSEG            DATA
 0F646H 0F651H 0000CH _SCNSEG            DATA
 0F652H 0F652H 00000H _CONST             CONST
 0F652H 0F66FH 0001EH _INIT_             INITDATA
 0F670H 0F670H 00000H _INITEND_          INITDATA
 0F670H 0F675H 00006H _EXIT_             EXITDATA
 0F676H 0F676H 00000H _EXITEND_          EXITDATA
 0F676H 0FCFBH 00686H _BSS               BSS
 0FCFCH 0FCFCH 00000H _BSSEND            BSSEND
 0FD00H 0FE0FH 00110H _STACK             STACK

  Address         Publics by Name

 0D2F:0000       DATASEG@
 0000:0260       DGROUP@
 0A5A:2152       e086_Entry
 0A5A:26E0       e086_Shortcut
 0CD2:0306       e087_Entry
 0CD2:03C6       e087_Shortcut
 0CD2:0430       e087_Trap
 0000:FE32  Abs  FIARQQ
 0000:0E32  Abs  FICRQQ
 0000:5C32  Abs  FIDRQQ
 0000:1632  Abs  FIERQQ
 0000:0632  Abs  FISRQQ
 0000:A23D  Abs  FIWRQQ
 0000:4000  Abs  FJARQQ
 0000:C000  Abs  FJCRQQ
 0000:8000  Abs  FJSRQQ
 0000:1073       FTOL@
 0000:1073       F_FTOL@
 0000:1218       F_LDIV@
 0000:1227       F_LMOD@
 0000:121F       F_LUDIV@
 0000:122F       F_LUMOD@
 0000:12C6       F_LXLSH@
 0000:119C       F_LXMUL@
 0000:12E7       F_PADA@
 0000:136F       F_PADD@
 0000:132B       F_PSBA@
 0000:139E       F_PSUB@
 0000:11B3       F_SCOPY@
 0000:13D2       F_SPUSH@
 0000:1218       LDIV@
 0000:1227       LMOD@
 0000:121F       LUDIV@
 0000:122F       LUMOD@
 0000:12C6       LXLSH@
 0000:119C       LXMUL@
 0000:1215       N_LDIV@
 0000:1224       N_LMOD@
 0000:121C       N_LUDIV@
 0000:122C       N_LUMOD@
 0000:12C3       N_LXLSH@
 0000:15CE       N_LXMUL@
 0000:12E4       N_PADA@
 0000:136C       N_PADD@
 0000:15E5       N_PCMP@
 0000:1328       N_PSBA@
 0000:139B       N_PSUB@
 0000:13CC       N_SPUSH@
 0000:12E7       PADA@
 0000:136F       PADD@
 0000:132B       PSBA@
 0000:139E       PSUB@
 0000:11B3       SCOPY@
 0000:13D2       SPUSH@
 0D2F:1A27       XMMentry
 0D2F:1A2B       XMMinit
 0000:0249       _abort
 0660:0671       _addColor
 092E:0ACE       _assign
 0000:109F       _atexit
 0000:2DFC       _atoi
 0000:2D87       _atol
 092E:1241       _audio
 06D9:01EF       _bgi_closefont
 06D9:022C       _bgi_deletefont
 06D9:0259       _bgi_fontpath
 06D9:0271       _bgi_getbasecharsize
 06D9:02BA       _bgi_gettextsettings
 06D9:02F0       _bgi_installuserfont
 06D9:0360       _bgi_outtext
 06D9:08DA       _bgi_outtextxy
 06D9:0923       _bgi_registerbgifont
 06D9:096C       _bgi_registerfarbgifont
 06D9:09B8       _bgi_settextjustify
 06D9:09E5       _bgi_settextstyle
 06D9:0C3C       _bgi_setusercharsize
 06D9:0CFD       _bgi_textheight
 06D9:0D3D       _bgi_textwidth
 0000:23F4       _bioskey
 06D9:01C7       _blobcopy
 0D2F:1A6C       _bound_maxx
 0D2F:1A70       _bound_maxy
 0D2F:1A6A       _bound_minx
 0D2F:1A6E       _bound_miny
 0000:2419       _calloc
 0633:0076       _checkResponse
 057F:01F3       _CleanupMoviePackage
 0660:03A5       _clearScreen
 0000:2E2A       _close
 0000:1023       _cos
 0D2F:098A       _cos_table
 0D2F:2344       _daylight
 06D9:11D0       _decodeCHRstroke
 0000:24D3       _delay
 092E:0B35       _distribute
 0000:42A5       _dostounix
 05E2:0129       _downloadImage
 0D2F:03E2       _do_bold
 0D2F:03E4       _do_italics
 0D2F:03E0       _do_underline
 0D2F:03E8       _do_usebkcolor
 0D2F:03E6       _do_uselinestyle
 06D9:1223       _drawCHRchar
 06D9:1BC2       _drawGEMchar
 0660:002C       _drawPicture
 06D9:16FF       _drawROMchar
 05E2:0183       _drawText
 0D2F:2308       _environ
 0000:2E70       _eof
 0D2F:007F       _errno
 0643:000C       _error
 0000:1161       _exit
 0000:04BC       _fabs
 0000:2AA9       _farcalloc
 0000:2674       _farfree
 0000:2788       _farmalloc
 0000:28EC       _farrealloc
 0000:2EE7       _fclose
 0000:2F92       _fflush
 0000:3731       _fgetc
 0000:381F       _fgetchar
 0000:305F       _fgets
 0660:06A8       _findColor
 0000:30FB       _flushall
 0655:0002       _FlushKeyBuf
 0D2F:0F68       _font_data
 0D2F:12F2       _font_list
 0D2F:0350       _font_path
 0D2F:0F32       _font_scale
 0000:3312       _fopen
 0000:3347       _fprintf
 0000:3BA8       _fputc
 0000:3D3B       _fputchar
 0000:3457       _fread
 0000:2674       _free
 0633:0052       _freeResponse
 0000:34E5       _fscanf
 0000:358B       _fseek
 0000:360B       _ftell
 092E:0BE2       _gaussdev
 092E:0F8C       _gen_init
 090D:0036       _getbkcolor
 090D:002C       _getcolor
 0000:11CF       _getdate
 0000:382B       _getenv
 0655:003E       _GetKey
 090D:0004       _getlinesettings
 0000:389B       _gets
 0655:0087       _GetStick
 0000:11E2       _gettime
 0000:11F5       _getvect
 090D:0018       _getx
 090D:0022       _gety
 05E2:0007       _goImages
 04B8:08C1       _hline
 057F:021D       _initMovie
 0633:0005       _initResponse
 0647:006B       _InitTimer
 0647:0043       _InstallTimer
 0000:2B39       _int86
 0000:2B6A       _int86x
 0000:2C03       _intr
 0000:2CA7       _ioctl
 0000:143E       _isatty
 0655:004E       _KeyPress
 0655:0020       _KeyWaiting
 05E2:0086       _killImages
 0D2F:009E       _length
 090D:000E       _line
 090D:0013       _lineto
 06D9:0EA0       _loadCHRfont
 06D9:1913       _loadGEMfont
 05E2:01CB       _loadImage
 06D9:13E2       _loadROMfont
 0000:0EFE       _log
 0000:14F1       _lseek
 04B8:000D       _main
 0660:06F9       _makePalette
 0000:277E       _malloc
 0000:0E42       _matherr
 0000:391F       _memcpy
 0000:3967       _memset
 090D:003F       _moveto
 0647:000F       _msISR
 05E2:00B8       _newImage
 0000:2D80       _nosound
 0D2F:0094       _offset4
 0D2F:009A       _offset8
 0000:39B3       _open
 06D9:00FC       _openfontfile
 0000:162A       _outp
 0000:1606       _outport
 0000:1612       _outportb
 0000:161E       _outpw
 0D2F:25DA       _Palette
 0660:0667       _paletteSize
 0D2F:2586       _picBuf
 0000:0E37       _pow10
 0000:3B71       _printf
 092E:08FF       _putcheckerbox
 092E:060A       _putcircle
 092E:0111       _putcircle5
 092E:09E8       _putcross
 092E:0A9C       _puthline
 090D:00C9       _putpixel
 092E:07DA       _putrandombox
 092E:051B       _putrectangle
 092E:02A3       _putslopeline
 092E:0436       _putsquare
 092E:000E       _putsquare3
 092E:01D4       _puttriangle
 092E:0065       _puttriangle3
 092E:0A6A       _putvline
 092E:0CB3       _ran2
 092E:0B9D       _randint
 0660:05BD       _readPalette
 0000:28E5       _realloc
 090D:005B       _resetbounds
 0633:00E3       _responseReady
 0660:0488       _Retrace
 06D9:000B       _rotatexy
 057F:029F       _runMovie
 05E2:02A2       _saveImage
 0000:1D22       _segread
 0000:2CE0       _setblock
 090D:0050       _setcolor
 0000:1D42       _setdate
 090D:006F       _SetGubs
 090D:0009       _setlinestyle
 0000:3943       _setmem
 057F:0261       _setMovie
 0660:0498       _setPalette
 0660:0004       _setPicSettings
 04B8:093D       _setstim
 0000:1D57       _settime
 057F:0005       _SetupMoviePackage
 0000:401F       _setvbuf
 0000:1204       _setvect
 0660:036C       _setVideoMode
 0000:0EAE       _sin
 0D2F:03EA       _sin_table
 0000:2D54       _sound
 0000:417A       _sprintf
 0000:0E6C       _sqrt
 0000:1E22       _stime
 0000:41BD       _strcat
 0000:41FC       _strcmp
 0000:422C       _strcpy
 0000:4255       _strlen
 0000:4274       _strncpy
 0647:00B8       _SwitchTimer
 0000:1EBA       _tell
 0D2F:0F5E       _textinfo
 092E:116D       _thankyou
 0000:1E62       _time
 0D2F:258E       _Timer
 0D2F:2340       _timezone
 0D2F:2338       _tzname
 0000:45D3       _tzset
 0000:48A1       _ungetc
 0000:43CF       _unixtodos
 0000:1ED2       _unlink
 06D9:11B5       _unloadCHRfont
 06D9:1B98       _unloadGEMfont
 06D9:16D5       _unloadROMfont
 05E2:0156       _uploadImage
 0D2F:0F2A       _userxscale
 0D2F:0F2E       _useryscale
 04B8:0878       _vhline
 0000:490C       _vprintf
 0000:419C       _vsprintf
 0647:0092       _Wait
 0660:0522       _writePalette
 092E:06EB       _writeppm
 08BC:00C5       _XMMallcoreleft
 08BC:010D       _XMMalloc
 08BC:007F       _XMMcoreleft
 08BC:01C6       _XMMfree
 08BC:004B       _XMMgetversion
 08BC:000E       _XMMlibinit
 08BC:0168       _XMMrealloc
 0D2F:1A15       _xmsif_vers_date
 0D2F:1A1E       _xmsif_vers_time
 0D2F:19F3       _xmsif_vers_vers
 0D2F:1CC0       __8087
 0000:1000  Abs  __AHINCR
 0000:000C  Abs  __AHSHIFT
 0D2F:1EB0       __atexitcnt
 0D2F:296E       __atexittbl
 0000:29DC       __brk
 0D2F:008B       __brklvl
 0D2F:006B       __C0argc
 0D2F:006D       __C0argv
 0D2F:0071       __C0environ
 0000:1182       __cexit
 0000:0167       __checknull
 0000:2E0D       __chmod
 0000:0154       __cleanup
 0000:2E52       __close
 0D2F:1EB2       __ctype
 0000:0000  Abs  __cvtfak
 0000:1190       __c_exit
 0D2F:1CD4       __default87
 0D2F:2180       __doserrno
 0000:142C       __DOSERROR
 0D2F:2182       __dosErrorToSV
 0000:10CC       __dos_getfileattr
 0000:10EC       __dos_setfileattr
 0FD0:0000       __emu
 0D2F:0075       __envLng
 0D2F:0077       __envseg
 0D2F:0079       __envSize
 0000:1170       __exit
 0D2F:1FB4       __exitbuf
 0D2F:1FB8       __exitfopen
 0D2F:1FBC       __exitopen
 0000:3719       __fgetc
 0000:8087  Abs  __floatconvert
 0000:4B26       __fmemcpy
 0000:4B6E       __fmemset
 0D2F:217A       __fmode
 0000:0CBF       __fperror
 0D2F:217E       __fpstklen
 0000:04B8       __fpuint
 0000:3B8C       __fputc
 0000:3D4F       __FPUTN
 0000:4B4A       __fsetmem
 0000:32C8       __GETFP
 0D2F:0087       __heapbase
 0D2F:008F       __heaptop
 0D2F:1CDA       __huge_dble
 0D2F:1CD6       __huge_flt
 0D2F:1CE2       __huge_ldble
 0D2F:1CEC       __indefinite
 0D2F:005B       __Int0Vector
 0D2F:005F       __Int4Vector
 0D2F:0063       __Int5Vector
 0D2F:0067       __Int6Vector
 0000:13F3       __IOERROR
 0000:47BF       __ISDST
 0D2F:1CD1       __LDT
 0000:04CB       __LDTRUNC
 0000:144F       __LONGTOA
 0000:0F7A       __matherr
 0D2F:1CFA       __mathwhy
 0000:151A       __MKNAME
 0000:0262       __MMODEL
 0D2F:231E       __monthDay
 0000:372E       __Nfgetc
 0D2F:2150       __nfile
 0D2F:217C       __notUmask
 0000:489E       __Nungetc
 0000:3B22       __open
 0D2F:2152       __openfd
 0000:31F9       __OPENFP
 0D2F:007D       __osmajor
 0D2F:007E       __osminor
 0D2F:007D       __osversion
 0000:0D6E       __POW10
 0D2F:1CD0       __protected
 0D2F:007B       __psp
 0000:1638       __read
 0000:2CD0       __REALCVT
 0D2F:2352       __RealCvtVector
 0000:01BD       __restorezero
 0000:2A1B       __sbrk
 0000:1667       __scanner
 0000:2CDC       __scanpop
 0000:2CD8       __scanrslt
 0000:2CD4       __scantod
 0D2F:2356       __ScanTodVector
 0000:1B80       __scantol
 0000:0000  Abs  __setenvp__
 0000:1D6C       __setupio
 0D2F:0081       __StartTime
 0D2F:2266       __stklen
 0000:23C0       __stpcpy
 0D2F:1FC0       __streams
 0000:0168       __terminate
 0D2F:1CF0       __tiny_ldble
 0000:1577       __TMPNAM
 0000:0000  Abs  __turboCvt
 0000:8087  Abs  __turboFloat
 0000:14D1       __UTOA
 0D2F:007D       __version
 0000:1F02       __VPRINTER
 0000:4A75       __write
 0000:0AB7       __XCVT
 0000:4AB1       __xfclose
 0000:4AEE       __xfflush
 08BC:01FB       __XMMcopy
 0D2F:19F0       __XMMerror
 08BC:03A3       __XMMicopy
 0D2F:19F1       __XMMversion
 0D2F:0085       ___brklvl
 0000:2534       ___first
 0000:03D1       ___fpreset
 0000:2536       ___last
 0000:3F4E       ___read
 0000:2538       ___rover
 0D2F:29FC       ___SignalPtr
 0000:4926       ___write

  Address         Publics by Value

 0000:0000  Abs  __turboCvt
 0000:0000  Abs  __cvtfak
 0000:0000  Abs  __setenvp__
 0000:000C  Abs  __AHSHIFT
 0000:0632  Abs  FISRQQ
 0000:0E32  Abs  FICRQQ
 0000:1000  Abs  __AHINCR
 0000:1632  Abs  FIERQQ
 0000:4000  Abs  FJARQQ
 0000:5C32  Abs  FIDRQQ
 0000:8000  Abs  FJSRQQ
 0000:8087  Abs  __turboFloat
 0000:8087  Abs  __floatconvert
 0000:A23D  Abs  FIWRQQ
 0000:C000  Abs  FJCRQQ
 0000:FE32  Abs  FIARQQ
 0000:0154       __cleanup
 0000:0167       __checknull
 0000:0168       __terminate
 0000:01BD       __restorezero
 0000:0249       _abort
 0000:0260       DGROUP@
 0000:0262       __MMODEL
 0000:03D1       ___fpreset
 0000:04B8       __fpuint
 0000:04BC       _fabs
 0000:04CB       __LDTRUNC
 0000:0AB7       __XCVT
 0000:0CBF       __fperror
 0000:0D6E       __POW10
 0000:0E37       _pow10
 0000:0E42       _matherr
 0000:0E6C       _sqrt
 0000:0EAE       _sin
 0000:0EFE       _log
 0000:0F7A       __matherr
 0000:1023       _cos
 0000:1073       F_FTOL@
 0000:1073       FTOL@
 0000:109F       _atexit
 0000:10CC       __dos_getfileattr
 0000:10EC       __dos_setfileattr
 0000:1161       _exit
 0000:1170       __exit
 0000:1182       __cexit
 0000:1190       __c_exit
 0000:119C       F_LXMUL@
 0000:119C       LXMUL@
 0000:11B3       F_SCOPY@
 0000:11B3       SCOPY@
 0000:11CF       _getdate
 0000:11E2       _gettime
 0000:11F5       _getvect
 0000:1204       _setvect
 0000:1215       N_LDIV@
 0000:1218       F_LDIV@
 0000:1218       LDIV@
 0000:121C       N_LUDIV@
 0000:121F       F_LUDIV@
 0000:121F       LUDIV@
 0000:1224       N_LMOD@
 0000:1227       F_LMOD@
 0000:1227       LMOD@
 0000:122C       N_LUMOD@
 0000:122F       LUMOD@
 0000:122F       F_LUMOD@
 0000:12C3       N_LXLSH@
 0000:12C6       LXLSH@
 0000:12C6       F_LXLSH@
 0000:12E4       N_PADA@
 0000:12E7       F_PADA@
 0000:12E7       PADA@
 0000:1328       N_PSBA@
 0000:132B       PSBA@
 0000:132B       F_PSBA@
 0000:136C       N_PADD@
 0000:136F       F_PADD@
 0000:136F       PADD@
 0000:139B       N_PSUB@
 0000:139E       F_PSUB@
 0000:139E       PSUB@
 0000:13CC       N_SPUSH@
 0000:13D2       F_SPUSH@
 0000:13D2       SPUSH@
 0000:13F3       __IOERROR
 0000:142C       __DOSERROR
 0000:143E       _isatty
 0000:144F       __LONGTOA
 0000:14D1       __UTOA
 0000:14F1       _lseek
 0000:151A       __MKNAME
 0000:1577       __TMPNAM
 0000:15CE       N_LXMUL@
 0000:15E5       N_PCMP@
 0000:1606       _outport
 0000:1612       _outportb
 0000:161E       _outpw
 0000:162A       _outp
 0000:1638       __read
 0000:1667       __scanner
 0000:1B80       __scantol
 0000:1D22       _segread
 0000:1D42       _setdate
 0000:1D57       _settime
 0000:1D6C       __setupio
 0000:1E22       _stime
 0000:1E62       _time
 0000:1EBA       _tell
 0000:1ED2       _unlink
 0000:1F02       __VPRINTER
 0000:23C0       __stpcpy
 0000:23F4       _bioskey
 0000:2419       _calloc
 0000:24D3       _delay
 0000:2534       ___first
 0000:2536       ___last
 0000:2538       ___rover
 0000:2674       _farfree
 0000:2674       _free
 0000:277E       _malloc
 0000:2788       _farmalloc
 0000:28E5       _realloc
 0000:28EC       _farrealloc
 0000:29DC       __brk
 0000:2A1B       __sbrk
 0000:2AA9       _farcalloc
 0000:2B39       _int86
 0000:2B6A       _int86x
 0000:2C03       _intr
 0000:2CA7       _ioctl
 0000:2CD0       __REALCVT
 0000:2CD4       __scantod
 0000:2CD8       __scanrslt
 0000:2CDC       __scanpop
 0000:2CE0       _setblock
 0000:2D54       _sound
 0000:2D80       _nosound
 0000:2D87       _atol
 0000:2DFC       _atoi
 0000:2E0D       __chmod
 0000:2E2A       _close
 0000:2E52       __close
 0000:2E70       _eof
 0000:2EE7       _fclose
 0000:2F92       _fflush
 0000:305F       _fgets
 0000:30FB       _flushall
 0000:31F9       __OPENFP
 0000:32C8       __GETFP
 0000:3312       _fopen
 0000:3347       _fprintf
 0000:3457       _fread
 0000:34E5       _fscanf
 0000:358B       _fseek
 0000:360B       _ftell
 0000:3719       __fgetc
 0000:372E       __Nfgetc
 0000:3731       _fgetc
 0000:381F       _fgetchar
 0000:382B       _getenv
 0000:389B       _gets
 0000:391F       _memcpy
 0000:3943       _setmem
 0000:3967       _memset
 0000:39B3       _open
 0000:3B22       __open
 0000:3B71       _printf
 0000:3B8C       __fputc
 0000:3BA8       _fputc
 0000:3D3B       _fputchar
 0000:3D4F       __FPUTN
 0000:3F4E       ___read
 0000:401F       _setvbuf
 0000:417A       _sprintf
 0000:419C       _vsprintf
 0000:41BD       _strcat
 0000:41FC       _strcmp
 0000:422C       _strcpy
 0000:4255       _strlen
 0000:4274       _strncpy
 0000:42A5       _dostounix
 0000:43CF       _unixtodos
 0000:45D3       _tzset
 0000:47BF       __ISDST
 0000:489E       __Nungetc
 0000:48A1       _ungetc
 0000:490C       _vprintf
 0000:4926       ___write
 0000:4A75       __write
 0000:4AB1       __xfclose
 0000:4AEE       __xfflush
 0000:4B26       __fmemcpy
 0000:4B4A       __fsetmem
 0000:4B6E       __fmemset
 04B8:000D       _main
 04B8:0878       _vhline
 04B8:08C1       _hline
 04B8:093D       _setstim
 057F:0005       _SetupMoviePackage
 057F:01F3       _CleanupMoviePackage
 057F:021D       _initMovie
 057F:0261       _setMovie
 057F:029F       _runMovie
 05E2:0007       _goImages
 05E2:0086       _killImages
 05E2:00B8       _newImage
 05E2:0129       _downloadImage
 05E2:0156       _uploadImage
 05E2:0183       _drawText
 05E2:01CB       _loadImage
 05E2:02A2       _saveImage
 0633:0005       _initResponse
 0633:0052       _freeResponse
 0633:0076       _checkResponse
 0633:00E3       _responseReady
 0643:000C       _error
 0647:000F       _msISR
 0647:0043       _InstallTimer
 0647:006B       _InitTimer
 0647:0092       _Wait
 0647:00B8       _SwitchTimer
 0655:0002       _FlushKeyBuf
 0655:0020       _KeyWaiting
 0655:003E       _GetKey
 0655:004E       _KeyPress
 0655:0087       _GetStick
 0660:0004       _setPicSettings
 0660:002C       _drawPicture
 0660:036C       _setVideoMode
 0660:03A5       _clearScreen
 0660:0488       _Retrace
 0660:0498       _setPalette
 0660:0522       _writePalette
 0660:05BD       _readPalette
 0660:0667       _paletteSize
 0660:0671       _addColor
 0660:06A8       _findColor
 0660:06F9       _makePalette
 06D9:000B       _rotatexy
 06D9:00FC       _openfontfile
 06D9:01C7       _blobcopy
 06D9:01EF       _bgi_closefont
 06D9:022C       _bgi_deletefont
 06D9:0259       _bgi_fontpath
 06D9:0271       _bgi_getbasecharsize
 06D9:02BA       _bgi_gettextsettings
 06D9:02F0       _bgi_installuserfont
 06D9:0360       _bgi_outtext
 06D9:08DA       _bgi_outtextxy
 06D9:0923       _bgi_registerbgifont
 06D9:096C       _bgi_registerfarbgifont
 06D9:09B8       _bgi_settextjustify
 06D9:09E5       _bgi_settextstyle
 06D9:0C3C       _bgi_setusercharsize
 06D9:0CFD       _bgi_textheight
 06D9:0D3D       _bgi_textwidth
 06D9:0EA0       _loadCHRfont
 06D9:11B5       _unloadCHRfont
 06D9:11D0       _decodeCHRstroke
 06D9:1223       _drawCHRchar
 06D9:13E2       _loadROMfont
 06D9:16D5       _unloadROMfont
 06D9:16FF       _drawROMchar
 06D9:1913       _loadGEMfont
 06D9:1B98       _unloadGEMfont
 06D9:1BC2       _drawGEMchar
 08BC:000E       _XMMlibinit
 08BC:004B       _XMMgetversion
 08BC:007F       _XMMcoreleft
 08BC:00C5       _XMMallcoreleft
 08BC:010D       _XMMalloc
 08BC:0168       _XMMrealloc
 08BC:01C6       _XMMfree
 08BC:01FB       __XMMcopy
 08BC:03A3       __XMMicopy
 090D:0004       _getlinesettings
 090D:0009       _setlinestyle
 090D:000E       _line
 090D:0013       _lineto
 090D:0018       _getx
 090D:0022       _gety
 090D:002C       _getcolor
 090D:0036       _getbkcolor
 090D:003F       _moveto
 090D:0050       _setcolor
 090D:005B       _resetbounds
 090D:006F       _SetGubs
 090D:00C9       _putpixel
 092E:000E       _putsquare3
 092E:0065       _puttriangle3
 092E:0111       _putcircle5
 092E:01D4       _puttriangle
 092E:02A3       _putslopeline
 092E:0436       _putsquare
 092E:051B       _putrectangle
 092E:060A       _putcircle
 092E:06EB       _writeppm
 092E:07DA       _putrandombox
 092E:08FF       _putcheckerbox
 092E:09E8       _putcross
 092E:0A6A       _putvline
 092E:0A9C       _puthline
 092E:0ACE       _assign
 092E:0B35       _distribute
 092E:0B9D       _randint
 092E:0BE2       _gaussdev
 092E:0CB3       _ran2
 092E:0F8C       _gen_init
 092E:116D       _thankyou
 092E:1241       _audio
 0A5A:2152       e086_Entry
 0A5A:26E0       e086_Shortcut
 0CD2:0306       e087_Entry
 0CD2:03C6       e087_Shortcut
 0CD2:0430       e087_Trap
 0D2F:0000       DATASEG@
 0D2F:005B       __Int0Vector
 0D2F:005F       __Int4Vector
 0D2F:0063       __Int5Vector
 0D2F:0067       __Int6Vector
 0D2F:006B       __C0argc
 0D2F:006D       __C0argv
 0D2F:0071       __C0environ
 0D2F:0075       __envLng
 0D2F:0077       __envseg
 0D2F:0079       __envSize
 0D2F:007B       __psp
 0D2F:007D       __osversion
 0D2F:007D       __osmajor
 0D2F:007D       __version
 0D2F:007E       __osminor
 0D2F:007F       _errno
 0D2F:0081       __StartTime
 0D2F:0085       ___brklvl
 0D2F:0087       __heapbase
 0D2F:008B       __brklvl
 0D2F:008F       __heaptop
 0D2F:0094       _offset4
 0D2F:009A       _offset8
 0D2F:009E       _length
 0D2F:0350       _font_path
 0D2F:03E0       _do_underline
 0D2F:03E2       _do_bold
 0D2F:03E4       _do_italics
 0D2F:03E6       _do_uselinestyle
 0D2F:03E8       _do_usebkcolor
 0D2F:03EA       _sin_table
 0D2F:098A       _cos_table
 0D2F:0F2A       _userxscale
 0D2F:0F2E       _useryscale
 0D2F:0F32       _font_scale
 0D2F:0F5E       _textinfo
 0D2F:0F68       _font_data
 0D2F:12F2       _font_list
 0D2F:19F0       __XMMerror
 0D2F:19F1       __XMMversion
 0D2F:19F3       _xmsif_vers_vers
 0D2F:1A15       _xmsif_vers_date
 0D2F:1A1E       _xmsif_vers_time
 0D2F:1A27       XMMentry
 0D2F:1A2B       XMMinit
 0D2F:1A6A       _bound_minx
 0D2F:1A6C       _bound_maxx
 0D2F:1A6E       _bound_miny
 0D2F:1A70       _bound_maxy
 0D2F:1CC0       __8087
 0D2F:1CD0       __protected
 0D2F:1CD1       __LDT
 0D2F:1CD4       __default87
 0D2F:1CD6       __huge_flt
 0D2F:1CDA       __huge_dble
 0D2F:1CE2       __huge_ldble
 0D2F:1CEC       __indefinite
 0D2F:1CF0       __tiny_ldble
 0D2F:1CFA       __mathwhy
 0D2F:1EB0       __atexitcnt
 0D2F:1EB2       __ctype
 0D2F:1FB4       __exitbuf
 0D2F:1FB8       __exitfopen
 0D2F:1FBC       __exitopen
 0D2F:1FC0       __streams
 0D2F:2150       __nfile
 0D2F:2152       __openfd
 0D2F:217A       __fmode
 0D2F:217C       __notUmask
 0D2F:217E       __fpstklen
 0D2F:2180       __doserrno
 0D2F:2182       __dosErrorToSV
 0D2F:2266       __stklen
 0D2F:2308       _environ
 0D2F:231E       __monthDay
 0D2F:2338       _tzname
 0D2F:2340       _timezone
 0D2F:2344       _daylight
 0D2F:2352       __RealCvtVector
 0D2F:2356       __ScanTodVector
 0D2F:2586       _picBuf
 0D2F:258E       _Timer
 0D2F:25DA       _Palette
 0D2F:296E       __atexittbl
 0D2F:29FC       ___SignalPtr
 0FD0:0000       __emu

Program entry point at 0000:0000

