
 Start  Stop   Length Name               Class

 00000H 04BAFH 04BB0H _TEXT              CODE
 04BB0H 051A9H 005FAH CHECK_TEXT         CODE
 051AAH 057DBH 00632H MOVIEOBJ_TEXT      CODE
 057DCH 05CE9H 0050EH IMAGE_TEXT         CODE
 05CEAH 05DF0H 00107H RESPONSE_TEXT      CODE
 05DF1H 05E33H 00043H ERROR_TEXT         CODE
 05E34H 05F06H 000D3H TIMER_TEXT         CODE
 05F07H 05FB8H 000B2H INPUT_TEXT         CODE
 05FB9H 0674FH 00797H VIDEO_TEXT         CODE
 06750H 08582H 01E33H BGIFNT_TEXT        CODE
 08584H 08A89H 00506H xmsif1_TEXT        CODE
 08A8AH 08CA3H 0021AH GUBS_TEXT          CODE
 08CA4H 09F55H 012B2H EXPTLIB_TEXT       CODE
 09F60H 0C6D6H 02777H EMU_PROG           CODE
 0C6E0H 0CCA7H 005C8H E87_PROG           CODE
 0CCB0H 0CCB0H 00000H _FARDATA           FAR_DATA
 0CCB0H 0CCB0H 00000H _FARBSS            FAR_BSS
 0CCB0H 0CCB0H 00000H _OVERLAY_          OVRINFO
 0CCB0H 0CCB0H 00000H _1STUB_            STUBSEG
 0CCB0H 0F011H 02362H _DATA              DATA
 0F012H 0F015H 00004H _CVTSEG            DATA
 0F016H 0F021H 0000CH _SCNSEG            DATA
 0F022H 0F022H 00000H _CONST             CONST
 0F022H 0F03FH 0001EH _INIT_             INITDATA
 0F040H 0F040H 00000H _INITEND_          INITDATA
 0F040H 0F045H 00006H _EXIT_             EXITDATA
 0F046H 0F046H 00000H _EXITEND_          EXITDATA
 0F046H 0F6CFH 0068AH _BSS               BSS
 0F6D0H 0F6D0H 00000H _BSSEND            BSSEND
 0F6D0H 0F7DFH 00110H _STACK             STACK

  Address         Publics by Name

 0CCB:0000       DATASEG@
 0000:0260       DGROUP@
 09F6:2152       e086_Entry
 09F6:26E0       e086_Shortcut
 0C6E:0306       e087_Entry
 0C6E:03C6       e087_Shortcut
 0C6E:0430       e087_Trap
 0000:FE32  Abs  FIARQQ
 0000:0E32  Abs  FICRQQ
 0000:5C32  Abs  FIDRQQ
 0000:1632  Abs  FIERQQ
 0000:0632  Abs  FISRQQ
 0000:A23D  Abs  FIWRQQ
 0000:4000  Abs  FJARQQ
 0000:C000  Abs  FJCRQQ
 0000:8000  Abs  FJSRQQ
 0000:1073       FTOL@
 0000:1073       F_FTOL@
 0000:1218       F_LDIV@
 0000:1227       F_LMOD@
 0000:121F       F_LUDIV@
 0000:122F       F_LUMOD@
 0000:12C6       F_LXLSH@
 0000:119C       F_LXMUL@
 0000:12E7       F_PADA@
 0000:136F       F_PADD@
 0000:132B       F_PSBA@
 0000:139E       F_PSUB@
 0000:11B3       F_SCOPY@
 0000:13D2       F_SPUSH@
 0000:1218       LDIV@
 0000:1227       LMOD@
 0000:121F       LUDIV@
 0000:122F       LUMOD@
 0000:12C6       LXLSH@
 0000:119C       LXMUL@
 0000:1215       N_LDIV@
 0000:1224       N_LMOD@
 0000:121C       N_LUDIV@
 0000:122C       N_LUMOD@
 0000:12C3       N_LXLSH@
 0000:15CE       N_LXMUL@
 0000:12E4       N_PADA@
 0000:136C       N_PADD@
 0000:15E5       N_PCMP@
 0000:1328       N_PSBA@
 0000:139B       N_PSUB@
 0000:13CC       N_SPUSH@
 0000:12E7       PADA@
 0000:136F       PADD@
 0000:132B       PSBA@
 0000:139E       PSUB@
 0000:11B3       SCOPY@
 0000:13D2       SPUSH@
 0CCB:1A31       XMMentry
 0CCB:1A35       XMMinit
 0000:0249       _abort
 05FB:0676       _addColor
 08CA:0AC4       _assign
 0000:109F       _atexit
 0000:2DFC       _atoi
 0000:2D87       _atol
 08CA:1237       _audio
 0675:01E4       _bgi_closefont
 0675:0221       _bgi_deletefont
 0675:024E       _bgi_fontpath
 0675:0266       _bgi_getbasecharsize
 0675:02AF       _bgi_gettextsettings
 0675:02E5       _bgi_installuserfont
 0675:0355       _bgi_outtext
 0675:08CF       _bgi_outtextxy
 0675:0918       _bgi_registerbgifont
 0675:0961       _bgi_registerfarbgifont
 0675:09AD       _bgi_settextjustify
 0675:09DA       _bgi_settextstyle
 0675:0C31       _bgi_setusercharsize
 0675:0CF2       _bgi_textheight
 0675:0D32       _bgi_textwidth
 0000:23F4       _bioskey
 0675:01BC       _blobcopy
 0CCB:1A76       _bound_maxx
 0CCB:1A7A       _bound_maxy
 0CCB:1A74       _bound_minx
 0CCB:1A78       _bound_miny
 0000:2419       _calloc
 05CE:007B       _checkResponse
 051A:01F8       _CleanupMoviePackage
 05FB:03AA       _clearScreen
 0000:2E2A       _close
 0000:1023       _cos
 0CCB:0994       _cos_table
 0CCB:2354       _daylight
 0675:11C5       _decodeCHRstroke
 0000:24D3       _delay
 08CA:0B2B       _distribute
 0000:42C8       _dostounix
 057D:012E       _downloadImage
 0CCB:03EC       _do_bold
 0CCB:03EE       _do_italics
 0CCB:03EA       _do_underline
 0CCB:03F2       _do_usebkcolor
 0CCB:03F0       _do_uselinestyle
 0675:1218       _drawCHRchar
 0675:1BB7       _drawGEMchar
 05FB:0031       _drawPicture
 0675:16F4       _drawROMchar
 057D:0188       _drawText
 0CCB:2318       _environ
 0000:2E70       _eof
 0CCB:007F       _errno
 05DF:0001       _error
 0000:1161       _exit
 0000:04BC       _fabs
 0000:2AA9       _farcalloc
 0000:2674       _farfree
 0000:2788       _farmalloc
 0000:28EC       _farrealloc
 0000:2EE7       _fclose
 0000:2F92       _fflush
 0000:3731       _fgetc
 0000:381F       _fgetchar
 0000:305F       _fgets
 05FB:06AD       _findColor
 0000:30FB       _flushall
 05F0:0007       _FlushKeyBuf
 0CCB:0F72       _font_data
 0CCB:12FC       _font_list
 0CCB:035A       _font_path
 0CCB:0F3C       _font_scale
 0000:3312       _fopen
 0000:3347       _fprintf
 0000:3BA8       _fputc
 0000:3D3B       _fputchar
 0000:3457       _fread
 0000:2674       _free
 05CE:0057       _freeResponse
 0000:34E5       _fscanf
 0000:358B       _fseek
 0000:360B       _ftell
 08CA:0BD8       _gaussdev
 08CA:0F82       _gen_init
 08A8:003C       _getbkcolor
 08A8:0032       _getcolor
 0000:11CF       _getdate
 0000:382B       _getenv
 05F0:0043       _GetKey
 08A8:000A       _getlinesettings
 0000:389B       _gets
 05F0:008C       _GetStick
 0000:11E2       _gettime
 0000:11F5       _getvect
 08A8:001E       _getx
 08A8:0028       _gety
 057D:000C       _goImages
 04BB:057E       _hline
 051A:0222       _initMovie
 05CE:000A       _initResponse
 05E3:0060       _InitTimer
 05E3:0038       _InstallTimer
 0000:2B39       _int86
 0000:2B6A       _int86x
 0000:2C03       _intr
 0000:2CA7       _ioctl
 0000:143E       _isatty
 05F0:0053       _KeyPress
 05F0:0025       _KeyWaiting
 057D:008B       _killImages
 0CCB:2396       _length
 08A8:0014       _line
 08A8:0019       _lineto
 0675:0E95       _loadCHRfont
 0675:1908       _loadGEMfont
 057D:01D0       _loadImage
 0675:13D7       _loadROMfont
 0000:0EFE       _log
 0000:14F1       _lseek
 04BB:0000       _main
 05FB:06FE       _makePalette
 0000:277E       _malloc
 0000:0E42       _matherr
 0000:391F       _memcpy
 0000:3967       _memset
 08A8:0045       _moveto
 05E3:0004       _msISR
 057D:00BD       _newImage
 0000:2D80       _nosound
 0000:39B3       _open
 0675:00F1       _openfontfile
 0000:162A       _outp
 0000:1606       _outport
 0000:1612       _outportb
 0000:161E       _outpw
 0CCB:25EE       _Palette
 05FB:066C       _paletteSize
 0CCB:259A       _picBuf
 0000:0E37       _pow10
 0000:3B71       _printf
 08CA:08F5       _putcheckerbox
 08CA:0600       _putcircle
 08CA:0107       _putcircle5
 08CA:09DE       _putcross
 08CA:0A92       _puthline
 08A8:00CF       _putpixel
 08CA:07D0       _putrandombox
 08CA:0511       _putrectangle
 08CA:0299       _putslopeline
 08CA:042C       _putsquare
 08CA:0004       _putsquare3
 08CA:01CA       _puttriangle
 08CA:005B       _puttriangle3
 08CA:0A60       _putvline
 08CA:0CA9       _ran2
 08CA:0B93       _randint
 05FB:05C2       _readPalette
 0000:28E5       _realloc
 08A8:0061       _resetbounds
 05CE:00E8       _responseReady
 05FB:048D       _Retrace
 0675:0000       _rotatexy
 051A:02A4       _runMovie
 057D:02A7       _saveImage
 0000:401F       _scanf
 0000:1D22       _segread
 0000:2CE0       _setblock
 08A8:0056       _setcolor
 0000:1D42       _setdate
 08A8:0075       _SetGubs
 08A8:000F       _setlinestyle
 0000:3943       _setmem
 051A:0266       _setMovie
 05FB:049D       _setPalette
 05FB:0009       _setPicSettings
 0000:1D57       _settime
 051A:000A       _SetupMoviePackage
 0000:4042       _setvbuf
 0000:1204       _setvect
 05FB:0371       _setVideoMode
 0000:0EAE       _sin
 0CCB:03F4       _sin_table
 0000:2D54       _sound
 0000:419D       _sprintf
 0000:0E6C       _sqrt
 0000:1E22       _stime
 0000:41E0       _strcat
 0000:421F       _strcmp
 0000:424F       _strcpy
 0000:4278       _strlen
 0000:4297       _strncpy
 05E3:00AD       _SwitchTimer
 0000:1EBA       _tell
 0CCB:0F68       _textinfo
 08CA:1163       _thankyou
 0000:1E62       _time
 0CCB:25A2       _Timer
 0CCB:2350       _timezone
 0CCB:2348       _tzname
 0000:45F6       _tzset
 0000:48C4       _ungetc
 0000:43F2       _unixtodos
 0000:1ED2       _unlink
 0675:11AA       _unloadCHRfont
 0675:1B8D       _unloadGEMfont
 0675:16CA       _unloadROMfont
 057D:015B       _uploadImage
 0CCB:0F34       _userxscale
 0CCB:0F38       _useryscale
 0000:492F       _vprintf
 0000:41BF       _vsprintf
 05E3:0087       _Wait
 05FB:0527       _writePalette
 08CA:06E1       _writeppm
 0858:00BB       _XMMallcoreleft
 0858:0103       _XMMalloc
 0858:0075       _XMMcoreleft
 0858:01BC       _XMMfree
 0858:0041       _XMMgetversion
 0858:0004       _XMMlibinit
 0858:015E       _XMMrealloc
 0CCB:1A1F       _xmsif_vers_date
 0CCB:1A28       _xmsif_vers_time
 0CCB:19FD       _xmsif_vers_vers
 0CCB:1CD0       __8087
 0000:1000  Abs  __AHINCR
 0000:000C  Abs  __AHSHIFT
 0CCB:1EC0       __atexitcnt
 0CCB:2982       __atexittbl
 0000:29DC       __brk
 0CCB:008B       __brklvl
 0CCB:006B       __C0argc
 0CCB:006D       __C0argv
 0CCB:0071       __C0environ
 0000:1182       __cexit
 0000:0167       __checknull
 0000:2E0D       __chmod
 0000:0154       __cleanup
 0000:2E52       __close
 0CCB:1EC2       __ctype
 0000:0000  Abs  __cvtfak
 0000:1190       __c_exit
 0CCB:1CE4       __default87
 0CCB:2190       __doserrno
 0000:142C       __DOSERROR
 0CCB:2192       __dosErrorToSV
 0000:10CC       __dos_getfileattr
 0000:10EC       __dos_setfileattr
 0F6D:0000       __emu
 0CCB:0075       __envLng
 0CCB:0077       __envseg
 0CCB:0079       __envSize
 0000:1170       __exit
 0CCB:1FC4       __exitbuf
 0CCB:1FC8       __exitfopen
 0CCB:1FCC       __exitopen
 0000:3719       __fgetc
 0000:8087  Abs  __floatconvert
 0000:4B49       __fmemcpy
 0000:4B91       __fmemset
 0CCB:218A       __fmode
 0000:0CBF       __fperror
 0CCB:218E       __fpstklen
 0000:04B8       __fpuint
 0000:3B8C       __fputc
 0000:3D4F       __FPUTN
 0000:4B6D       __fsetmem
 0000:32C8       __GETFP
 0CCB:0087       __heapbase
 0CCB:008F       __heaptop
 0CCB:1CEA       __huge_dble
 0CCB:1CE6       __huge_flt
 0CCB:1CF2       __huge_ldble
 0CCB:1CFC       __indefinite
 0CCB:005B       __Int0Vector
 0CCB:005F       __Int4Vector
 0CCB:0063       __Int5Vector
 0CCB:0067       __Int6Vector
 0000:13F3       __IOERROR
 0000:47E2       __ISDST
 0CCB:1CE1       __LDT
 0000:04CB       __LDTRUNC
 0000:144F       __LONGTOA
 0000:0F7A       __matherr
 0CCB:1D0A       __mathwhy
 0000:151A       __MKNAME
 0000:0262       __MMODEL
 0CCB:232E       __monthDay
 0000:372E       __Nfgetc
 0CCB:2160       __nfile
 0CCB:218C       __notUmask
 0000:48C1       __Nungetc
 0000:3B22       __open
 0CCB:2162       __openfd
 0000:31F9       __OPENFP
 0CCB:007D       __osmajor
 0CCB:007E       __osminor
 0CCB:007D       __osversion
 0000:0D6E       __POW10
 0CCB:1CE0       __protected
 0CCB:007B       __psp
 0000:1638       __read
 0000:2CD0       __REALCVT
 0CCB:2362       __RealCvtVector
 0000:01BD       __restorezero
 0000:2A1B       __sbrk
 0000:1667       __scanner
 0000:2CDC       __scanpop
 0000:2CD8       __scanrslt
 0000:2CD4       __scantod
 0CCB:2366       __ScanTodVector
 0000:1B80       __scantol
 0000:0000  Abs  __setenvp__
 0000:1D6C       __setupio
 0CCB:0081       __StartTime
 0CCB:2276       __stklen
 0000:23C0       __stpcpy
 0CCB:1FD0       __streams
 0000:0168       __terminate
 0CCB:1D00       __tiny_ldble
 0000:1577       __TMPNAM
 0000:0000  Abs  __turboCvt
 0000:8087  Abs  __turboFloat
 0000:14D1       __UTOA
 0CCB:007D       __version
 0000:1F02       __VPRINTER
 0000:4A98       __write
 0000:0AB7       __XCVT
 0000:4AD4       __xfclose
 0000:4B11       __xfflush
 0858:01F1       __XMMcopy
 0CCB:19FA       __XMMerror
 0858:0399       __XMMicopy
 0CCB:19FB       __XMMversion
 0CCB:0085       ___brklvl
 0000:2534       ___first
 0000:03D1       ___fpreset
 0000:2536       ___last
 0000:3F4E       ___read
 0000:2538       ___rover
 0CCB:2A10       ___SignalPtr
 0000:4949       ___write

  Address         Publics by Value

 0000:0000  Abs  __turboCvt
 0000:0000  Abs  __cvtfak
 0000:0000  Abs  __setenvp__
 0000:000C  Abs  __AHSHIFT
 0000:0632  Abs  FISRQQ
 0000:0E32  Abs  FICRQQ
 0000:1000  Abs  __AHINCR
 0000:1632  Abs  FIERQQ
 0000:4000  Abs  FJARQQ
 0000:5C32  Abs  FIDRQQ
 0000:8000  Abs  FJSRQQ
 0000:8087  Abs  __turboFloat
 0000:8087  Abs  __floatconvert
 0000:A23D  Abs  FIWRQQ
 0000:C000  Abs  FJCRQQ
 0000:FE32  Abs  FIARQQ
 0000:0154       __cleanup
 0000:0167       __checknull
 0000:0168       __terminate
 0000:01BD       __restorezero
 0000:0249       _abort
 0000:0260       DGROUP@
 0000:0262       __MMODEL
 0000:03D1       ___fpreset
 0000:04B8       __fpuint
 0000:04BC       _fabs
 0000:04CB       __LDTRUNC
 0000:0AB7       __XCVT
 0000:0CBF       __fperror
 0000:0D6E       __POW10
 0000:0E37       _pow10
 0000:0E42       _matherr
 0000:0E6C       _sqrt
 0000:0EAE       _sin
 0000:0EFE       _log
 0000:0F7A       __matherr
 0000:1023       _cos
 0000:1073       F_FTOL@
 0000:1073       FTOL@
 0000:109F       _atexit
 0000:10CC       __dos_getfileattr
 0000:10EC       __dos_setfileattr
 0000:1161       _exit
 0000:1170       __exit
 0000:1182       __cexit
 0000:1190       __c_exit
 0000:119C       F_LXMUL@
 0000:119C       LXMUL@
 0000:11B3       F_SCOPY@
 0000:11B3       SCOPY@
 0000:11CF       _getdate
 0000:11E2       _gettime
 0000:11F5       _getvect
 0000:1204       _setvect
 0000:1215       N_LDIV@
 0000:1218       F_LDIV@
 0000:1218       LDIV@
 0000:121C       N_LUDIV@
 0000:121F       F_LUDIV@
 0000:121F       LUDIV@
 0000:1224       N_LMOD@
 0000:1227       F_LMOD@
 0000:1227       LMOD@
 0000:122C       N_LUMOD@
 0000:122F       LUMOD@
 0000:122F       F_LUMOD@
 0000:12C3       N_LXLSH@
 0000:12C6       LXLSH@
 0000:12C6       F_LXLSH@
 0000:12E4       N_PADA@
 0000:12E7       F_PADA@
 0000:12E7       PADA@
 0000:1328       N_PSBA@
 0000:132B       PSBA@
 0000:132B       F_PSBA@
 0000:136C       N_PADD@
 0000:136F       F_PADD@
 0000:136F       PADD@
 0000:139B       N_PSUB@
 0000:139E       F_PSUB@
 0000:139E       PSUB@
 0000:13CC       N_SPUSH@
 0000:13D2       F_SPUSH@
 0000:13D2       SPUSH@
 0000:13F3       __IOERROR
 0000:142C       __DOSERROR
 0000:143E       _isatty
 0000:144F       __LONGTOA
 0000:14D1       __UTOA
 0000:14F1       _lseek
 0000:151A       __MKNAME
 0000:1577       __TMPNAM
 0000:15CE       N_LXMUL@
 0000:15E5       N_PCMP@
 0000:1606       _outport
 0000:1612       _outportb
 0000:161E       _outpw
 0000:162A       _outp
 0000:1638       __read
 0000:1667       __scanner
 0000:1B80       __scantol
 0000:1D22       _segread
 0000:1D42       _setdate
 0000:1D57       _settime
 0000:1D6C       __setupio
 0000:1E22       _stime
 0000:1E62       _time
 0000:1EBA       _tell
 0000:1ED2       _unlink
 0000:1F02       __VPRINTER
 0000:23C0       __stpcpy
 0000:23F4       _bioskey
 0000:2419       _calloc
 0000:24D3       _delay
 0000:2534       ___first
 0000:2536       ___last
 0000:2538       ___rover
 0000:2674       _farfree
 0000:2674       _free
 0000:277E       _malloc
 0000:2788       _farmalloc
 0000:28E5       _realloc
 0000:28EC       _farrealloc
 0000:29DC       __brk
 0000:2A1B       __sbrk
 0000:2AA9       _farcalloc
 0000:2B39       _int86
 0000:2B6A       _int86x
 0000:2C03       _intr
 0000:2CA7       _ioctl
 0000:2CD0       __REALCVT
 0000:2CD4       __scantod
 0000:2CD8       __scanrslt
 0000:2CDC       __scanpop
 0000:2CE0       _setblock
 0000:2D54       _sound
 0000:2D80       _nosound
 0000:2D87       _atol
 0000:2DFC       _atoi
 0000:2E0D       __chmod
 0000:2E2A       _close
 0000:2E52       __close
 0000:2E70       _eof
 0000:2EE7       _fclose
 0000:2F92       _fflush
 0000:305F       _fgets
 0000:30FB       _flushall
 0000:31F9       __OPENFP
 0000:32C8       __GETFP
 0000:3312       _fopen
 0000:3347       _fprintf
 0000:3457       _fread
 0000:34E5       _fscanf
 0000:358B       _fseek
 0000:360B       _ftell
 0000:3719       __fgetc
 0000:372E       __Nfgetc
 0000:3731       _fgetc
 0000:381F       _fgetchar
 0000:382B       _getenv
 0000:389B       _gets
 0000:391F       _memcpy
 0000:3943       _setmem
 0000:3967       _memset
 0000:39B3       _open
 0000:3B22       __open
 0000:3B71       _printf
 0000:3B8C       __fputc
 0000:3BA8       _fputc
 0000:3D3B       _fputchar
 0000:3D4F       __FPUTN
 0000:3F4E       ___read
 0000:401F       _scanf
 0000:4042       _setvbuf
 0000:419D       _sprintf
 0000:41BF       _vsprintf
 0000:41E0       _strcat
 0000:421F       _strcmp
 0000:424F       _strcpy
 0000:4278       _strlen
 0000:4297       _strncpy
 0000:42C8       _dostounix
 0000:43F2       _unixtodos
 0000:45F6       _tzset
 0000:47E2       __ISDST
 0000:48C1       __Nungetc
 0000:48C4       _ungetc
 0000:492F       _vprintf
 0000:4949       ___write
 0000:4A98       __write
 0000:4AD4       __xfclose
 0000:4B11       __xfflush
 0000:4B49       __fmemcpy
 0000:4B6D       __fsetmem
 0000:4B91       __fmemset
 04BB:0000       _main
 04BB:057E       _hline
 051A:000A       _SetupMoviePackage
 051A:01F8       _CleanupMoviePackage
 051A:0222       _initMovie
 051A:0266       _setMovie
 051A:02A4       _runMovie
 057D:000C       _goImages
 057D:008B       _killImages
 057D:00BD       _newImage
 057D:012E       _downloadImage
 057D:015B       _uploadImage
 057D:0188       _drawText
 057D:01D0       _loadImage
 057D:02A7       _saveImage
 05CE:000A       _initResponse
 05CE:0057       _freeResponse
 05CE:007B       _checkResponse
 05CE:00E8       _responseReady
 05DF:0001       _error
 05E3:0004       _msISR
 05E3:0038       _InstallTimer
 05E3:0060       _InitTimer
 05E3:0087       _Wait
 05E3:00AD       _SwitchTimer
 05F0:0007       _FlushKeyBuf
 05F0:0025       _KeyWaiting
 05F0:0043       _GetKey
 05F0:0053       _KeyPress
 05F0:008C       _GetStick
 05FB:0009       _setPicSettings
 05FB:0031       _drawPicture
 05FB:0371       _setVideoMode
 05FB:03AA       _clearScreen
 05FB:048D       _Retrace
 05FB:049D       _setPalette
 05FB:0527       _writePalette
 05FB:05C2       _readPalette
 05FB:066C       _paletteSize
 05FB:0676       _addColor
 05FB:06AD       _findColor
 05FB:06FE       _makePalette
 0675:0000       _rotatexy
 0675:00F1       _openfontfile
 0675:01BC       _blobcopy
 0675:01E4       _bgi_closefont
 0675:0221       _bgi_deletefont
 0675:024E       _bgi_fontpath
 0675:0266       _bgi_getbasecharsize
 0675:02AF       _bgi_gettextsettings
 0675:02E5       _bgi_installuserfont
 0675:0355       _bgi_outtext
 0675:08CF       _bgi_outtextxy
 0675:0918       _bgi_registerbgifont
 0675:0961       _bgi_registerfarbgifont
 0675:09AD       _bgi_settextjustify
 0675:09DA       _bgi_settextstyle
 0675:0C31       _bgi_setusercharsize
 0675:0CF2       _bgi_textheight
 0675:0D32       _bgi_textwidth
 0675:0E95       _loadCHRfont
 0675:11AA       _unloadCHRfont
 0675:11C5       _decodeCHRstroke
 0675:1218       _drawCHRchar
 0675:13D7       _loadROMfont
 0675:16CA       _unloadROMfont
 0675:16F4       _drawROMchar
 0675:1908       _loadGEMfont
 0675:1B8D       _unloadGEMfont
 0675:1BB7       _drawGEMchar
 0858:0004       _XMMlibinit
 0858:0041       _XMMgetversion
 0858:0075       _XMMcoreleft
 0858:00BB       _XMMallcoreleft
 0858:0103       _XMMalloc
 0858:015E       _XMMrealloc
 0858:01BC       _XMMfree
 0858:01F1       __XMMcopy
 0858:0399       __XMMicopy
 08A8:000A       _getlinesettings
 08A8:000F       _setlinestyle
 08A8:0014       _line
 08A8:0019       _lineto
 08A8:001E       _getx
 08A8:0028       _gety
 08A8:0032       _getcolor
 08A8:003C       _getbkcolor
 08A8:0045       _moveto
 08A8:0056       _setcolor
 08A8:0061       _resetbounds
 08A8:0075       _SetGubs
 08A8:00CF       _putpixel
 08CA:0004       _putsquare3
 08CA:005B       _puttriangle3
 08CA:0107       _putcircle5
 08CA:01CA       _puttriangle
 08CA:0299       _putslopeline
 08CA:042C       _putsquare
 08CA:0511       _putrectangle
 08CA:0600       _putcircle
 08CA:06E1       _writeppm
 08CA:07D0       _putrandombox
 08CA:08F5       _putcheckerbox
 08CA:09DE       _putcross
 08CA:0A60       _putvline
 08CA:0A92       _puthline
 08CA:0AC4       _assign
 08CA:0B2B       _distribute
 08CA:0B93       _randint
 08CA:0BD8       _gaussdev
 08CA:0CA9       _ran2
 08CA:0F82       _gen_init
 08CA:1163       _thankyou
 08CA:1237       _audio
 09F6:2152       e086_Entry
 09F6:26E0       e086_Shortcut
 0C6E:0306       e087_Entry
 0C6E:03C6       e087_Shortcut
 0C6E:0430       e087_Trap
 0CCB:0000       DATASEG@
 0CCB:005B       __Int0Vector
 0CCB:005F       __Int4Vector
 0CCB:0063       __Int5Vector
 0CCB:0067       __Int6Vector
 0CCB:006B       __C0argc
 0CCB:006D       __C0argv
 0CCB:0071       __C0environ
 0CCB:0075       __envLng
 0CCB:0077       __envseg
 0CCB:0079       __envSize
 0CCB:007B       __psp
 0CCB:007D       __osversion
 0CCB:007D       __osmajor
 0CCB:007D       __version
 0CCB:007E       __osminor
 0CCB:007F       _errno
 0CCB:0081       __StartTime
 0CCB:0085       ___brklvl
 0CCB:0087       __heapbase
 0CCB:008B       __brklvl
 0CCB:008F       __heaptop
 0CCB:035A       _font_path
 0CCB:03EA       _do_underline
 0CCB:03EC       _do_bold
 0CCB:03EE       _do_italics
 0CCB:03F0       _do_uselinestyle
 0CCB:03F2       _do_usebkcolor
 0CCB:03F4       _sin_table
 0CCB:0994       _cos_table
 0CCB:0F34       _userxscale
 0CCB:0F38       _useryscale
 0CCB:0F3C       _font_scale
 0CCB:0F68       _textinfo
 0CCB:0F72       _font_data
 0CCB:12FC       _font_list
 0CCB:19FA       __XMMerror
 0CCB:19FB       __XMMversion
 0CCB:19FD       _xmsif_vers_vers
 0CCB:1A1F       _xmsif_vers_date
 0CCB:1A28       _xmsif_vers_time
 0CCB:1A31       XMMentry
 0CCB:1A35       XMMinit
 0CCB:1A74       _bound_minx
 0CCB:1A76       _bound_maxx
 0CCB:1A78       _bound_miny
 0CCB:1A7A       _bound_maxy
 0CCB:1CD0       __8087
 0CCB:1CE0       __protected
 0CCB:1CE1       __LDT
 0CCB:1CE4       __default87
 0CCB:1CE6       __huge_flt
 0CCB:1CEA       __huge_dble
 0CCB:1CF2       __huge_ldble
 0CCB:1CFC       __indefinite
 0CCB:1D00       __tiny_ldble
 0CCB:1D0A       __mathwhy
 0CCB:1EC0       __atexitcnt
 0CCB:1EC2       __ctype
 0CCB:1FC4       __exitbuf
 0CCB:1FC8       __exitfopen
 0CCB:1FCC       __exitopen
 0CCB:1FD0       __streams
 0CCB:2160       __nfile
 0CCB:2162       __openfd
 0CCB:218A       __fmode
 0CCB:218C       __notUmask
 0CCB:218E       __fpstklen
 0CCB:2190       __doserrno
 0CCB:2192       __dosErrorToSV
 0CCB:2276       __stklen
 0CCB:2318       _environ
 0CCB:232E       __monthDay
 0CCB:2348       _tzname
 0CCB:2350       _timezone
 0CCB:2354       _daylight
 0CCB:2362       __RealCvtVector
 0CCB:2366       __ScanTodVector
 0CCB:2396       _length
 0CCB:259A       _picBuf
 0CCB:25A2       _Timer
 0CCB:25EE       _Palette
 0CCB:2982       __atexittbl
 0CCB:2A10       ___SignalPtr
 0F6D:0000       __emu

Program entry point at 0000:0000

