\BOOKMARK [1][-]{section.1}{\376\377\000I\000n\000t\000r\000o\000d\000u\000c\000t\000i\000o\000n}{}% 1
\BOOKMARK [2][-]{subsection.1.1}{\376\377\000A\000\040\000k\000e\000y\000\040\000i\000n\000t\000e\000g\000r\000a\000l}{section.1}% 2
\BOOKMARK [2][-]{subsection.1.2}{\376\377\000C\000o\000n\000t\000r\000i\000b\000u\000t\000i\000o\000n}{section.1}% 3
\BOOKMARK [1][-]{section.2}{\376\377\000T\000h\000e\000\040\000a\000l\000t\000e\000r\000n\000a\000t\000i\000v\000e\000s}{}% 4
\BOOKMARK [1][-]{section.3}{\376\377\000T\000h\000e\000\040\000l\000a\000t\000t\000i\000c\000e\000\040\000r\000a\000c\000e}{}% 5
\BOOKMARK [2][-]{subsection.3.1}{\376\377\000D\000e\000t\000a\000i\000l\000s\000\040\000o\000f\000\040\000a\000n\000\040\000a\000d\000a\000p\000t\000i\000v\000e\000\040\000l\000a\000t\000t\000i\000c\000e\000\040\000c\000h\000o\000i\000c\000e}{section.3}% 6
\BOOKMARK [2][-]{subsection.3.2}{\376\377\000D\000e\000r\000i\000v\000a\000t\000i\000v\000e\000s}{section.3}% 7
\BOOKMARK [2][-]{subsection.3.3}{\376\377\000B\000e\000n\000e\000f\000i\000t\000s\000\040\000o\000f\000\040\000m\000a\000i\000n\000t\000a\000i\000n\000i\000n\000g\000\040\000t\000h\000e\000\040\000s\000u\000r\000v\000i\000v\000a\000l\000\040\000f\000i\000e\000l\000d}{section.3}% 8
\BOOKMARK [1][-]{section.4}{\376\377\000T\000h\000e\000\040\000c\000o\000v\000a\000r\000i\000a\000n\000c\000e\000\040\000g\000r\000a\000m\000m\000a\000r}{}% 9
\BOOKMARK [2][-]{subsection.4.1}{\376\377\000F\000a\000c\000t\000o\000r\000\040\000c\000o\000v\000a\000r\000i\000a\000n\000c\000e\000\040\000w\000i\000t\000h\000\040\000s\000h\000a\000r\000p\000n\000e\000s\000s\000\040\000a\000s\000\040\000a\000\040\000g\000u\000i\000d\000e}{section.4}% 10
\BOOKMARK [2][-]{subsection.4.2}{\376\377\000B\000l\000o\000c\000k\000s\000\040\000a\000n\000d\000\040\000n\000e\000s\000t\000e\000d\000\040\000c\000o\000v\000a\000r\000i\000a\000n\000c\000e}{section.4}% 11
\BOOKMARK [2][-]{subsection.4.3}{\376\377\000T\000r\000e\000e\000s}{section.4}% 12
\BOOKMARK [1][-]{section.5}{\376\377\000J\000a\000c\000o\000b\000i\000a\000n\000s\000,\000\040\000t\000i\000e\000\040\000d\000e\000n\000s\000i\000t\000i\000e\000s\000,\000\040\000i\000n\000v\000e\000r\000s\000i\000o\000n}{}% 13
\BOOKMARK [2][-]{subsection.5.1}{\376\377\000R\000e\000l\000a\000t\000e\000d\000\040\000l\000i\000t\000e\000r\000a\000t\000u\000r\000e}{section.5}% 14
\BOOKMARK [2][-]{subsection.5.2}{\376\377\000J\000a\000c\000o\000b\000i\000a\000n\000\040\000c\000o\000m\000p\000u\000t\000a\000t\000i\000o\000n}{section.5}% 15
\BOOKMARK [2][-]{subsection.5.3}{\376\377\000I\000n\000v\000e\000r\000s\000i\000o\000n}{section.5}% 16
\BOOKMARK [2][-]{subsection.5.4}{\376\377\000R\000e\000l\000a\000t\000e\000d\000\040\000w\000o\000r\000k}{section.5}% 17
\BOOKMARK [2][-]{subsection.5.5}{\376\377\000F\000i\000t\000t\000i\000n\000g\000\040\000o\000b\000j\000e\000c\000t\000i\000v\000e}{section.5}% 18
\BOOKMARK [2][-]{subsection.5.6}{\376\377\000I\000n\000v\000e\000r\000s\000i\000o\000n\000\040\000a\000l\000g\000o\000r\000i\000t\000h\000m}{section.5}% 19
\BOOKMARK [2][-]{subsection.5.7}{\376\377\000R\000a\000t\000i\000o\000n\000a\000l\000e\000\040\000f\000o\000r\000\040\000d\000e\000f\000a\000u\000l\000t\000i\000n\000g\000\040\000t\000o\000\040\000a\000\040\000d\000i\000a\000g\000o\000n\000a\000l\000\040\000s\000o\000l\000v\000e\000r}{section.5}% 20
\BOOKMARK [1][-]{section.6}{\376\377\000A\000p\000p\000r\000o\000x\000i\000m\000a\000t\000e\000\040\000r\000e\000s\000u\000l\000t\000s\000\040\000f\000o\000r\000\040\000d\000e\000n\000s\000e\000\040\000c\000o\000v\000a\000r\000i\000a\000n\000c\000e}{}% 21
\BOOKMARK [2][-]{subsection.6.1}{\376\377\000H\000e\000u\000r\000i\000s\000t\000i\000c\000\040\000f\000i\000t\000t\000i\000n\000g\000\040\000a\000l\000g\000o\000r\000i\000t\000h\000m}{section.6}% 22
\BOOKMARK [2][-]{subsection.6.2}{\376\377\000S\000y\000m\000m\000e\000t\000r\000y\000,\000\040\000a\000n\000d\000\040\000i\000t\000s\000\040\000c\000h\000a\000l\000l\000e\000n\000g\000e\000s}{section.6}% 23
\BOOKMARK [2][-]{subsection.6.3}{\376\377\000A\000c\000c\000u\000r\000a\000c\000y}{section.6}% 24
\BOOKMARK [2][-]{subsection.6.4}{\376\377\000T\000e\000s\000t\000i\000n\000g\000\040\000t\000h\000e\000\040\000c\000h\000o\000i\000c\000e\000\040\000o\000f\000\040\000o\000b\000j\000e\000c\000t\000i\000v\000e}{section.6}% 25
\BOOKMARK [2][-]{subsection.6.5}{\376\377\000T\000e\000s\000t\000i\000n\000g\000\040\000a\000g\000a\000i\000n\000s\000t\000\040\000d\000i\000f\000f\000e\000r\000e\000n\000t\000\040\000c\000o\000v\000a\000r\000i\000a\000n\000c\000e\000\040\000g\000e\000n\000e\000r\000a\000t\000i\000o\000n\000\040\000f\000a\000m\000i\000l\000i\000e\000s}{section.6}% 26
\BOOKMARK [2][-]{subsection.6.6}{\376\377\000K\000e\000r\000n\000e\000l\000\040\000c\000o\000v\000a\000r\000i\000a\000n\000c\000e\000\040\000a\000s\000\040\000a\000\040\000w\000e\000a\000k\000n\000e\000s\000s}{section.6}% 27
\BOOKMARK [1][-]{section.7}{\376\377\000B\000e\000n\000c\000h\000m\000a\000r\000k\000s}{}% 28
\BOOKMARK [1][-]{section.8}{\376\377\000S\000u\000m\000m\000a\000r\000y}{}% 29
\BOOKMARK [1][-]{section.9}{\376\377\000A\000v\000a\000i\000l\000a\000b\000i\000l\000i\000t\000y}{}% 30
\BOOKMARK [1][-]{appendix.A}{\376\377\000E\000x\000t\000r\000a\000p\000o\000l\000a\000t\000e\000d\000\040\000G\000H\000K\000\040\000c\000o\000s\000t\000\040\000b\000r\000a\000c\000k\000e\000t\000s}{}% 31
